Component: ARM Compiler 5.06 update 6 (build 750) Tool: armlink [4d35ed]

==============================================================================

Section Cross References

    startup_stm32f103xb.o(RESET) refers to startup_stm32f103xb.o(STACK) for __initial_sp
    startup_stm32f103xb.o(RESET) refers to startup_stm32f103xb.o(.text) for Reset_Handler
    startup_stm32f103xb.o(RESET) refers to stm32f1xx_it.o(i.NMI_Handler) for NMI_Handler
    startup_stm32f103xb.o(RESET) refers to stm32f1xx_it.o(i.HardFault_Handler) for HardFault_Handler
    startup_stm32f103xb.o(RESET) refers to stm32f1xx_it.o(i.MemManage_Handler) for MemManage_Handler
    startup_stm32f103xb.o(RESET) refers to stm32f1xx_it.o(i.BusFault_Handler) for BusFault_Handler
    startup_stm32f103xb.o(RESET) refers to stm32f1xx_it.o(i.UsageFault_Handler) for UsageFault_Handler
    startup_stm32f103xb.o(RESET) refers to stm32f1xx_it.o(i.SVC_Handler) for SVC_Handler
    startup_stm32f103xb.o(RESET) refers to stm32f1xx_it.o(i.DebugMon_Handler) for DebugMon_Handler
    startup_stm32f103xb.o(RESET) refers to stm32f1xx_it.o(i.PendSV_Handler) for PendSV_Handler
    startup_stm32f103xb.o(RESET) refers to stm32f1xx_it.o(i.SysTick_Handler) for SysTick_Handler
    startup_stm32f103xb.o(RESET) refers to stm32f1xx_it.o(i.DMA1_Channel1_IRQHandler) for DMA1_Channel1_IRQHandler
    startup_stm32f103xb.o(RESET) refers to stm32f1xx_it.o(i.TIM2_IRQHandler) for TIM2_IRQHandler
    startup_stm32f103xb.o(RESET) refers to stm32f1xx_it.o(i.TIM3_IRQHandler) for TIM3_IRQHandler
    startup_stm32f103xb.o(RESET) refers to stm32f1xx_it.o(i.USART1_IRQHandler) for USART1_IRQHandler
    startup_stm32f103xb.o(RESET) refers to stm32f1xx_it.o(i.USART3_IRQHandler) for USART3_IRQHandler
    startup_stm32f103xb.o(RESET) refers to stm32f1xx_it.o(i.EXTI15_10_IRQHandler) for EXTI15_10_IRQHandler
    startup_stm32f103xb.o(.text) refers to system_stm32f1xx.o(i.SystemInit) for SystemInit
    startup_stm32f103xb.o(.text) refers to entry.o(.ARM.Collect$$$$00000000) for __main
    main.o(i.AT_poll) refers to main.o(.data) for .data
    main.o(i.AT_send) refers to main.o(i.AT_poll) for AT_poll
    main.o(i.AT_send) refers to main.o(i.delay) for delay
    main.o(i.AT_send) refers to main.o(.data) for .data
    main.o(i.MX_ADC1_Init) refers to memseta.o(.text) for __aeabi_memclr4
    main.o(i.MX_ADC1_Init) refers to main.o(i.LL_APB2_GRP1_EnableClock) for LL_APB2_GRP1_EnableClock
    main.o(i.MX_ADC1_Init) refers to stm32f1xx_ll_gpio.o(i.LL_GPIO_Init) for LL_GPIO_Init
    main.o(i.MX_ADC1_Init) refers to stm32f1xx_ll_adc.o(i.LL_ADC_Init) for LL_ADC_Init
    main.o(i.MX_ADC1_Init) refers to stm32f1xx_ll_adc.o(i.LL_ADC_CommonInit) for LL_ADC_CommonInit
    main.o(i.MX_ADC1_Init) refers to stm32f1xx_ll_adc.o(i.LL_ADC_REG_Init) for LL_ADC_REG_Init
    main.o(i.MX_ADC1_Init) refers to main.o(i.LL_ADC_REG_SetSequencerRanks) for LL_ADC_REG_SetSequencerRanks
    main.o(i.MX_ADC1_Init) refers to main.o(i.LL_ADC_SetChannelSamplingTime) for LL_ADC_SetChannelSamplingTime
    main.o(i.MX_ADC1_Init) refers to main.o(.constdata) for .constdata
    main.o(i.MX_DMA_Init) refers to main.o(i.NVIC_GetPriorityGrouping) for NVIC_GetPriorityGrouping
    main.o(i.MX_DMA_Init) refers to main.o(i.NVIC_EncodePriority) for NVIC_EncodePriority
    main.o(i.MX_DMA_Init) refers to main.o(i.NVIC_SetPriority) for NVIC_SetPriority
    main.o(i.MX_DMA_Init) refers to main.o(i.NVIC_EnableIRQ) for NVIC_EnableIRQ
    main.o(i.MX_DMA_Init) refers to main.o(.constdata) for .constdata
    main.o(i.MX_DMA_Init) refers to main.o(.data) for .data
    main.o(i.MX_GPIO_Init) refers to memseta.o(.text) for __aeabi_memclr4
    main.o(i.MX_GPIO_Init) refers to main.o(i.LL_APB2_GRP1_EnableClock) for LL_APB2_GRP1_EnableClock
    main.o(i.MX_GPIO_Init) refers to stm32f1xx_ll_gpio.o(i.LL_GPIO_Init) for LL_GPIO_Init
    main.o(i.MX_GPIO_Init) refers to main.o(i.LL_GPIO_AF_SetEXTISource) for LL_GPIO_AF_SetEXTISource
    main.o(i.MX_GPIO_Init) refers to stm32f1xx_ll_exti.o(i.LL_EXTI_Init) for LL_EXTI_Init
    main.o(i.MX_GPIO_Init) refers to main.o(i.LL_GPIO_SetPinMode) for LL_GPIO_SetPinMode
    main.o(i.MX_GPIO_Init) refers to main.o(i.NVIC_GetPriorityGrouping) for NVIC_GetPriorityGrouping
    main.o(i.MX_GPIO_Init) refers to main.o(i.NVIC_EncodePriority) for NVIC_EncodePriority
    main.o(i.MX_GPIO_Init) refers to main.o(i.NVIC_SetPriority) for NVIC_SetPriority
    main.o(i.MX_GPIO_Init) refers to main.o(i.NVIC_EnableIRQ) for NVIC_EnableIRQ
    main.o(i.MX_TIM2_Init) refers to memseta.o(.text) for __aeabi_memclr4
    main.o(i.MX_TIM2_Init) refers to main.o(i.LL_APB1_GRP1_EnableClock) for LL_APB1_GRP1_EnableClock
    main.o(i.MX_TIM2_Init) refers to main.o(i.NVIC_GetPriorityGrouping) for NVIC_GetPriorityGrouping
    main.o(i.MX_TIM2_Init) refers to main.o(i.NVIC_EncodePriority) for NVIC_EncodePriority
    main.o(i.MX_TIM2_Init) refers to main.o(i.NVIC_SetPriority) for NVIC_SetPriority
    main.o(i.MX_TIM2_Init) refers to main.o(i.NVIC_EnableIRQ) for NVIC_EnableIRQ
    main.o(i.MX_TIM2_Init) refers to stm32f1xx_ll_tim.o(i.LL_TIM_Init) for LL_TIM_Init
    main.o(i.MX_TIM3_Init) refers to memseta.o(.text) for __aeabi_memclr4
    main.o(i.MX_TIM3_Init) refers to main.o(i.LL_APB1_GRP1_EnableClock) for LL_APB1_GRP1_EnableClock
    main.o(i.MX_TIM3_Init) refers to main.o(i.NVIC_GetPriorityGrouping) for NVIC_GetPriorityGrouping
    main.o(i.MX_TIM3_Init) refers to main.o(i.NVIC_EncodePriority) for NVIC_EncodePriority
    main.o(i.MX_TIM3_Init) refers to main.o(i.NVIC_SetPriority) for NVIC_SetPriority
    main.o(i.MX_TIM3_Init) refers to main.o(i.NVIC_EnableIRQ) for NVIC_EnableIRQ
    main.o(i.MX_TIM3_Init) refers to stm32f1xx_ll_tim.o(i.LL_TIM_Init) for LL_TIM_Init
    main.o(i.MX_USART1_UART_Init) refers to memseta.o(.text) for __aeabi_memclr4
    main.o(i.MX_USART1_UART_Init) refers to main.o(i.LL_APB2_GRP1_EnableClock) for LL_APB2_GRP1_EnableClock
    main.o(i.MX_USART1_UART_Init) refers to stm32f1xx_ll_gpio.o(i.LL_GPIO_Init) for LL_GPIO_Init
    main.o(i.MX_USART1_UART_Init) refers to main.o(i.NVIC_GetPriorityGrouping) for NVIC_GetPriorityGrouping
    main.o(i.MX_USART1_UART_Init) refers to main.o(i.NVIC_EncodePriority) for NVIC_EncodePriority
    main.o(i.MX_USART1_UART_Init) refers to main.o(i.NVIC_SetPriority) for NVIC_SetPriority
    main.o(i.MX_USART1_UART_Init) refers to main.o(i.NVIC_EnableIRQ) for NVIC_EnableIRQ
    main.o(i.MX_USART1_UART_Init) refers to stm32f1xx_ll_usart.o(i.LL_USART_Init) for LL_USART_Init
    main.o(i.MX_USART3_UART_Init) refers to memseta.o(.text) for __aeabi_memclr4
    main.o(i.MX_USART3_UART_Init) refers to main.o(i.LL_APB1_GRP1_EnableClock) for LL_APB1_GRP1_EnableClock
    main.o(i.MX_USART3_UART_Init) refers to main.o(i.LL_APB2_GRP1_EnableClock) for LL_APB2_GRP1_EnableClock
    main.o(i.MX_USART3_UART_Init) refers to stm32f1xx_ll_gpio.o(i.LL_GPIO_Init) for LL_GPIO_Init
    main.o(i.MX_USART3_UART_Init) refers to main.o(i.NVIC_GetPriorityGrouping) for NVIC_GetPriorityGrouping
    main.o(i.MX_USART3_UART_Init) refers to main.o(i.NVIC_EncodePriority) for NVIC_EncodePriority
    main.o(i.MX_USART3_UART_Init) refers to main.o(i.NVIC_SetPriority) for NVIC_SetPriority
    main.o(i.MX_USART3_UART_Init) refers to main.o(i.NVIC_EnableIRQ) for NVIC_EnableIRQ
    main.o(i.MX_USART3_UART_Init) refers to stm32f1xx_ll_usart.o(i.LL_USART_Init) for LL_USART_Init
    main.o(i.SystemClock_Config) refers to stm32f1xx_ll_utils.o(i.LL_Init1msTick) for LL_Init1msTick
    main.o(i.SystemClock_Config) refers to stm32f1xx_ll_utils.o(i.LL_SetSystemCoreClock) for LL_SetSystemCoreClock
    main.o(i.main) refers to main.o(i.LL_APB2_GRP1_EnableClock) for LL_APB2_GRP1_EnableClock
    main.o(i.main) refers to main.o(i.LL_APB1_GRP1_EnableClock) for LL_APB1_GRP1_EnableClock
    main.o(i.main) refers to main.o(i.SystemClock_Config) for SystemClock_Config
    main.o(i.main) refers to main.o(i.MX_GPIO_Init) for MX_GPIO_Init
    main.o(i.main) refers to main.o(i.MX_USART1_UART_Init) for MX_USART1_UART_Init
    main.o(i.main) refers to main.o(i.MX_USART3_UART_Init) for MX_USART3_UART_Init
    main.o(i.main) refers to main.o(i.MX_TIM2_Init) for MX_TIM2_Init
    main.o(i.main) refers to main.o(i.MX_TIM3_Init) for MX_TIM3_Init
    main.o(i.main) refers to main.o(i.MX_ADC1_Init) for MX_ADC1_Init
    main.o(i.main) refers to main.o(i.MX_DMA_Init) for MX_DMA_Init
    main.o(i.main) refers to ds18b20.o(i.DS18B20_Init) for DS18B20_Init
    main.o(i.main) refers to printfb.o(i.__0printf$bare) for __2printf
    main.o(i.main) refers to ds18b20.o(i.DS18B20_GetTemp_SkipRom) for DS18B20_GetTemp_SkipRom
    main.o(i.main) refers to fmul.o(.text) for __aeabi_fmul
    main.o(i.main) refers to ffixui.o(.text) for __aeabi_f2uiz
    main.o(i.main) refers to main.o(i.AT_send) for AT_send
    main.o(i.main) refers to main.o(.data) for .data
    stm32f1xx_it.o(i.DMA1_Channel1_IRQHandler) refers to main.o(.data) for aADCxConvertedData
    stm32f1xx_it.o(i.DMA1_Channel1_IRQHandler) refers to stm32f1xx_it.o(.data) for .data
    stm32f1xx_it.o(i.EXTI15_10_IRQHandler) refers to stm32f1xx_it.o(i.LL_EXTI_IsActiveFlag_0_31) for LL_EXTI_IsActiveFlag_0_31
    stm32f1xx_it.o(i.USART3_IRQHandler) refers to stm32f1xx_it.o(.bss) for .bss
    stm32f1xx_it.o(i.USART3_IRQHandler) refers to stm32f1xx_it.o(.data) for .data
    stm32f1xx_it.o(i.USART3_IRQHandler) refers to main.o(.data) for Radio_OK_Received
    ds18b20.o(i.DS18B20_GetTemp_MatchRom) refers to ds18b20.o(i.DS18B20_MatchRom) for DS18B20_MatchRom
    ds18b20.o(i.DS18B20_GetTemp_MatchRom) refers to ds18b20.o(i.DS18B20_WriteByte) for DS18B20_WriteByte
    ds18b20.o(i.DS18B20_GetTemp_MatchRom) refers to ds18b20.o(i.DS18B20_ReadByte) for DS18B20_ReadByte
    ds18b20.o(i.DS18B20_GetTemp_MatchRom) refers to dflti.o(.text) for __aeabi_i2d
    ds18b20.o(i.DS18B20_GetTemp_MatchRom) refers to dmul.o(.text) for __aeabi_dmul
    ds18b20.o(i.DS18B20_GetTemp_MatchRom) refers to d2f.o(.text) for __aeabi_d2f
    ds18b20.o(i.DS18B20_GetTemp_SkipRom) refers to ds18b20.o(i.DS18B20_SkipRom) for DS18B20_SkipRom
    ds18b20.o(i.DS18B20_GetTemp_SkipRom) refers to ds18b20.o(i.DS18B20_WriteByte) for DS18B20_WriteByte
    ds18b20.o(i.DS18B20_GetTemp_SkipRom) refers to ds18b20.o(i.DS18B20_ReadByte) for DS18B20_ReadByte
    ds18b20.o(i.DS18B20_GetTemp_SkipRom) refers to dflti.o(.text) for __aeabi_i2d
    ds18b20.o(i.DS18B20_GetTemp_SkipRom) refers to dscalb.o(.text) for __ARM_scalbn
    ds18b20.o(i.DS18B20_GetTemp_SkipRom) refers to d2f.o(.text) for __aeabi_d2f
    ds18b20.o(i.DS18B20_Init) refers to stm32f1xx_ll_gpio.o(i.LL_GPIO_StructInit) for LL_GPIO_StructInit
    ds18b20.o(i.DS18B20_Init) refers to stm32f1xx_ll_gpio.o(i.LL_GPIO_Init) for LL_GPIO_Init
    ds18b20.o(i.DS18B20_Init) refers to ds18b20.o(i.DS18B20_Mode_Out_PP) for DS18B20_Mode_Out_PP
    ds18b20.o(i.DS18B20_Init) refers to ds18b20.o(i.DS18B20_Rst) for DS18B20_Rst
    ds18b20.o(i.DS18B20_Init) refers to ds18b20.o(i.DS18B20_Presence) for DS18B20_Presence
    ds18b20.o(i.DS18B20_MatchRom) refers to ds18b20.o(i.DS18B20_Rst) for DS18B20_Rst
    ds18b20.o(i.DS18B20_MatchRom) refers to ds18b20.o(i.DS18B20_Presence) for DS18B20_Presence
    ds18b20.o(i.DS18B20_MatchRom) refers to ds18b20.o(i.DS18B20_WriteByte) for DS18B20_WriteByte
    ds18b20.o(i.DS18B20_Presence) refers to ds18b20.o(i.DS18B20_Mode_IPU) for DS18B20_Mode_IPU
    ds18b20.o(i.DS18B20_Presence) refers to ds18b20.o(i.DS18B20_Delay) for DS18B20_Delay
    ds18b20.o(i.DS18B20_ReadByte) refers to ds18b20.o(i.DS18B20_Mode_Out_PP) for DS18B20_Mode_Out_PP
    ds18b20.o(i.DS18B20_ReadByte) refers to ds18b20.o(i.DS18B20_Delay) for DS18B20_Delay
    ds18b20.o(i.DS18B20_ReadByte) refers to ds18b20.o(i.DS18B20_Mode_IPU) for DS18B20_Mode_IPU
    ds18b20.o(i.DS18B20_ReadId) refers to ds18b20.o(i.DS18B20_WriteByte) for DS18B20_WriteByte
    ds18b20.o(i.DS18B20_ReadId) refers to ds18b20.o(i.DS18B20_ReadByte) for DS18B20_ReadByte
    ds18b20.o(i.DS18B20_Rst) refers to ds18b20.o(i.DS18B20_Mode_Out_PP) for DS18B20_Mode_Out_PP
    ds18b20.o(i.DS18B20_Rst) refers to ds18b20.o(i.DS18B20_Delay) for DS18B20_Delay
    ds18b20.o(i.DS18B20_SkipRom) refers to ds18b20.o(i.DS18B20_Rst) for DS18B20_Rst
    ds18b20.o(i.DS18B20_SkipRom) refers to ds18b20.o(i.DS18B20_Presence) for DS18B20_Presence
    ds18b20.o(i.DS18B20_SkipRom) refers to ds18b20.o(i.DS18B20_WriteByte) for DS18B20_WriteByte
    ds18b20.o(i.DS18B20_WriteByte) refers to ds18b20.o(i.DS18B20_Mode_Out_PP) for DS18B20_Mode_Out_PP
    ds18b20.o(i.DS18B20_WriteByte) refers to ds18b20.o(i.DS18B20_Delay) for DS18B20_Delay
    stm32f1xx_ll_gpio.o(i.LL_GPIO_DeInit) refers to stm32f1xx_ll_gpio.o(i.LL_APB2_GRP1_ForceReset) for LL_APB2_GRP1_ForceReset
    stm32f1xx_ll_gpio.o(i.LL_GPIO_DeInit) refers to stm32f1xx_ll_gpio.o(i.LL_APB2_GRP1_ReleaseReset) for LL_APB2_GRP1_ReleaseReset
    stm32f1xx_ll_dma.o(i.LL_DMA_Init) refers to stm32f1xx_ll_dma.o(.constdata) for .constdata
    stm32f1xx_ll_usart.o(i.LL_USART_Init) refers to stm32f1xx_ll_rcc.o(i.LL_RCC_GetSystemClocksFreq) for LL_RCC_GetSystemClocksFreq
    stm32f1xx_ll_rcc.o(i.LL_RCC_GetADCClockFreq) refers to stm32f1xx_ll_rcc.o(i.RCC_GetSystemClockFreq) for RCC_GetSystemClockFreq
    stm32f1xx_ll_rcc.o(i.LL_RCC_GetADCClockFreq) refers to stm32f1xx_ll_rcc.o(i.RCC_GetHCLKClockFreq) for RCC_GetHCLKClockFreq
    stm32f1xx_ll_rcc.o(i.LL_RCC_GetADCClockFreq) refers to stm32f1xx_ll_rcc.o(i.RCC_GetPCLK2ClockFreq) for RCC_GetPCLK2ClockFreq
    stm32f1xx_ll_rcc.o(i.LL_RCC_GetSystemClocksFreq) refers to stm32f1xx_ll_rcc.o(i.RCC_GetSystemClockFreq) for RCC_GetSystemClockFreq
    stm32f1xx_ll_rcc.o(i.LL_RCC_GetSystemClocksFreq) refers to stm32f1xx_ll_rcc.o(i.RCC_GetHCLKClockFreq) for RCC_GetHCLKClockFreq
    stm32f1xx_ll_rcc.o(i.LL_RCC_GetSystemClocksFreq) refers to stm32f1xx_ll_rcc.o(i.RCC_GetPCLK1ClockFreq) for RCC_GetPCLK1ClockFreq
    stm32f1xx_ll_rcc.o(i.LL_RCC_GetSystemClocksFreq) refers to stm32f1xx_ll_rcc.o(i.RCC_GetPCLK2ClockFreq) for RCC_GetPCLK2ClockFreq
    stm32f1xx_ll_rcc.o(i.LL_RCC_GetUSBClockFreq) refers to stm32f1xx_ll_rcc.o(i.RCC_PLL_GetFreqDomain_SYS) for RCC_PLL_GetFreqDomain_SYS
    stm32f1xx_ll_rcc.o(i.RCC_GetHCLKClockFreq) refers to system_stm32f1xx.o(.constdata) for AHBPrescTable
    stm32f1xx_ll_rcc.o(i.RCC_GetPCLK1ClockFreq) refers to system_stm32f1xx.o(.constdata) for APBPrescTable
    stm32f1xx_ll_rcc.o(i.RCC_GetPCLK2ClockFreq) refers to system_stm32f1xx.o(.constdata) for APBPrescTable
    stm32f1xx_ll_rcc.o(i.RCC_GetSystemClockFreq) refers to stm32f1xx_ll_rcc.o(i.RCC_PLL_GetFreqDomain_SYS) for RCC_PLL_GetFreqDomain_SYS
    stm32f1xx_ll_utils.o(i.LL_PLL_ConfigSystemClock_HSE) refers to stm32f1xx_ll_utils.o(i.UTILS_PLL_IsBusy) for UTILS_PLL_IsBusy
    stm32f1xx_ll_utils.o(i.LL_PLL_ConfigSystemClock_HSE) refers to stm32f1xx_ll_utils.o(i.UTILS_GetPLLOutputFrequency) for UTILS_GetPLLOutputFrequency
    stm32f1xx_ll_utils.o(i.LL_PLL_ConfigSystemClock_HSE) refers to stm32f1xx_ll_utils.o(i.LL_RCC_PLL_ConfigDomain_SYS) for LL_RCC_PLL_ConfigDomain_SYS
    stm32f1xx_ll_utils.o(i.LL_PLL_ConfigSystemClock_HSE) refers to stm32f1xx_ll_utils.o(i.UTILS_EnablePLLAndSwitchSystem) for UTILS_EnablePLLAndSwitchSystem
    stm32f1xx_ll_utils.o(i.LL_PLL_ConfigSystemClock_HSI) refers to stm32f1xx_ll_utils.o(i.UTILS_PLL_IsBusy) for UTILS_PLL_IsBusy
    stm32f1xx_ll_utils.o(i.LL_PLL_ConfigSystemClock_HSI) refers to stm32f1xx_ll_utils.o(i.UTILS_GetPLLOutputFrequency) for UTILS_GetPLLOutputFrequency
    stm32f1xx_ll_utils.o(i.LL_PLL_ConfigSystemClock_HSI) refers to stm32f1xx_ll_utils.o(i.LL_RCC_PLL_ConfigDomain_SYS) for LL_RCC_PLL_ConfigDomain_SYS
    stm32f1xx_ll_utils.o(i.LL_PLL_ConfigSystemClock_HSI) refers to stm32f1xx_ll_utils.o(i.UTILS_EnablePLLAndSwitchSystem) for UTILS_EnablePLLAndSwitchSystem
    stm32f1xx_ll_utils.o(i.LL_SetSystemCoreClock) refers to system_stm32f1xx.o(.data) for SystemCoreClock
    stm32f1xx_ll_utils.o(i.UTILS_EnablePLLAndSwitchSystem) refers to stm32f1xx_ll_utils.o(i.UTILS_SetFlashLatency) for UTILS_SetFlashLatency
    stm32f1xx_ll_utils.o(i.UTILS_EnablePLLAndSwitchSystem) refers to system_stm32f1xx.o(.constdata) for AHBPrescTable
    stm32f1xx_ll_utils.o(i.UTILS_EnablePLLAndSwitchSystem) refers to system_stm32f1xx.o(.data) for SystemCoreClock
    system_stm32f1xx.o(i.SystemCoreClockUpdate) refers to system_stm32f1xx.o(.data) for .data
    system_stm32f1xx.o(i.SystemCoreClockUpdate) refers to system_stm32f1xx.o(.constdata) for .constdata
    entry.o(.ARM.Collect$$$$00000000) refers (Special) to entry10a.o(.ARM.Collect$$$$0000000D) for __rt_final_cpp
    entry.o(.ARM.Collect$$$$00000000) refers (Special) to entry11a.o(.ARM.Collect$$$$0000000F) for __rt_final_exit
    entry.o(.ARM.Collect$$$$00000000) refers (Special) to entry7b.o(.ARM.Collect$$$$00000008) for _main_clock
    entry.o(.ARM.Collect$$$$00000000) refers (Special) to entry8b.o(.ARM.Collect$$$$0000000A) for _main_cpp_init
    entry.o(.ARM.Collect$$$$00000000) refers (Special) to entry9a.o(.ARM.Collect$$$$0000000B) for _main_init
    entry.o(.ARM.Collect$$$$00000000) refers (Special) to entry5.o(.ARM.Collect$$$$00000004) for _main_scatterload
    entry.o(.ARM.Collect$$$$00000000) refers (Special) to entry2.o(.ARM.Collect$$$$00000001) for _main_stk
    printfb.o(i.__0fprintf$bare) refers to printfb.o(i._printf_core) for _printf_core
    printfb.o(i.__0fprintf$bare) refers to main.o(i.fputc) for fputc
    printfb.o(i.__0printf$bare) refers to printfb.o(i._printf_core) for _printf_core
    printfb.o(i.__0printf$bare) refers to main.o(i.fputc) for fputc
    printfb.o(i.__0printf$bare) refers to stdout.o(.data) for __stdout
    printfb.o(i.__0snprintf$bare) refers to printfb.o(i._printf_core) for _printf_core
    printfb.o(i.__0snprintf$bare) refers to printfb.o(i._snputc) for _snputc
    printfb.o(i.__0sprintf$bare) refers to printfb.o(i._printf_core) for _printf_core
    printfb.o(i.__0sprintf$bare) refers to printfb.o(i._sputc) for _sputc
    printfb.o(i.__0vfprintf$bare) refers to printfb.o(i._printf_core) for _printf_core
    printfb.o(i.__0vfprintf$bare) refers to main.o(i.fputc) for fputc
    printfb.o(i.__0vprintf$bare) refers to printfb.o(i._printf_core) for _printf_core
    printfb.o(i.__0vprintf$bare) refers to main.o(i.fputc) for fputc
    printfb.o(i.__0vprintf$bare) refers to stdout.o(.data) for __stdout
    printfb.o(i.__0vsnprintf$bare) refers to printfb.o(i._printf_core) for _printf_core
    printfb.o(i.__0vsnprintf$bare) refers to printfb.o(i._snputc) for _snputc
    printfb.o(i.__0vsprintf$bare) refers to printfb.o(i._printf_core) for _printf_core
    printfb.o(i.__0vsprintf$bare) refers to printfb.o(i._sputc) for _sputc
    printf0.o(i.__0fprintf$0) refers to printf0.o(i._printf_core) for _printf_core
    printf0.o(i.__0fprintf$0) refers to main.o(i.fputc) for fputc
    printf0.o(i.__0printf$0) refers to printf0.o(i._printf_core) for _printf_core
    printf0.o(i.__0printf$0) refers to main.o(i.fputc) for fputc
    printf0.o(i.__0printf$0) refers to stdout.o(.data) for __stdout
    printf0.o(i.__0snprintf$0) refers to printf0.o(i._printf_core) for _printf_core
    printf0.o(i.__0snprintf$0) refers to printf0.o(i._snputc) for _snputc
    printf0.o(i.__0sprintf$0) refers to printf0.o(i._printf_core) for _printf_core
    printf0.o(i.__0sprintf$0) refers to printf0.o(i._sputc) for _sputc
    printf0.o(i.__0vfprintf$0) refers to printf0.o(i._printf_core) for _printf_core
    printf0.o(i.__0vfprintf$0) refers to main.o(i.fputc) for fputc
    printf0.o(i.__0vprintf$0) refers to printf0.o(i._printf_core) for _printf_core
    printf0.o(i.__0vprintf$0) refers to main.o(i.fputc) for fputc
    printf0.o(i.__0vprintf$0) refers to stdout.o(.data) for __stdout
    printf0.o(i.__0vsnprintf$0) refers to printf0.o(i._printf_core) for _printf_core
    printf0.o(i.__0vsnprintf$0) refers to printf0.o(i._snputc) for _snputc
    printf0.o(i.__0vsprintf$0) refers to printf0.o(i._printf_core) for _printf_core
    printf0.o(i.__0vsprintf$0) refers to printf0.o(i._sputc) for _sputc
    printf1.o(i.__0fprintf$1) refers to printf1.o(i._printf_core) for _printf_core
    printf1.o(i.__0fprintf$1) refers to main.o(i.fputc) for fputc
    printf1.o(i.__0printf$1) refers to printf1.o(i._printf_core) for _printf_core
    printf1.o(i.__0printf$1) refers to main.o(i.fputc) for fputc
    printf1.o(i.__0printf$1) refers to stdout.o(.data) for __stdout
    printf1.o(i.__0snprintf$1) refers to printf1.o(i._printf_core) for _printf_core
    printf1.o(i.__0snprintf$1) refers to printf1.o(i._snputc) for _snputc
    printf1.o(i.__0sprintf$1) refers to printf1.o(i._printf_core) for _printf_core
    printf1.o(i.__0sprintf$1) refers to printf1.o(i._sputc) for _sputc
    printf1.o(i.__0vfprintf$1) refers to printf1.o(i._printf_core) for _printf_core
    printf1.o(i.__0vfprintf$1) refers to main.o(i.fputc) for fputc
    printf1.o(i.__0vprintf$1) refers to printf1.o(i._printf_core) for _printf_core
    printf1.o(i.__0vprintf$1) refers to main.o(i.fputc) for fputc
    printf1.o(i.__0vprintf$1) refers to stdout.o(.data) for __stdout
    printf1.o(i.__0vsnprintf$1) refers to printf1.o(i._printf_core) for _printf_core
    printf1.o(i.__0vsnprintf$1) refers to printf1.o(i._snputc) for _snputc
    printf1.o(i.__0vsprintf$1) refers to printf1.o(i._printf_core) for _printf_core
    printf1.o(i.__0vsprintf$1) refers to printf1.o(i._sputc) for _sputc
    printf1.o(i._printf_core) refers to uidiv.o(.text) for __aeabi_uidivmod
    printf2.o(i.__0fprintf$2) refers to printf2.o(i._printf_core) for _printf_core
    printf2.o(i.__0fprintf$2) refers to main.o(i.fputc) for fputc
    printf2.o(i.__0printf$2) refers to printf2.o(i._printf_core) for _printf_core
    printf2.o(i.__0printf$2) refers to main.o(i.fputc) for fputc
    printf2.o(i.__0printf$2) refers to stdout.o(.data) for __stdout
    printf2.o(i.__0snprintf$2) refers to printf2.o(i._printf_core) for _printf_core
    printf2.o(i.__0snprintf$2) refers to printf2.o(i._snputc) for _snputc
    printf2.o(i.__0sprintf$2) refers to printf2.o(i._printf_core) for _printf_core
    printf2.o(i.__0sprintf$2) refers to printf2.o(i._sputc) for _sputc
    printf2.o(i.__0vfprintf$2) refers to printf2.o(i._printf_core) for _printf_core
    printf2.o(i.__0vfprintf$2) refers to main.o(i.fputc) for fputc
    printf2.o(i.__0vprintf$2) refers to printf2.o(i._printf_core) for _printf_core
    printf2.o(i.__0vprintf$2) refers to main.o(i.fputc) for fputc
    printf2.o(i.__0vprintf$2) refers to stdout.o(.data) for __stdout
    printf2.o(i.__0vsnprintf$2) refers to printf2.o(i._printf_core) for _printf_core
    printf2.o(i.__0vsnprintf$2) refers to printf2.o(i._snputc) for _snputc
    printf2.o(i.__0vsprintf$2) refers to printf2.o(i._printf_core) for _printf_core
    printf2.o(i.__0vsprintf$2) refers to printf2.o(i._sputc) for _sputc
    printf3.o(i.__0fprintf$3) refers to printf3.o(i._printf_core) for _printf_core
    printf3.o(i.__0fprintf$3) refers to main.o(i.fputc) for fputc
    printf3.o(i.__0printf$3) refers to printf3.o(i._printf_core) for _printf_core
    printf3.o(i.__0printf$3) refers to main.o(i.fputc) for fputc
    printf3.o(i.__0printf$3) refers to stdout.o(.data) for __stdout
    printf3.o(i.__0snprintf$3) refers to printf3.o(i._printf_core) for _printf_core
    printf3.o(i.__0snprintf$3) refers to printf3.o(i._snputc) for _snputc
    printf3.o(i.__0sprintf$3) refers to printf3.o(i._printf_core) for _printf_core
    printf3.o(i.__0sprintf$3) refers to printf3.o(i._sputc) for _sputc
    printf3.o(i.__0vfprintf$3) refers to printf3.o(i._printf_core) for _printf_core
    printf3.o(i.__0vfprintf$3) refers to main.o(i.fputc) for fputc
    printf3.o(i.__0vprintf$3) refers to printf3.o(i._printf_core) for _printf_core
    printf3.o(i.__0vprintf$3) refers to main.o(i.fputc) for fputc
    printf3.o(i.__0vprintf$3) refers to stdout.o(.data) for __stdout
    printf3.o(i.__0vsnprintf$3) refers to printf3.o(i._printf_core) for _printf_core
    printf3.o(i.__0vsnprintf$3) refers to printf3.o(i._snputc) for _snputc
    printf3.o(i.__0vsprintf$3) refers to printf3.o(i._printf_core) for _printf_core
    printf3.o(i.__0vsprintf$3) refers to printf3.o(i._sputc) for _sputc
    printf3.o(i._printf_core) refers to uidiv.o(.text) for __aeabi_uidivmod
    printf4.o(i.__0fprintf$4) refers to printf4.o(i._printf_core) for _printf_core
    printf4.o(i.__0fprintf$4) refers to main.o(i.fputc) for fputc
    printf4.o(i.__0printf$4) refers to printf4.o(i._printf_core) for _printf_core
    printf4.o(i.__0printf$4) refers to main.o(i.fputc) for fputc
    printf4.o(i.__0printf$4) refers to stdout.o(.data) for __stdout
    printf4.o(i.__0snprintf$4) refers to printf4.o(i._printf_core) for _printf_core
    printf4.o(i.__0snprintf$4) refers to printf4.o(i._snputc) for _snputc
    printf4.o(i.__0sprintf$4) refers to printf4.o(i._printf_core) for _printf_core
    printf4.o(i.__0sprintf$4) refers to printf4.o(i._sputc) for _sputc
    printf4.o(i.__0vfprintf$4) refers to printf4.o(i._printf_core) for _printf_core
    printf4.o(i.__0vfprintf$4) refers to main.o(i.fputc) for fputc
    printf4.o(i.__0vprintf$4) refers to printf4.o(i._printf_core) for _printf_core
    printf4.o(i.__0vprintf$4) refers to main.o(i.fputc) for fputc
    printf4.o(i.__0vprintf$4) refers to stdout.o(.data) for __stdout
    printf4.o(i.__0vsnprintf$4) refers to printf4.o(i._printf_core) for _printf_core
    printf4.o(i.__0vsnprintf$4) refers to printf4.o(i._snputc) for _snputc
    printf4.o(i.__0vsprintf$4) refers to printf4.o(i._printf_core) for _printf_core
    printf4.o(i.__0vsprintf$4) refers to printf4.o(i._sputc) for _sputc
    printf4.o(i._printf_core) refers to uldiv.o(.text) for __aeabi_uldivmod
    printf5.o(i.__0fprintf$5) refers to printf5.o(i._printf_core) for _printf_core
    printf5.o(i.__0fprintf$5) refers to main.o(i.fputc) for fputc
    printf5.o(i.__0printf$5) refers to printf5.o(i._printf_core) for _printf_core
    printf5.o(i.__0printf$5) refers to main.o(i.fputc) for fputc
    printf5.o(i.__0printf$5) refers to stdout.o(.data) for __stdout
    printf5.o(i.__0snprintf$5) refers to printf5.o(i._printf_core) for _printf_core
    printf5.o(i.__0snprintf$5) refers to printf5.o(i._snputc) for _snputc
    printf5.o(i.__0sprintf$5) refers to printf5.o(i._printf_core) for _printf_core
    printf5.o(i.__0sprintf$5) refers to printf5.o(i._sputc) for _sputc
    printf5.o(i.__0vfprintf$5) refers to printf5.o(i._printf_core) for _printf_core
    printf5.o(i.__0vfprintf$5) refers to main.o(i.fputc) for fputc
    printf5.o(i.__0vprintf$5) refers to printf5.o(i._printf_core) for _printf_core
    printf5.o(i.__0vprintf$5) refers to main.o(i.fputc) for fputc
    printf5.o(i.__0vprintf$5) refers to stdout.o(.data) for __stdout
    printf5.o(i.__0vsnprintf$5) refers to printf5.o(i._printf_core) for _printf_core
    printf5.o(i.__0vsnprintf$5) refers to printf5.o(i._snputc) for _snputc
    printf5.o(i.__0vsprintf$5) refers to printf5.o(i._printf_core) for _printf_core
    printf5.o(i.__0vsprintf$5) refers to printf5.o(i._sputc) for _sputc
    printf5.o(i._printf_core) refers to uldiv.o(.text) for __aeabi_uldivmod
    printf6.o(i.__0fprintf$6) refers to printf6.o(i._printf_core) for _printf_core
    printf6.o(i.__0fprintf$6) refers to main.o(i.fputc) for fputc
    printf6.o(i.__0printf$6) refers to printf6.o(i._printf_core) for _printf_core
    printf6.o(i.__0printf$6) refers to main.o(i.fputc) for fputc
    printf6.o(i.__0printf$6) refers to stdout.o(.data) for __stdout
    printf6.o(i.__0snprintf$6) refers to printf6.o(i._printf_core) for _printf_core
    printf6.o(i.__0snprintf$6) refers to printf6.o(i._snputc) for _snputc
    printf6.o(i.__0sprintf$6) refers to printf6.o(i._printf_core) for _printf_core
    printf6.o(i.__0sprintf$6) refers to printf6.o(i._sputc) for _sputc
    printf6.o(i.__0vfprintf$6) refers to printf6.o(i._printf_core) for _printf_core
    printf6.o(i.__0vfprintf$6) refers to main.o(i.fputc) for fputc
    printf6.o(i.__0vprintf$6) refers to printf6.o(i._printf_core) for _printf_core
    printf6.o(i.__0vprintf$6) refers to main.o(i.fputc) for fputc
    printf6.o(i.__0vprintf$6) refers to stdout.o(.data) for __stdout
    printf6.o(i.__0vsnprintf$6) refers to printf6.o(i._printf_core) for _printf_core
    printf6.o(i.__0vsnprintf$6) refers to printf6.o(i._snputc) for _snputc
    printf6.o(i.__0vsprintf$6) refers to printf6.o(i._printf_core) for _printf_core
    printf6.o(i.__0vsprintf$6) refers to printf6.o(i._sputc) for _sputc
    printf6.o(i._printf_core) refers to printf6.o(i._printf_pre_padding) for _printf_pre_padding
    printf6.o(i._printf_core) refers to uidiv.o(.text) for __aeabi_uidivmod
    printf6.o(i._printf_core) refers to printf6.o(i._printf_post_padding) for _printf_post_padding
    printf7.o(i.__0fprintf$7) refers to printf7.o(i._printf_core) for _printf_core
    printf7.o(i.__0fprintf$7) refers to main.o(i.fputc) for fputc
    printf7.o(i.__0printf$7) refers to printf7.o(i._printf_core) for _printf_core
    printf7.o(i.__0printf$7) refers to main.o(i.fputc) for fputc
    printf7.o(i.__0printf$7) refers to stdout.o(.data) for __stdout
    printf7.o(i.__0snprintf$7) refers to printf7.o(i._printf_core) for _printf_core
    printf7.o(i.__0snprintf$7) refers to printf7.o(i._snputc) for _snputc
    printf7.o(i.__0sprintf$7) refers to printf7.o(i._printf_core) for _printf_core
    printf7.o(i.__0sprintf$7) refers to printf7.o(i._sputc) for _sputc
    printf7.o(i.__0vfprintf$7) refers to printf7.o(i._printf_core) for _printf_core
    printf7.o(i.__0vfprintf$7) refers to main.o(i.fputc) for fputc
    printf7.o(i.__0vprintf$7) refers to printf7.o(i._printf_core) for _printf_core
    printf7.o(i.__0vprintf$7) refers to main.o(i.fputc) for fputc
    printf7.o(i.__0vprintf$7) refers to stdout.o(.data) for __stdout
    printf7.o(i.__0vsnprintf$7) refers to printf7.o(i._printf_core) for _printf_core
    printf7.o(i.__0vsnprintf$7) refers to printf7.o(i._snputc) for _snputc
    printf7.o(i.__0vsprintf$7) refers to printf7.o(i._printf_core) for _printf_core
    printf7.o(i.__0vsprintf$7) refers to printf7.o(i._sputc) for _sputc
    printf7.o(i._printf_core) refers to printf7.o(i._printf_pre_padding) for _printf_pre_padding
    printf7.o(i._printf_core) refers to uldiv.o(.text) for __aeabi_uldivmod
    printf7.o(i._printf_core) refers to printf7.o(i._printf_post_padding) for _printf_post_padding
    printf8.o(i.__0fprintf$8) refers to printf8.o(i._printf_core) for _printf_core
    printf8.o(i.__0fprintf$8) refers to main.o(i.fputc) for fputc
    printf8.o(i.__0printf$8) refers to printf8.o(i._printf_core) for _printf_core
    printf8.o(i.__0printf$8) refers to main.o(i.fputc) for fputc
    printf8.o(i.__0printf$8) refers to stdout.o(.data) for __stdout
    printf8.o(i.__0snprintf$8) refers to printf8.o(i._printf_core) for _printf_core
    printf8.o(i.__0snprintf$8) refers to printf8.o(i._snputc) for _snputc
    printf8.o(i.__0sprintf$8) refers to printf8.o(i._printf_core) for _printf_core
    printf8.o(i.__0sprintf$8) refers to printf8.o(i._sputc) for _sputc
    printf8.o(i.__0vfprintf$8) refers to printf8.o(i._printf_core) for _printf_core
    printf8.o(i.__0vfprintf$8) refers to main.o(i.fputc) for fputc
    printf8.o(i.__0vprintf$8) refers to printf8.o(i._printf_core) for _printf_core
    printf8.o(i.__0vprintf$8) refers to main.o(i.fputc) for fputc
    printf8.o(i.__0vprintf$8) refers to stdout.o(.data) for __stdout
    printf8.o(i.__0vsnprintf$8) refers to printf8.o(i._printf_core) for _printf_core
    printf8.o(i.__0vsnprintf$8) refers to printf8.o(i._snputc) for _snputc
    printf8.o(i.__0vsprintf$8) refers to printf8.o(i._printf_core) for _printf_core
    printf8.o(i.__0vsprintf$8) refers to printf8.o(i._sputc) for _sputc
    printf8.o(i._printf_core) refers to printf8.o(i._printf_pre_padding) for _printf_pre_padding
    printf8.o(i._printf_core) refers to uldiv.o(.text) for __aeabi_uldivmod
    printf8.o(i._printf_core) refers to printf8.o(i._printf_post_padding) for _printf_post_padding
    printfa.o(i.__0fprintf) refers (Special) to iusefp.o(.text) for __I$use$fp
    printfa.o(i.__0fprintf) refers to printfa.o(i._printf_core) for _printf_core
    printfa.o(i.__0fprintf) refers to main.o(i.fputc) for fputc
    printfa.o(i.__0printf) refers (Special) to iusefp.o(.text) for __I$use$fp
    printfa.o(i.__0printf) refers to printfa.o(i._printf_core) for _printf_core
    printfa.o(i.__0printf) refers to main.o(i.fputc) for fputc
    printfa.o(i.__0printf) refers to stdout.o(.data) for __stdout
    printfa.o(i.__0snprintf) refers (Special) to iusefp.o(.text) for __I$use$fp
    printfa.o(i.__0snprintf) refers to printfa.o(i._printf_core) for _printf_core
    printfa.o(i.__0snprintf) refers to printfa.o(i._snputc) for _snputc
    printfa.o(i.__0sprintf) refers (Special) to iusefp.o(.text) for __I$use$fp
    printfa.o(i.__0sprintf) refers to printfa.o(i._printf_core) for _printf_core
    printfa.o(i.__0sprintf) refers to printfa.o(i._sputc) for _sputc
    printfa.o(i.__0vfprintf) refers (Special) to iusefp.o(.text) for __I$use$fp
    printfa.o(i.__0vfprintf) refers to printfa.o(i._printf_core) for _printf_core
    printfa.o(i.__0vfprintf) refers to main.o(i.fputc) for fputc
    printfa.o(i.__0vprintf) refers (Special) to iusefp.o(.text) for __I$use$fp
    printfa.o(i.__0vprintf) refers to printfa.o(i._printf_core) for _printf_core
    printfa.o(i.__0vprintf) refers to main.o(i.fputc) for fputc
    printfa.o(i.__0vprintf) refers to stdout.o(.data) for __stdout
    printfa.o(i.__0vsnprintf) refers (Special) to iusefp.o(.text) for __I$use$fp
    printfa.o(i.__0vsnprintf) refers to printfa.o(i._printf_core) for _printf_core
    printfa.o(i.__0vsnprintf) refers to printfa.o(i._snputc) for _snputc
    printfa.o(i.__0vsprintf) refers (Special) to iusefp.o(.text) for __I$use$fp
    printfa.o(i.__0vsprintf) refers to printfa.o(i._printf_core) for _printf_core
    printfa.o(i.__0vsprintf) refers to printfa.o(i._sputc) for _sputc
    printfa.o(i._fp_digits) refers (Special) to iusefp.o(.text) for __I$use$fp
    printfa.o(i._fp_digits) refers to dmul.o(.text) for __aeabi_dmul
    printfa.o(i._fp_digits) refers to ddiv.o(.text) for __aeabi_ddiv
    printfa.o(i._fp_digits) refers to cdrcmple.o(.text) for __aeabi_cdrcmple
    printfa.o(i._fp_digits) refers to dadd.o(.text) for __aeabi_dadd
    printfa.o(i._fp_digits) refers to dfixul.o(.text) for __aeabi_d2ulz
    printfa.o(i._fp_digits) refers to uldiv.o(.text) for __aeabi_uldivmod
    printfa.o(i._printf_core) refers (Special) to iusefp.o(.text) for __I$use$fp
    printfa.o(i._printf_core) refers to printfa.o(i._printf_pre_padding) for _printf_pre_padding
    printfa.o(i._printf_core) refers to uldiv.o(.text) for __aeabi_uldivmod
    printfa.o(i._printf_core) refers to printfa.o(i._printf_post_padding) for _printf_post_padding
    printfa.o(i._printf_core) refers to printfa.o(i._fp_digits) for _fp_digits
    printfa.o(i._printf_core) refers to uidiv.o(.text) for __aeabi_uidivmod
    printfa.o(i._printf_post_padding) refers (Special) to iusefp.o(.text) for __I$use$fp
    printfa.o(i._printf_pre_padding) refers (Special) to iusefp.o(.text) for __I$use$fp
    printfa.o(i._snputc) refers (Special) to iusefp.o(.text) for __I$use$fp
    printfa.o(i._sputc) refers (Special) to iusefp.o(.text) for __I$use$fp
    fmul.o(.text) refers (Special) to iusefp.o(.text) for __I$use$fp
    dmul.o(.text) refers (Special) to iusefp.o(.text) for __I$use$fp
    dmul.o(.text) refers to depilogue.o(.text) for _double_epilogue
    dscalb.o(.text) refers (Special) to iusefp.o(.text) for __I$use$fp
    dflti.o(.text) refers (Special) to iusefp.o(.text) for __I$use$fp
    dflti.o(.text) refers to depilogue.o(.text) for _double_epilogue
    ffixui.o(.text) refers (Special) to iusefp.o(.text) for __I$use$fp
    d2f.o(.text) refers (Special) to iusefp.o(.text) for __I$use$fp
    d2f.o(.text) refers to fepilogue.o(.text) for _float_round
    entry2.o(.ARM.Collect$$$$00000001) refers to entry2.o(.ARM.Collect$$$$00002712) for __lit__00000000
    entry2.o(.ARM.Collect$$$$00002712) refers to startup_stm32f103xb.o(STACK) for __initial_sp
    entry2.o(__vectab_stack_and_reset_area) refers to startup_stm32f103xb.o(STACK) for __initial_sp
    entry2.o(__vectab_stack_and_reset_area) refers to entry.o(.ARM.Collect$$$$00000000) for __main
    entry5.o(.ARM.Collect$$$$00000004) refers to init.o(.text) for __scatterload
    entry9a.o(.ARM.Collect$$$$0000000B) refers to main.o(i.main) for main
    entry9b.o(.ARM.Collect$$$$0000000C) refers to main.o(i.main) for main
    uldiv.o(.text) refers to llushr.o(.text) for __aeabi_llsr
    uldiv.o(.text) refers to llshl.o(.text) for __aeabi_llsl
    depilogue.o(.text) refers to llshl.o(.text) for __aeabi_llsl
    depilogue.o(.text) refers to llushr.o(.text) for __aeabi_llsr
    dadd.o(.text) refers to llshl.o(.text) for __aeabi_llsl
    dadd.o(.text) refers to llsshr.o(.text) for __aeabi_lasr
    dadd.o(.text) refers to depilogue.o(.text) for _double_epilogue
    ddiv.o(.text) refers to depilogue.o(.text) for _double_round
    dfixul.o(.text) refers to llushr.o(.text) for __aeabi_llsr
    dfixul.o(.text) refers to llshl.o(.text) for __aeabi_llsl
    init.o(.text) refers to entry5.o(.ARM.Collect$$$$00000004) for __main_after_scatterload


==============================================================================

Removing Unused input sections from the image.

    Removing startup_stm32f103xb.o(HEAP), (512 bytes).
    Removing main.o(.rev16_text), (4 bytes).
    Removing main.o(.revsh_text), (4 bytes).
    Removing main.o(.rrx_text), (6 bytes).
    Removing main.o(i.Error_Handler), (2 bytes).
    Removing main.o(.data), (1 bytes).
    Removing main.o(.data), (2 bytes).
    Removing main.o(.data), (1 bytes).
    Removing main.o(.data), (4 bytes).
    Removing main.o(.data), (1 bytes).
    Removing stm32f1xx_it.o(.rev16_text), (4 bytes).
    Removing stm32f1xx_it.o(.revsh_text), (4 bytes).
    Removing stm32f1xx_it.o(.rrx_text), (6 bytes).
    Removing stm32f1xx_it.o(.bss), (100 bytes).
    Removing ds18b20.o(.rev16_text), (4 bytes).
    Removing ds18b20.o(.revsh_text), (4 bytes).
    Removing ds18b20.o(.rrx_text), (6 bytes).
    Removing ds18b20.o(i.DS18B20_Dout_HIGH), (12 bytes).
    Removing ds18b20.o(i.DS18B20_Dout_LOW), (12 bytes).
    Removing ds18b20.o(i.DS18B20_GetTemp_MatchRom), (100 bytes).
    Removing ds18b20.o(i.DS18B20_MatchRom), (20 bytes).
    Removing ds18b20.o(i.DS18B20_ReadId), (28 bytes).
    Removing stm32f1xx_ll_gpio.o(.rev16_text), (4 bytes).
    Removing stm32f1xx_ll_gpio.o(.revsh_text), (4 bytes).
    Removing stm32f1xx_ll_gpio.o(.rrx_text), (6 bytes).
    Removing stm32f1xx_ll_gpio.o(i.LL_APB2_GRP1_ForceReset), (16 bytes).
    Removing stm32f1xx_ll_gpio.o(i.LL_APB2_GRP1_ReleaseReset), (16 bytes).
    Removing stm32f1xx_ll_gpio.o(i.LL_GPIO_DeInit), (116 bytes).
    Removing stm32f1xx_ll_adc.o(.rev16_text), (4 bytes).
    Removing stm32f1xx_ll_adc.o(.revsh_text), (4 bytes).
    Removing stm32f1xx_ll_adc.o(.rrx_text), (6 bytes).
    Removing stm32f1xx_ll_adc.o(i.LL_ADC_CommonDeInit), (28 bytes).
    Removing stm32f1xx_ll_adc.o(i.LL_ADC_CommonStructInit), (6 bytes).
    Removing stm32f1xx_ll_adc.o(i.LL_ADC_DeInit), (168 bytes).
    Removing stm32f1xx_ll_adc.o(i.LL_ADC_INJ_Init), (74 bytes).
    Removing stm32f1xx_ll_adc.o(i.LL_ADC_INJ_StructInit), (16 bytes).
    Removing stm32f1xx_ll_adc.o(i.LL_ADC_REG_StructInit), (18 bytes).
    Removing stm32f1xx_ll_adc.o(i.LL_ADC_StructInit), (12 bytes).
    Removing stm32f1xx_ll_dma.o(.rev16_text), (4 bytes).
    Removing stm32f1xx_ll_dma.o(.revsh_text), (4 bytes).
    Removing stm32f1xx_ll_dma.o(.rrx_text), (6 bytes).
    Removing stm32f1xx_ll_dma.o(i.LL_DMA_DeInit), (164 bytes).
    Removing stm32f1xx_ll_dma.o(i.LL_DMA_Init), (92 bytes).
    Removing stm32f1xx_ll_dma.o(i.LL_DMA_StructInit), (24 bytes).
    Removing stm32f1xx_ll_dma.o(.constdata), (7 bytes).
    Removing stm32f1xx_ll_pwr.o(.rev16_text), (4 bytes).
    Removing stm32f1xx_ll_pwr.o(.revsh_text), (4 bytes).
    Removing stm32f1xx_ll_pwr.o(.rrx_text), (6 bytes).
    Removing stm32f1xx_ll_pwr.o(i.LL_PWR_DeInit), (28 bytes).
    Removing stm32f1xx_ll_exti.o(.rev16_text), (4 bytes).
    Removing stm32f1xx_ll_exti.o(.revsh_text), (4 bytes).
    Removing stm32f1xx_ll_exti.o(.rrx_text), (6 bytes).
    Removing stm32f1xx_ll_exti.o(i.LL_EXTI_DeInit), (40 bytes).
    Removing stm32f1xx_ll_exti.o(i.LL_EXTI_StructInit), (14 bytes).
    Removing stm32f1xx_ll_tim.o(.rev16_text), (4 bytes).
    Removing stm32f1xx_ll_tim.o(.revsh_text), (4 bytes).
    Removing stm32f1xx_ll_tim.o(.rrx_text), (6 bytes).
    Removing stm32f1xx_ll_tim.o(i.LL_TIM_BDTR_Init), (58 bytes).
    Removing stm32f1xx_ll_tim.o(i.LL_TIM_BDTR_StructInit), (18 bytes).
    Removing stm32f1xx_ll_tim.o(i.LL_TIM_DeInit), (120 bytes).
    Removing stm32f1xx_ll_tim.o(i.LL_TIM_ENCODER_Init), (96 bytes).
    Removing stm32f1xx_ll_tim.o(i.LL_TIM_ENCODER_StructInit), (28 bytes).
    Removing stm32f1xx_ll_tim.o(i.LL_TIM_HALLSENSOR_Init), (86 bytes).
    Removing stm32f1xx_ll_tim.o(i.LL_TIM_HALLSENSOR_StructInit), (12 bytes).
    Removing stm32f1xx_ll_tim.o(i.LL_TIM_IC_Init), (224 bytes).
    Removing stm32f1xx_ll_tim.o(i.LL_TIM_IC_StructInit), (16 bytes).
    Removing stm32f1xx_ll_tim.o(i.LL_TIM_OC_Init), (396 bytes).
    Removing stm32f1xx_ll_tim.o(i.LL_TIM_OC_StructInit), (20 bytes).
    Removing stm32f1xx_ll_tim.o(i.LL_TIM_StructInit), (16 bytes).
    Removing stm32f1xx_ll_usart.o(.rev16_text), (4 bytes).
    Removing stm32f1xx_ll_usart.o(.revsh_text), (4 bytes).
    Removing stm32f1xx_ll_usart.o(.rrx_text), (6 bytes).
    Removing stm32f1xx_ll_usart.o(i.LL_USART_ClockInit), (56 bytes).
    Removing stm32f1xx_ll_usart.o(i.LL_USART_ClockStructInit), (12 bytes).
    Removing stm32f1xx_ll_usart.o(i.LL_USART_DeInit), (96 bytes).
    Removing stm32f1xx_ll_usart.o(i.LL_USART_StructInit), (22 bytes).
    Removing stm32f1xx_ll_rcc.o(.rev16_text), (4 bytes).
    Removing stm32f1xx_ll_rcc.o(.revsh_text), (4 bytes).
    Removing stm32f1xx_ll_rcc.o(.rrx_text), (6 bytes).
    Removing stm32f1xx_ll_rcc.o(i.LL_RCC_DeInit), (96 bytes).
    Removing stm32f1xx_ll_rcc.o(i.LL_RCC_GetADCClockFreq), (48 bytes).
    Removing stm32f1xx_ll_rcc.o(i.LL_RCC_GetUSBClockFreq), (56 bytes).
    Removing stm32f1xx_ll_utils.o(.rev16_text), (4 bytes).
    Removing stm32f1xx_ll_utils.o(.revsh_text), (4 bytes).
    Removing stm32f1xx_ll_utils.o(.rrx_text), (6 bytes).
    Removing stm32f1xx_ll_utils.o(i.LL_PLL_ConfigSystemClock_HSE), (112 bytes).
    Removing stm32f1xx_ll_utils.o(i.LL_PLL_ConfigSystemClock_HSI), (92 bytes).
    Removing stm32f1xx_ll_utils.o(i.LL_RCC_PLL_ConfigDomain_SYS), (24 bytes).
    Removing stm32f1xx_ll_utils.o(i.LL_mDelay), (30 bytes).
    Removing stm32f1xx_ll_utils.o(i.UTILS_EnablePLLAndSwitchSystem), (176 bytes).
    Removing stm32f1xx_ll_utils.o(i.UTILS_GetPLLOutputFrequency), (24 bytes).
    Removing stm32f1xx_ll_utils.o(i.UTILS_PLL_IsBusy), (24 bytes).
    Removing stm32f1xx_ll_utils.o(i.UTILS_SetFlashLatency), (72 bytes).
    Removing system_stm32f1xx.o(.rev16_text), (4 bytes).
    Removing system_stm32f1xx.o(.revsh_text), (4 bytes).
    Removing system_stm32f1xx.o(.rrx_text), (6 bytes).
    Removing system_stm32f1xx.o(i.SystemCoreClockUpdate), (104 bytes).
    Removing dmul.o(.text), (228 bytes).
    Removing dadd.o(.text), (334 bytes).
    Removing ddiv.o(.text), (222 bytes).
    Removing dfixul.o(.text), (48 bytes).
    Removing cdrcmple.o(.text), (48 bytes).

102 unused section(s) (total 4830 bytes) removed from the image.

==============================================================================

Image Symbol Table

    Local Symbols

    Symbol Name                              Value     Ov Type        Size  Object(Section)

    ../Core/Src/main.c                       0x00000000   Number         0  main.o ABSOLUTE
    ../Core/Src/stm32f1xx_it.c               0x00000000   Number         0  stm32f1xx_it.o ABSOLUTE
    ../Core/Src/system_stm32f1xx.c           0x00000000   Number         0  system_stm32f1xx.o ABSOLUTE
    ../Drivers/STM32F1xx_HAL_Driver/Src/stm32f1xx_ll_adc.c 0x00000000   Number         0  stm32f1xx_ll_adc.o ABSOLUTE
    ../Drivers/STM32F1xx_HAL_Driver/Src/stm32f1xx_ll_dma.c 0x00000000   Number         0  stm32f1xx_ll_dma.o ABSOLUTE
    ../Drivers/STM32F1xx_HAL_Driver/Src/stm32f1xx_ll_exti.c 0x00000000   Number         0  stm32f1xx_ll_exti.o ABSOLUTE
    ../Drivers/STM32F1xx_HAL_Driver/Src/stm32f1xx_ll_gpio.c 0x00000000   Number         0  stm32f1xx_ll_gpio.o ABSOLUTE
    ../Drivers/STM32F1xx_HAL_Driver/Src/stm32f1xx_ll_pwr.c 0x00000000   Number         0  stm32f1xx_ll_pwr.o ABSOLUTE
    ../Drivers/STM32F1xx_HAL_Driver/Src/stm32f1xx_ll_rcc.c 0x00000000   Number         0  stm32f1xx_ll_rcc.o ABSOLUTE
    ../Drivers/STM32F1xx_HAL_Driver/Src/stm32f1xx_ll_tim.c 0x00000000   Number         0  stm32f1xx_ll_tim.o ABSOLUTE
    ../Drivers/STM32F1xx_HAL_Driver/Src/stm32f1xx_ll_usart.c 0x00000000   Number         0  stm32f1xx_ll_usart.o ABSOLUTE
    ../Drivers/STM32F1xx_HAL_Driver/Src/stm32f1xx_ll_utils.c 0x00000000   Number         0  stm32f1xx_ll_utils.o ABSOLUTE
    ../clib/microlib/division.c              0x00000000   Number         0  uldiv.o ABSOLUTE
    ../clib/microlib/division.c              0x00000000   Number         0  uidiv.o ABSOLUTE
    ../clib/microlib/init/entry.s            0x00000000   Number         0  entry10b.o ABSOLUTE
    ../clib/microlib/init/entry.s            0x00000000   Number         0  entry10a.o ABSOLUTE
    ../clib/microlib/init/entry.s            0x00000000   Number         0  entry9b.o ABSOLUTE
    ../clib/microlib/init/entry.s            0x00000000   Number         0  entry9a.o ABSOLUTE
    ../clib/microlib/init/entry.s            0x00000000   Number         0  entry8b.o ABSOLUTE
    ../clib/microlib/init/entry.s            0x00000000   Number         0  entry8a.o ABSOLUTE
    ../clib/microlib/init/entry.s            0x00000000   Number         0  entry7b.o ABSOLUTE
    ../clib/microlib/init/entry.s            0x00000000   Number         0  entry7a.o ABSOLUTE
    ../clib/microlib/init/entry.s            0x00000000   Number         0  entry5.o ABSOLUTE
    ../clib/microlib/init/entry.s            0x00000000   Number         0  entry2.o ABSOLUTE
    ../clib/microlib/init/entry.s            0x00000000   Number         0  entry11b.o ABSOLUTE
    ../clib/microlib/init/entry.s            0x00000000   Number         0  entry.o ABSOLUTE
    ../clib/microlib/init/entry.s            0x00000000   Number         0  entry11a.o ABSOLUTE
    ../clib/microlib/longlong.c              0x00000000   Number         0  llsshr.o ABSOLUTE
    ../clib/microlib/longlong.c              0x00000000   Number         0  llushr.o ABSOLUTE
    ../clib/microlib/longlong.c              0x00000000   Number         0  llshl.o ABSOLUTE
    ../clib/microlib/printf/printf.c         0x00000000   Number         0  printf3.o ABSOLUTE
    ../clib/microlib/printf/printf.c         0x00000000   Number         0  printf4.o ABSOLUTE
    ../clib/microlib/printf/printf.c         0x00000000   Number         0  printfb.o ABSOLUTE
    ../clib/microlib/printf/printf.c         0x00000000   Number         0  printf5.o ABSOLUTE
    ../clib/microlib/printf/printf.c         0x00000000   Number         0  printf6.o ABSOLUTE
    ../clib/microlib/printf/printf.c         0x00000000   Number         0  printf7.o ABSOLUTE
    ../clib/microlib/printf/printf.c         0x00000000   Number         0  printfa.o ABSOLUTE
    ../clib/microlib/printf/printf.c         0x00000000   Number         0  printf2.o ABSOLUTE
    ../clib/microlib/printf/printf.c         0x00000000   Number         0  printf1.o ABSOLUTE
    ../clib/microlib/printf/printf.c         0x00000000   Number         0  printf0.o ABSOLUTE
    ../clib/microlib/printf/printf.c         0x00000000   Number         0  printf8.o ABSOLUTE
    ../clib/microlib/stdio/streams.c         0x00000000   Number         0  stdout.o ABSOLUTE
    ../clib/microlib/string/memset.c         0x00000000   Number         0  memseta.o ABSOLUTE
    ../clib/microlib/stubs.s                 0x00000000   Number         0  iusefp.o ABSOLUTE
    ../fplib/microlib/d2f.c                  0x00000000   Number         0  d2f.o ABSOLUTE
    ../fplib/microlib/fpadd.c                0x00000000   Number         0  dadd.o ABSOLUTE
    ../fplib/microlib/fpdiv.c                0x00000000   Number         0  ddiv.o ABSOLUTE
    ../fplib/microlib/fpepilogue.c           0x00000000   Number         0  fepilogue.o ABSOLUTE
    ../fplib/microlib/fpepilogue.c           0x00000000   Number         0  depilogue.o ABSOLUTE
    ../fplib/microlib/fpfix.c                0x00000000   Number         0  dfixul.o ABSOLUTE
    ../fplib/microlib/fpfix.c                0x00000000   Number         0  ffixui.o ABSOLUTE
    ../fplib/microlib/fpflt.c                0x00000000   Number         0  dflti.o ABSOLUTE
    ../fplib/microlib/fpmul.c                0x00000000   Number         0  fmul.o ABSOLUTE
    ../fplib/microlib/fpmul.c                0x00000000   Number         0  dmul.o ABSOLUTE
    ../fplib/microlib/fpscalb.c              0x00000000   Number         0  dscalb.o ABSOLUTE
    ..\Core\Src\DS18B20.c                    0x00000000   Number         0  ds18b20.o ABSOLUTE
    ..\Core\Src\main.c                       0x00000000   Number         0  main.o ABSOLUTE
    ..\Core\Src\stm32f1xx_it.c               0x00000000   Number         0  stm32f1xx_it.o ABSOLUTE
    ..\Core\Src\system_stm32f1xx.c           0x00000000   Number         0  system_stm32f1xx.o ABSOLUTE
    ..\Drivers\STM32F1xx_HAL_Driver\Src\stm32f1xx_ll_adc.c 0x00000000   Number         0  stm32f1xx_ll_adc.o ABSOLUTE
    ..\Drivers\STM32F1xx_HAL_Driver\Src\stm32f1xx_ll_dma.c 0x00000000   Number         0  stm32f1xx_ll_dma.o ABSOLUTE
    ..\Drivers\STM32F1xx_HAL_Driver\Src\stm32f1xx_ll_exti.c 0x00000000   Number         0  stm32f1xx_ll_exti.o ABSOLUTE
    ..\Drivers\STM32F1xx_HAL_Driver\Src\stm32f1xx_ll_gpio.c 0x00000000   Number         0  stm32f1xx_ll_gpio.o ABSOLUTE
    ..\Drivers\STM32F1xx_HAL_Driver\Src\stm32f1xx_ll_pwr.c 0x00000000   Number         0  stm32f1xx_ll_pwr.o ABSOLUTE
    ..\Drivers\STM32F1xx_HAL_Driver\Src\stm32f1xx_ll_rcc.c 0x00000000   Number         0  stm32f1xx_ll_rcc.o ABSOLUTE
    ..\Drivers\STM32F1xx_HAL_Driver\Src\stm32f1xx_ll_tim.c 0x00000000   Number         0  stm32f1xx_ll_tim.o ABSOLUTE
    ..\Drivers\STM32F1xx_HAL_Driver\Src\stm32f1xx_ll_usart.c 0x00000000   Number         0  stm32f1xx_ll_usart.o ABSOLUTE
    ..\Drivers\STM32F1xx_HAL_Driver\Src\stm32f1xx_ll_utils.c 0x00000000   Number         0  stm32f1xx_ll_utils.o ABSOLUTE
    ..\\Core\\Src\\DS18B20.c                 0x00000000   Number         0  ds18b20.o ABSOLUTE
    cdrcmple.s                               0x00000000   Number         0  cdrcmple.o ABSOLUTE
    dc.s                                     0x00000000   Number         0  dc.o ABSOLUTE
    handlers.s                               0x00000000   Number         0  handlers.o ABSOLUTE
    init.s                                   0x00000000   Number         0  init.o ABSOLUTE
    startup_stm32f103xb.s                    0x00000000   Number         0  startup_stm32f103xb.o ABSOLUTE
    RESET                                    0x08000000   Section      236  startup_stm32f103xb.o(RESET)
    .ARM.Collect$$$$00000000                 0x080000ec   Section        0  entry.o(.ARM.Collect$$$$00000000)
    .ARM.Collect$$$$00000001                 0x080000ec   Section        4  entry2.o(.ARM.Collect$$$$00000001)
    .ARM.Collect$$$$00000004                 0x080000f0   Section        4  entry5.o(.ARM.Collect$$$$00000004)
    .ARM.Collect$$$$00000008                 0x080000f4   Section        0  entry7b.o(.ARM.Collect$$$$00000008)
    .ARM.Collect$$$$0000000A                 0x080000f4   Section        0  entry8b.o(.ARM.Collect$$$$0000000A)
    .ARM.Collect$$$$0000000B                 0x080000f4   Section        8  entry9a.o(.ARM.Collect$$$$0000000B)
    .ARM.Collect$$$$0000000D                 0x080000fc   Section        0  entry10a.o(.ARM.Collect$$$$0000000D)
    .ARM.Collect$$$$0000000F                 0x080000fc   Section        0  entry11a.o(.ARM.Collect$$$$0000000F)
    .ARM.Collect$$$$00002712                 0x080000fc   Section        4  entry2.o(.ARM.Collect$$$$00002712)
    __lit__00000000                          0x080000fc   Data           4  entry2.o(.ARM.Collect$$$$00002712)
    .text                                    0x08000100   Section       36  startup_stm32f103xb.o(.text)
    .text                                    0x08000124   Section        0  memseta.o(.text)
    .text                                    0x08000148   Section        0  fmul.o(.text)
    .text                                    0x080001ac   Section        0  dscalb.o(.text)
    .text                                    0x080001da   Section        0  dflti.o(.text)
    .text                                    0x080001fc   Section        0  ffixui.o(.text)
    .text                                    0x08000224   Section        0  d2f.o(.text)
    .text                                    0x0800025c   Section        0  fepilogue.o(.text)
    .text                                    0x0800025c   Section        0  iusefp.o(.text)
    .text                                    0x080002ca   Section        0  depilogue.o(.text)
    .text                                    0x08000384   Section       36  init.o(.text)
    .text                                    0x080003a8   Section        0  llshl.o(.text)
    .text                                    0x080003c6   Section        0  llushr.o(.text)
    i.AT_poll                                0x080003e8   Section        0  main.o(i.AT_poll)
    i.AT_send                                0x08000408   Section        0  main.o(i.AT_send)
    i.BusFault_Handler                       0x08000478   Section        0  stm32f1xx_it.o(i.BusFault_Handler)
    i.DMA1_Channel1_IRQHandler               0x0800047c   Section        0  stm32f1xx_it.o(i.DMA1_Channel1_IRQHandler)
    i.DS18B20_Delay                          0x080004dc   Section        0  ds18b20.o(i.DS18B20_Delay)
    DS18B20_Delay                            0x080004dd   Thumb Code    24  ds18b20.o(i.DS18B20_Delay)
    i.DS18B20_GetTemp_SkipRom                0x080004f4   Section        0  ds18b20.o(i.DS18B20_GetTemp_SkipRom)
    i.DS18B20_Init                           0x08000530   Section        0  ds18b20.o(i.DS18B20_Init)
    i.DS18B20_Mode_IPU                       0x08000584   Section        0  ds18b20.o(i.DS18B20_Mode_IPU)
    DS18B20_Mode_IPU                         0x08000585   Thumb Code    20  ds18b20.o(i.DS18B20_Mode_IPU)
    i.DS18B20_Mode_Out_PP                    0x0800059c   Section        0  ds18b20.o(i.DS18B20_Mode_Out_PP)
    DS18B20_Mode_Out_PP                      0x0800059d   Thumb Code    46  ds18b20.o(i.DS18B20_Mode_Out_PP)
    i.DS18B20_Presence                       0x080005d0   Section        0  ds18b20.o(i.DS18B20_Presence)
    DS18B20_Presence                         0x080005d1   Thumb Code    82  ds18b20.o(i.DS18B20_Presence)
    i.DS18B20_ReadByte                       0x08000628   Section        0  ds18b20.o(i.DS18B20_ReadByte)
    DS18B20_ReadByte                         0x08000629   Thumb Code    78  ds18b20.o(i.DS18B20_ReadByte)
    i.DS18B20_Rst                            0x0800067c   Section        0  ds18b20.o(i.DS18B20_Rst)
    DS18B20_Rst                              0x0800067d   Thumb Code    32  ds18b20.o(i.DS18B20_Rst)
    i.DS18B20_SkipRom                        0x080006a0   Section        0  ds18b20.o(i.DS18B20_SkipRom)
    DS18B20_SkipRom                          0x080006a1   Thumb Code    20  ds18b20.o(i.DS18B20_SkipRom)
    i.DS18B20_WriteByte                      0x080006b4   Section        0  ds18b20.o(i.DS18B20_WriteByte)
    DS18B20_WriteByte                        0x080006b5   Thumb Code    70  ds18b20.o(i.DS18B20_WriteByte)
    i.DebugMon_Handler                       0x08000700   Section        0  stm32f1xx_it.o(i.DebugMon_Handler)
    i.EXTI15_10_IRQHandler                   0x08000704   Section        0  stm32f1xx_it.o(i.EXTI15_10_IRQHandler)
    i.HardFault_Handler                      0x0800073c   Section        0  stm32f1xx_it.o(i.HardFault_Handler)
    i.LL_ADC_CommonInit                      0x08000740   Section        0  stm32f1xx_ll_adc.o(i.LL_ADC_CommonInit)
    i.LL_ADC_Init                            0x08000780   Section        0  stm32f1xx_ll_adc.o(i.LL_ADC_Init)
    i.LL_ADC_REG_Init                        0x080007ac   Section        0  stm32f1xx_ll_adc.o(i.LL_ADC_REG_Init)
    i.LL_ADC_REG_SetSequencerRanks           0x08000800   Section        0  main.o(i.LL_ADC_REG_SetSequencerRanks)
    LL_ADC_REG_SetSequencerRanks             0x08000801   Thumb Code    48  main.o(i.LL_ADC_REG_SetSequencerRanks)
    i.LL_ADC_SetChannelSamplingTime          0x08000830   Section        0  main.o(i.LL_ADC_SetChannelSamplingTime)
    LL_ADC_SetChannelSamplingTime            0x08000831   Thumb Code    70  main.o(i.LL_ADC_SetChannelSamplingTime)
    i.LL_APB1_GRP1_EnableClock               0x08000878   Section        0  main.o(i.LL_APB1_GRP1_EnableClock)
    LL_APB1_GRP1_EnableClock                 0x08000879   Thumb Code    18  main.o(i.LL_APB1_GRP1_EnableClock)
    i.LL_APB2_GRP1_EnableClock               0x08000890   Section        0  main.o(i.LL_APB2_GRP1_EnableClock)
    LL_APB2_GRP1_EnableClock                 0x08000891   Thumb Code    18  main.o(i.LL_APB2_GRP1_EnableClock)
    i.LL_EXTI_Init                           0x080008a8   Section        0  stm32f1xx_ll_exti.o(i.LL_EXTI_Init)
    i.LL_EXTI_IsActiveFlag_0_31              0x08000948   Section        0  stm32f1xx_it.o(i.LL_EXTI_IsActiveFlag_0_31)
    LL_EXTI_IsActiveFlag_0_31                0x08000949   Thumb Code    16  stm32f1xx_it.o(i.LL_EXTI_IsActiveFlag_0_31)
    i.LL_GPIO_AF_SetEXTISource               0x0800095c   Section        0  main.o(i.LL_GPIO_AF_SetEXTISource)
    LL_GPIO_AF_SetEXTISource                 0x0800095d   Thumb Code    32  main.o(i.LL_GPIO_AF_SetEXTISource)
    i.LL_GPIO_Init                           0x08000980   Section        0  stm32f1xx_ll_gpio.o(i.LL_GPIO_Init)
    i.LL_GPIO_SetPinMode                     0x08000a70   Section        0  main.o(i.LL_GPIO_SetPinMode)
    LL_GPIO_SetPinMode                       0x08000a71   Thumb Code    42  main.o(i.LL_GPIO_SetPinMode)
    i.LL_GPIO_StructInit                     0x08000a9a   Section        0  stm32f1xx_ll_gpio.o(i.LL_GPIO_StructInit)
    i.LL_Init1msTick                         0x08000ab0   Section        0  stm32f1xx_ll_utils.o(i.LL_Init1msTick)
    i.LL_RCC_GetSystemClocksFreq             0x08000aca   Section        0  stm32f1xx_ll_rcc.o(i.LL_RCC_GetSystemClocksFreq)
    i.LL_SetSystemCoreClock                  0x08000aec   Section        0  stm32f1xx_ll_utils.o(i.LL_SetSystemCoreClock)
    i.LL_TIM_Init                            0x08000af8   Section        0  stm32f1xx_ll_tim.o(i.LL_TIM_Init)
    i.LL_USART_Init                          0x08000b60   Section        0  stm32f1xx_ll_usart.o(i.LL_USART_Init)
    i.MX_ADC1_Init                           0x08000c44   Section        0  main.o(i.MX_ADC1_Init)
    MX_ADC1_Init                             0x08000c45   Thumb Code   336  main.o(i.MX_ADC1_Init)
    i.MX_DMA_Init                            0x08000db0   Section        0  main.o(i.MX_DMA_Init)
    MX_DMA_Init                              0x08000db1   Thumb Code   134  main.o(i.MX_DMA_Init)
    i.MX_GPIO_Init                           0x08000e4c   Section        0  main.o(i.MX_GPIO_Init)
    MX_GPIO_Init                             0x08000e4d   Thumb Code   222  main.o(i.MX_GPIO_Init)
    i.MX_TIM2_Init                           0x08000f48   Section        0  main.o(i.MX_TIM2_Init)
    MX_TIM2_Init                             0x08000f49   Thumb Code   110  main.o(i.MX_TIM2_Init)
    i.MX_TIM3_Init                           0x08000fb8   Section        0  main.o(i.MX_TIM3_Init)
    MX_TIM3_Init                             0x08000fb9   Thumb Code   144  main.o(i.MX_TIM3_Init)
    i.MX_USART1_UART_Init                    0x0800104c   Section        0  main.o(i.MX_USART1_UART_Init)
    MX_USART1_UART_Init                      0x0800104d   Thumb Code   166  main.o(i.MX_USART1_UART_Init)
    i.MX_USART3_UART_Init                    0x08001104   Section        0  main.o(i.MX_USART3_UART_Init)
    MX_USART3_UART_Init                      0x08001105   Thumb Code   184  main.o(i.MX_USART3_UART_Init)
    i.MemManage_Handler                      0x080011d0   Section        0  stm32f1xx_it.o(i.MemManage_Handler)
    i.NMI_Handler                            0x080011d2   Section        0  stm32f1xx_it.o(i.NMI_Handler)
    i.NVIC_EnableIRQ                         0x080011d4   Section        0  main.o(i.NVIC_EnableIRQ)
    NVIC_EnableIRQ                           0x080011d5   Thumb Code    22  main.o(i.NVIC_EnableIRQ)
    i.NVIC_EncodePriority                    0x080011ea   Section        0  main.o(i.NVIC_EncodePriority)
    NVIC_EncodePriority                      0x080011eb   Thumb Code    50  main.o(i.NVIC_EncodePriority)
    i.NVIC_GetPriorityGrouping               0x0800121c   Section        0  main.o(i.NVIC_GetPriorityGrouping)
    NVIC_GetPriorityGrouping                 0x0800121d   Thumb Code    10  main.o(i.NVIC_GetPriorityGrouping)
    i.NVIC_SetPriority                       0x0800122c   Section        0  main.o(i.NVIC_SetPriority)
    NVIC_SetPriority                         0x0800122d   Thumb Code    32  main.o(i.NVIC_SetPriority)
    i.PendSV_Handler                         0x0800124c   Section        0  stm32f1xx_it.o(i.PendSV_Handler)
    i.RCC_GetHCLKClockFreq                   0x08001250   Section        0  stm32f1xx_ll_rcc.o(i.RCC_GetHCLKClockFreq)
    i.RCC_GetPCLK1ClockFreq                  0x0800126c   Section        0  stm32f1xx_ll_rcc.o(i.RCC_GetPCLK1ClockFreq)
    i.RCC_GetPCLK2ClockFreq                  0x08001288   Section        0  stm32f1xx_ll_rcc.o(i.RCC_GetPCLK2ClockFreq)
    i.RCC_GetSystemClockFreq                 0x080012a4   Section        0  stm32f1xx_ll_rcc.o(i.RCC_GetSystemClockFreq)
    i.RCC_PLL_GetFreqDomain_SYS              0x080012c8   Section        0  stm32f1xx_ll_rcc.o(i.RCC_PLL_GetFreqDomain_SYS)
    i.SVC_Handler                            0x08001304   Section        0  stm32f1xx_it.o(i.SVC_Handler)
    i.SysTick_Handler                        0x08001306   Section        0  stm32f1xx_it.o(i.SysTick_Handler)
    i.SystemClock_Config                     0x08001308   Section        0  main.o(i.SystemClock_Config)
    i.SystemInit                             0x080013b4   Section        0  system_stm32f1xx.o(i.SystemInit)
    i.TIM2_IRQHandler                        0x080013fc   Section        0  stm32f1xx_it.o(i.TIM2_IRQHandler)
    i.TIM3_IRQHandler                        0x08001400   Section        0  stm32f1xx_it.o(i.TIM3_IRQHandler)
    i.USART1_IRQHandler                      0x08001428   Section        0  stm32f1xx_it.o(i.USART1_IRQHandler)
    i.USART3_IRQHandler                      0x08001434   Section        0  stm32f1xx_it.o(i.USART3_IRQHandler)
    i.UsageFault_Handler                     0x080014d4   Section        0  stm32f1xx_it.o(i.UsageFault_Handler)
    i.__0printf$bare                         0x080014d8   Section        0  printfb.o(i.__0printf$bare)
    i.__scatterload_copy                     0x080014e8   Section       14  handlers.o(i.__scatterload_copy)
    i.__scatterload_null                     0x080014f6   Section        2  handlers.o(i.__scatterload_null)
    i.__scatterload_zeroinit                 0x080014f8   Section       14  handlers.o(i.__scatterload_zeroinit)
    i._printf_core                           0x08001506   Section        0  printfb.o(i._printf_core)
    _printf_core                             0x08001507   Thumb Code    34  printfb.o(i._printf_core)
    i.delay                                  0x08001528   Section        0  main.o(i.delay)
    i.fputc                                  0x08001548   Section        0  main.o(i.fputc)
    i.main                                   0x08001560   Section        0  main.o(i.main)
    .constdata                               0x0800175c   Section        7  main.o(.constdata)
    CHANNEL_OFFSET_TAB                       0x0800175c   Data           7  main.o(.constdata)
    .constdata                               0x08001763   Section       16  system_stm32f1xx.o(.constdata)
    .constdata                               0x08001773   Section        8  system_stm32f1xx.o(.constdata)
    .data                                    0x20000000   Section       48  main.o(.data)
    .data                                    0x20000030   Section        4  stm32f1xx_it.o(.data)
    .data                                    0x20000034   Section        4  system_stm32f1xx.o(.data)
    .data                                    0x20000038   Section        4  stdout.o(.data)
    .bss                                     0x2000003c   Section      100  stm32f1xx_it.o(.bss)
    STACK                                    0x200000a0   Section     1024  startup_stm32f103xb.o(STACK)

    Global Symbols

    Symbol Name                              Value     Ov Type        Size  Object(Section)

    BuildAttributes$$THM_ISAv4$P$D$K$B$S$PE$A:L22UL41UL21$X:L11$S22US41US21$IEEE1$IW$USESV6$~STKCKD$USESV7$~SHL$OTIME$ROPI$EBA8$MICROLIB$REQ8$PRES8$EABIv2 0x00000000   Number         0  anon$$obj.o ABSOLUTE
    __ARM_use_no_argv                        0x00000000   Number         0  main.o ABSOLUTE
    __cpp_initialize__aeabi_                  - Undefined Weak Reference
    __cxa_finalize                            - Undefined Weak Reference
    __decompress                              - Undefined Weak Reference
    _clock_init                               - Undefined Weak Reference
    _microlib_exit                            - Undefined Weak Reference
    __Vectors_Size                           0x000000ec   Number         0  startup_stm32f103xb.o ABSOLUTE
    __Vectors                                0x08000000   Data           4  startup_stm32f103xb.o(RESET)
    __Vectors_End                            0x080000ec   Data           0  startup_stm32f103xb.o(RESET)
    __main                                   0x080000ed   Thumb Code     0  entry.o(.ARM.Collect$$$$00000000)
    _main_stk                                0x080000ed   Thumb Code     0  entry2.o(.ARM.Collect$$$$00000001)
    _main_scatterload                        0x080000f1   Thumb Code     0  entry5.o(.ARM.Collect$$$$00000004)
    __main_after_scatterload                 0x080000f5   Thumb Code     0  entry5.o(.ARM.Collect$$$$00000004)
    _main_clock                              0x080000f5   Thumb Code     0  entry7b.o(.ARM.Collect$$$$00000008)
    _main_cpp_init                           0x080000f5   Thumb Code     0  entry8b.o(.ARM.Collect$$$$0000000A)
    _main_init                               0x080000f5   Thumb Code     0  entry9a.o(.ARM.Collect$$$$0000000B)
    __rt_final_cpp                           0x080000fd   Thumb Code     0  entry10a.o(.ARM.Collect$$$$0000000D)
    __rt_final_exit                          0x080000fd   Thumb Code     0  entry11a.o(.ARM.Collect$$$$0000000F)
    Reset_Handler                            0x08000101   Thumb Code     8  startup_stm32f103xb.o(.text)
    ADC1_2_IRQHandler                        0x0800011b   Thumb Code     0  startup_stm32f103xb.o(.text)
    CAN1_RX1_IRQHandler                      0x0800011b   Thumb Code     0  startup_stm32f103xb.o(.text)
    CAN1_SCE_IRQHandler                      0x0800011b   Thumb Code     0  startup_stm32f103xb.o(.text)
    DMA1_Channel2_IRQHandler                 0x0800011b   Thumb Code     0  startup_stm32f103xb.o(.text)
    DMA1_Channel3_IRQHandler                 0x0800011b   Thumb Code     0  startup_stm32f103xb.o(.text)
    DMA1_Channel4_IRQHandler                 0x0800011b   Thumb Code     0  startup_stm32f103xb.o(.text)
    DMA1_Channel5_IRQHandler                 0x0800011b   Thumb Code     0  startup_stm32f103xb.o(.text)
    DMA1_Channel6_IRQHandler                 0x0800011b   Thumb Code     0  startup_stm32f103xb.o(.text)
    DMA1_Channel7_IRQHandler                 0x0800011b   Thumb Code     0  startup_stm32f103xb.o(.text)
    EXTI0_IRQHandler                         0x0800011b   Thumb Code     0  startup_stm32f103xb.o(.text)
    EXTI1_IRQHandler                         0x0800011b   Thumb Code     0  startup_stm32f103xb.o(.text)
    EXTI2_IRQHandler                         0x0800011b   Thumb Code     0  startup_stm32f103xb.o(.text)
    EXTI3_IRQHandler                         0x0800011b   Thumb Code     0  startup_stm32f103xb.o(.text)
    EXTI4_IRQHandler                         0x0800011b   Thumb Code     0  startup_stm32f103xb.o(.text)
    EXTI9_5_IRQHandler                       0x0800011b   Thumb Code     0  startup_stm32f103xb.o(.text)
    FLASH_IRQHandler                         0x0800011b   Thumb Code     0  startup_stm32f103xb.o(.text)
    I2C1_ER_IRQHandler                       0x0800011b   Thumb Code     0  startup_stm32f103xb.o(.text)
    I2C1_EV_IRQHandler                       0x0800011b   Thumb Code     0  startup_stm32f103xb.o(.text)
    I2C2_ER_IRQHandler                       0x0800011b   Thumb Code     0  startup_stm32f103xb.o(.text)
    I2C2_EV_IRQHandler                       0x0800011b   Thumb Code     0  startup_stm32f103xb.o(.text)
    PVD_IRQHandler                           0x0800011b   Thumb Code     0  startup_stm32f103xb.o(.text)
    RCC_IRQHandler                           0x0800011b   Thumb Code     0  startup_stm32f103xb.o(.text)
    RTC_Alarm_IRQHandler                     0x0800011b   Thumb Code     0  startup_stm32f103xb.o(.text)
    RTC_IRQHandler                           0x0800011b   Thumb Code     0  startup_stm32f103xb.o(.text)
    SPI1_IRQHandler                          0x0800011b   Thumb Code     0  startup_stm32f103xb.o(.text)
    SPI2_IRQHandler                          0x0800011b   Thumb Code     0  startup_stm32f103xb.o(.text)
    TAMPER_IRQHandler                        0x0800011b   Thumb Code     0  startup_stm32f103xb.o(.text)
    TIM1_BRK_IRQHandler                      0x0800011b   Thumb Code     0  startup_stm32f103xb.o(.text)
    TIM1_CC_IRQHandler                       0x0800011b   Thumb Code     0  startup_stm32f103xb.o(.text)
    TIM1_TRG_COM_IRQHandler                  0x0800011b   Thumb Code     0  startup_stm32f103xb.o(.text)
    TIM1_UP_IRQHandler                       0x0800011b   Thumb Code     0  startup_stm32f103xb.o(.text)
    TIM4_IRQHandler                          0x0800011b   Thumb Code     0  startup_stm32f103xb.o(.text)
    USART2_IRQHandler                        0x0800011b   Thumb Code     0  startup_stm32f103xb.o(.text)
    USBWakeUp_IRQHandler                     0x0800011b   Thumb Code     0  startup_stm32f103xb.o(.text)
    USB_HP_CAN1_TX_IRQHandler                0x0800011b   Thumb Code     0  startup_stm32f103xb.o(.text)
    USB_LP_CAN1_RX0_IRQHandler               0x0800011b   Thumb Code     0  startup_stm32f103xb.o(.text)
    WWDG_IRQHandler                          0x0800011b   Thumb Code     0  startup_stm32f103xb.o(.text)
    __aeabi_memset                           0x08000125   Thumb Code    14  memseta.o(.text)
    __aeabi_memset4                          0x08000125   Thumb Code     0  memseta.o(.text)
    __aeabi_memset8                          0x08000125   Thumb Code     0  memseta.o(.text)
    __aeabi_memclr                           0x08000133   Thumb Code     4  memseta.o(.text)
    __aeabi_memclr4                          0x08000133   Thumb Code     0  memseta.o(.text)
    __aeabi_memclr8                          0x08000133   Thumb Code     0  memseta.o(.text)
    _memset$wrapper                          0x08000137   Thumb Code    18  memseta.o(.text)
    __aeabi_fmul                             0x08000149   Thumb Code   100  fmul.o(.text)
    __ARM_scalbn                             0x080001ad   Thumb Code    46  dscalb.o(.text)
    scalbn                                   0x080001ad   Thumb Code     0  dscalb.o(.text)
    __aeabi_i2d                              0x080001db   Thumb Code    34  dflti.o(.text)
    __aeabi_f2uiz                            0x080001fd   Thumb Code    40  ffixui.o(.text)
    __aeabi_d2f                              0x08000225   Thumb Code    56  d2f.o(.text)
    __I$use$fp                               0x0800025d   Thumb Code     0  iusefp.o(.text)
    _float_round                             0x0800025d   Thumb Code    18  fepilogue.o(.text)
    _float_epilogue                          0x0800026f   Thumb Code    92  fepilogue.o(.text)
    _double_round                            0x080002cb   Thumb Code    30  depilogue.o(.text)
    _double_epilogue                         0x080002e9   Thumb Code   156  depilogue.o(.text)
    __scatterload                            0x08000385   Thumb Code    28  init.o(.text)
    __scatterload_rt2                        0x08000385   Thumb Code     0  init.o(.text)
    __aeabi_llsl                             0x080003a9   Thumb Code    30  llshl.o(.text)
    _ll_shift_l                              0x080003a9   Thumb Code     0  llshl.o(.text)
    __aeabi_llsr                             0x080003c7   Thumb Code    32  llushr.o(.text)
    _ll_ushift_r                             0x080003c7   Thumb Code     0  llushr.o(.text)
    AT_poll                                  0x080003e9   Thumb Code    24  main.o(i.AT_poll)
    AT_send                                  0x08000409   Thumb Code    98  main.o(i.AT_send)
    BusFault_Handler                         0x08000479   Thumb Code     2  stm32f1xx_it.o(i.BusFault_Handler)
    DMA1_Channel1_IRQHandler                 0x0800047d   Thumb Code    58  stm32f1xx_it.o(i.DMA1_Channel1_IRQHandler)
    DS18B20_GetTemp_SkipRom                  0x080004f5   Thumb Code    58  ds18b20.o(i.DS18B20_GetTemp_SkipRom)
    DS18B20_Init                             0x08000531   Thumb Code    76  ds18b20.o(i.DS18B20_Init)
    DebugMon_Handler                         0x08000701   Thumb Code     2  stm32f1xx_it.o(i.DebugMon_Handler)
    EXTI15_10_IRQHandler                     0x08000705   Thumb Code    50  stm32f1xx_it.o(i.EXTI15_10_IRQHandler)
    HardFault_Handler                        0x0800073d   Thumb Code     2  stm32f1xx_it.o(i.HardFault_Handler)
    LL_ADC_CommonInit                        0x08000741   Thumb Code    56  stm32f1xx_ll_adc.o(i.LL_ADC_CommonInit)
    LL_ADC_Init                              0x08000781   Thumb Code    44  stm32f1xx_ll_adc.o(i.LL_ADC_Init)
    LL_ADC_REG_Init                          0x080007ad   Thumb Code    78  stm32f1xx_ll_adc.o(i.LL_ADC_REG_Init)
    LL_EXTI_Init                             0x080008a9   Thumb Code   156  stm32f1xx_ll_exti.o(i.LL_EXTI_Init)
    LL_GPIO_Init                             0x08000981   Thumb Code   240  stm32f1xx_ll_gpio.o(i.LL_GPIO_Init)
    LL_GPIO_StructInit                       0x08000a9b   Thumb Code    22  stm32f1xx_ll_gpio.o(i.LL_GPIO_StructInit)
    LL_Init1msTick                           0x08000ab1   Thumb Code    26  stm32f1xx_ll_utils.o(i.LL_Init1msTick)
    LL_RCC_GetSystemClocksFreq               0x08000acb   Thumb Code    32  stm32f1xx_ll_rcc.o(i.LL_RCC_GetSystemClocksFreq)
    LL_SetSystemCoreClock                    0x08000aed   Thumb Code     6  stm32f1xx_ll_utils.o(i.LL_SetSystemCoreClock)
    LL_TIM_Init                              0x08000af9   Thumb Code    92  stm32f1xx_ll_tim.o(i.LL_TIM_Init)
    LL_USART_Init                            0x08000b61   Thumb Code   214  stm32f1xx_ll_usart.o(i.LL_USART_Init)
    MemManage_Handler                        0x080011d1   Thumb Code     2  stm32f1xx_it.o(i.MemManage_Handler)
    NMI_Handler                              0x080011d3   Thumb Code     2  stm32f1xx_it.o(i.NMI_Handler)
    PendSV_Handler                           0x0800124d   Thumb Code     2  stm32f1xx_it.o(i.PendSV_Handler)
    RCC_GetHCLKClockFreq                     0x08001251   Thumb Code    18  stm32f1xx_ll_rcc.o(i.RCC_GetHCLKClockFreq)
    RCC_GetPCLK1ClockFreq                    0x0800126d   Thumb Code    20  stm32f1xx_ll_rcc.o(i.RCC_GetPCLK1ClockFreq)
    RCC_GetPCLK2ClockFreq                    0x08001289   Thumb Code    20  stm32f1xx_ll_rcc.o(i.RCC_GetPCLK2ClockFreq)
    RCC_GetSystemClockFreq                   0x080012a5   Thumb Code    26  stm32f1xx_ll_rcc.o(i.RCC_GetSystemClockFreq)
    RCC_PLL_GetFreqDomain_SYS                0x080012c9   Thumb Code    48  stm32f1xx_ll_rcc.o(i.RCC_PLL_GetFreqDomain_SYS)
    SVC_Handler                              0x08001305   Thumb Code     2  stm32f1xx_it.o(i.SVC_Handler)
    SysTick_Handler                          0x08001307   Thumb Code     2  stm32f1xx_it.o(i.SysTick_Handler)
    SystemClock_Config                       0x08001309   Thumb Code   158  main.o(i.SystemClock_Config)
    SystemInit                               0x080013b5   Thumb Code    56  system_stm32f1xx.o(i.SystemInit)
    TIM2_IRQHandler                          0x080013fd   Thumb Code     2  stm32f1xx_it.o(i.TIM2_IRQHandler)
    TIM3_IRQHandler                          0x08001401   Thumb Code    30  stm32f1xx_it.o(i.TIM3_IRQHandler)
    USART1_IRQHandler                        0x08001429   Thumb Code     6  stm32f1xx_it.o(i.USART1_IRQHandler)
    USART3_IRQHandler                        0x08001435   Thumb Code   134  stm32f1xx_it.o(i.USART3_IRQHandler)
    UsageFault_Handler                       0x080014d5   Thumb Code     2  stm32f1xx_it.o(i.UsageFault_Handler)
    __0printf$bare                           0x080014d9   Thumb Code     8  printfb.o(i.__0printf$bare)
    __1printf$bare                           0x080014d9   Thumb Code     0  printfb.o(i.__0printf$bare)
    __2printf                                0x080014d9   Thumb Code     0  printfb.o(i.__0printf$bare)
    __scatterload_copy                       0x080014e9   Thumb Code    14  handlers.o(i.__scatterload_copy)
    __scatterload_null                       0x080014f7   Thumb Code     2  handlers.o(i.__scatterload_null)
    __scatterload_zeroinit                   0x080014f9   Thumb Code    14  handlers.o(i.__scatterload_zeroinit)
    delay                                    0x08001529   Thumb Code    30  main.o(i.delay)
    fputc                                    0x08001549   Thumb Code    18  main.o(i.fputc)
    main                                     0x08001561   Thumb Code   418  main.o(i.main)
    AHBPrescTable                            0x08001763   Data          16  system_stm32f1xx.o(.constdata)
    APBPrescTable                            0x08001773   Data           8  system_stm32f1xx.o(.constdata)
    Region$$Table$$Base                      0x0800177c   Number         0  anon$$obj.o(Region$$Table)
    Region$$Table$$Limit                     0x0800179c   Number         0  anon$$obj.o(Region$$Table)
    Radio_OK_Received                        0x20000000   Data           1  main.o(.data)
    Radio_NOK_received                       0x20000001   Data           1  main.o(.data)
    AT_cnt                                   0x20000002   Data           1  main.o(.data)
    MQ2A_Data_Ok                             0x20000003   Data           1  main.o(.data)
    MQ2B_Data_Ok                             0x20000004   Data           1  main.o(.data)
    FRAMECLICK_Data_Ok                       0x20000005   Data           1  main.o(.data)
    _temprature                              0x20000006   Data           2  main.o(.data)
    MQ2A_Data                                0x20000008   Data           2  main.o(.data)
    MQ2B_Data                                0x2000000a   Data           2  main.o(.data)
    FRAMECLICK_Data                          0x2000000c   Data           2  main.o(.data)
    AT_timeout                               0x20000010   Data           4  main.o(.data)
    temprature                               0x20000014   Data           4  main.o(.data)
    aADCxConvertedData                       0x20000018   Data           8  main.o(.data)
    ASCII_CODE                               0x20000020   Data          16  main.o(.data)
    dummy_buff                               0x20000030   Data           2  stm32f1xx_it.o(.data)
    uart3_rxcounter                          0x20000032   Data           2  stm32f1xx_it.o(.data)
    SystemCoreClock                          0x20000034   Data           4  system_stm32f1xx.o(.data)
    __stdout                                 0x20000038   Data           4  stdout.o(.data)
    UART3_RX                                 0x2000003c   Data         100  stm32f1xx_it.o(.bss)
    __initial_sp                             0x200004a0   Data           0  startup_stm32f103xb.o(STACK)



==============================================================================

Memory Map of the image

  Image Entry point : 0x080000ed

  Load Region LR_IROM1 (Base: 0x08000000, Size: 0x000017d8, Max: 0x00020000, ABSOLUTE)

    Execution Region ER_IROM1 (Exec base: 0x08000000, Load base: 0x08000000, Size: 0x0000179c, Max: 0x00020000, ABSOLUTE)

    Exec Addr    Load Addr    Size         Type   Attr      Idx    E Section Name        Object

    0x08000000   0x08000000   0x000000ec   Data   RO            3    RESET               startup_stm32f103xb.o
    0x080000ec   0x080000ec   0x00000000   Code   RO         1136  * .ARM.Collect$$$$00000000  mc_w.l(entry.o)
    0x080000ec   0x080000ec   0x00000004   Code   RO         1413    .ARM.Collect$$$$00000001  mc_w.l(entry2.o)
    0x080000f0   0x080000f0   0x00000004   Code   RO         1416    .ARM.Collect$$$$00000004  mc_w.l(entry5.o)
    0x080000f4   0x080000f4   0x00000000   Code   RO         1418    .ARM.Collect$$$$00000008  mc_w.l(entry7b.o)
    0x080000f4   0x080000f4   0x00000000   Code   RO         1420    .ARM.Collect$$$$0000000A  mc_w.l(entry8b.o)
    0x080000f4   0x080000f4   0x00000008   Code   RO         1421    .ARM.Collect$$$$0000000B  mc_w.l(entry9a.o)
    0x080000fc   0x080000fc   0x00000000   Code   RO         1423    .ARM.Collect$$$$0000000D  mc_w.l(entry10a.o)
    0x080000fc   0x080000fc   0x00000000   Code   RO         1425    .ARM.Collect$$$$0000000F  mc_w.l(entry11a.o)
    0x080000fc   0x080000fc   0x00000004   Code   RO         1414    .ARM.Collect$$$$00002712  mc_w.l(entry2.o)
    0x08000100   0x08000100   0x00000024   Code   RO            4    .text               startup_stm32f103xb.o
    0x08000124   0x08000124   0x00000024   Code   RO         1139    .text               mc_w.l(memseta.o)
    0x08000148   0x08000148   0x00000064   Code   RO         1401    .text               mf_w.l(fmul.o)
    0x080001ac   0x080001ac   0x0000002e   Code   RO         1405    .text               mf_w.l(dscalb.o)
    0x080001da   0x080001da   0x00000022   Code   RO         1407    .text               mf_w.l(dflti.o)
    0x080001fc   0x080001fc   0x00000028   Code   RO         1409    .text               mf_w.l(ffixui.o)
    0x08000224   0x08000224   0x00000038   Code   RO         1411    .text               mf_w.l(d2f.o)
    0x0800025c   0x0800025c   0x00000000   Code   RO         1432    .text               mc_w.l(iusefp.o)
    0x0800025c   0x0800025c   0x0000006e   Code   RO         1433    .text               mf_w.l(fepilogue.o)
    0x080002ca   0x080002ca   0x000000ba   Code   RO         1435    .text               mf_w.l(depilogue.o)
    0x08000384   0x08000384   0x00000024   Code   RO         1445    .text               mc_w.l(init.o)
    0x080003a8   0x080003a8   0x0000001e   Code   RO         1447    .text               mc_w.l(llshl.o)
    0x080003c6   0x080003c6   0x00000020   Code   RO         1449    .text               mc_w.l(llushr.o)
    0x080003e6   0x080003e6   0x00000002   PAD
    0x080003e8   0x080003e8   0x00000020   Code   RO           13    i.AT_poll           main.o
    0x08000408   0x08000408   0x00000070   Code   RO           14    i.AT_send           main.o
    0x08000478   0x08000478   0x00000002   Code   RO          242    i.BusFault_Handler  stm32f1xx_it.o
    0x0800047a   0x0800047a   0x00000002   PAD
    0x0800047c   0x0800047c   0x00000060   Code   RO          243    i.DMA1_Channel1_IRQHandler  stm32f1xx_it.o
    0x080004dc   0x080004dc   0x00000018   Code   RO          401    i.DS18B20_Delay     ds18b20.o
    0x080004f4   0x080004f4   0x0000003a   Code   RO          405    i.DS18B20_GetTemp_SkipRom  ds18b20.o
    0x0800052e   0x0800052e   0x00000002   PAD
    0x08000530   0x08000530   0x00000054   Code   RO          406    i.DS18B20_Init      ds18b20.o
    0x08000584   0x08000584   0x00000018   Code   RO          408    i.DS18B20_Mode_IPU  ds18b20.o
    0x0800059c   0x0800059c   0x00000034   Code   RO          409    i.DS18B20_Mode_Out_PP  ds18b20.o
    0x080005d0   0x080005d0   0x00000058   Code   RO          410    i.DS18B20_Presence  ds18b20.o
    0x08000628   0x08000628   0x00000054   Code   RO          411    i.DS18B20_ReadByte  ds18b20.o
    0x0800067c   0x0800067c   0x00000024   Code   RO          413    i.DS18B20_Rst       ds18b20.o
    0x080006a0   0x080006a0   0x00000014   Code   RO          414    i.DS18B20_SkipRom   ds18b20.o
    0x080006b4   0x080006b4   0x0000004c   Code   RO          415    i.DS18B20_WriteByte  ds18b20.o
    0x08000700   0x08000700   0x00000002   Code   RO          244    i.DebugMon_Handler  stm32f1xx_it.o
    0x08000702   0x08000702   0x00000002   PAD
    0x08000704   0x08000704   0x00000038   Code   RO          245    i.EXTI15_10_IRQHandler  stm32f1xx_it.o
    0x0800073c   0x0800073c   0x00000002   Code   RO          246    i.HardFault_Handler  stm32f1xx_it.o
    0x0800073e   0x0800073e   0x00000002   PAD
    0x08000740   0x08000740   0x00000040   Code   RO          598    i.LL_ADC_CommonInit  stm32f1xx_ll_adc.o
    0x08000780   0x08000780   0x0000002c   Code   RO          603    i.LL_ADC_Init       stm32f1xx_ll_adc.o
    0x080007ac   0x080007ac   0x00000054   Code   RO          604    i.LL_ADC_REG_Init   stm32f1xx_ll_adc.o
    0x08000800   0x08000800   0x00000030   Code   RO           16    i.LL_ADC_REG_SetSequencerRanks  main.o
    0x08000830   0x08000830   0x00000046   Code   RO           17    i.LL_ADC_SetChannelSamplingTime  main.o
    0x08000876   0x08000876   0x00000002   PAD
    0x08000878   0x08000878   0x00000018   Code   RO           18    i.LL_APB1_GRP1_EnableClock  main.o
    0x08000890   0x08000890   0x00000018   Code   RO           19    i.LL_APB2_GRP1_EnableClock  main.o
    0x080008a8   0x080008a8   0x000000a0   Code   RO          753    i.LL_EXTI_Init      stm32f1xx_ll_exti.o
    0x08000948   0x08000948   0x00000014   Code   RO          247    i.LL_EXTI_IsActiveFlag_0_31  stm32f1xx_it.o
    0x0800095c   0x0800095c   0x00000024   Code   RO           20    i.LL_GPIO_AF_SetEXTISource  main.o
    0x08000980   0x08000980   0x000000f0   Code   RO          525    i.LL_GPIO_Init      stm32f1xx_ll_gpio.o
    0x08000a70   0x08000a70   0x0000002a   Code   RO           21    i.LL_GPIO_SetPinMode  main.o
    0x08000a9a   0x08000a9a   0x00000016   Code   RO          526    i.LL_GPIO_StructInit  stm32f1xx_ll_gpio.o
    0x08000ab0   0x08000ab0   0x0000001a   Code   RO         1019    i.LL_Init1msTick    stm32f1xx_ll_utils.o
    0x08000aca   0x08000aca   0x00000020   Code   RO          949    i.LL_RCC_GetSystemClocksFreq  stm32f1xx_ll_rcc.o
    0x08000aea   0x08000aea   0x00000002   PAD
    0x08000aec   0x08000aec   0x0000000c   Code   RO         1023    i.LL_SetSystemCoreClock  stm32f1xx_ll_utils.o
    0x08000af8   0x08000af8   0x00000068   Code   RO          800    i.LL_TIM_Init       stm32f1xx_ll_tim.o
    0x08000b60   0x08000b60   0x000000e4   Code   RO          896    i.LL_USART_Init     stm32f1xx_ll_usart.o
    0x08000c44   0x08000c44   0x0000016c   Code   RO           22    i.MX_ADC1_Init      main.o
    0x08000db0   0x08000db0   0x0000009c   Code   RO           23    i.MX_DMA_Init       main.o
    0x08000e4c   0x08000e4c   0x000000fc   Code   RO           24    i.MX_GPIO_Init      main.o
    0x08000f48   0x08000f48   0x0000006e   Code   RO           25    i.MX_TIM2_Init      main.o
    0x08000fb6   0x08000fb6   0x00000002   PAD
    0x08000fb8   0x08000fb8   0x00000094   Code   RO           26    i.MX_TIM3_Init      main.o
    0x0800104c   0x0800104c   0x000000b8   Code   RO           27    i.MX_USART1_UART_Init  main.o
    0x08001104   0x08001104   0x000000cc   Code   RO           28    i.MX_USART3_UART_Init  main.o
    0x080011d0   0x080011d0   0x00000002   Code   RO          248    i.MemManage_Handler  stm32f1xx_it.o
    0x080011d2   0x080011d2   0x00000002   Code   RO          249    i.NMI_Handler       stm32f1xx_it.o
    0x080011d4   0x080011d4   0x00000016   Code   RO           29    i.NVIC_EnableIRQ    main.o
    0x080011ea   0x080011ea   0x00000032   Code   RO           30    i.NVIC_EncodePriority  main.o
    0x0800121c   0x0800121c   0x00000010   Code   RO           31    i.NVIC_GetPriorityGrouping  main.o
    0x0800122c   0x0800122c   0x00000020   Code   RO           32    i.NVIC_SetPriority  main.o
    0x0800124c   0x0800124c   0x00000002   Code   RO          250    i.PendSV_Handler    stm32f1xx_it.o
    0x0800124e   0x0800124e   0x00000002   PAD
    0x08001250   0x08001250   0x0000001c   Code   RO          951    i.RCC_GetHCLKClockFreq  stm32f1xx_ll_rcc.o
    0x0800126c   0x0800126c   0x0000001c   Code   RO          952    i.RCC_GetPCLK1ClockFreq  stm32f1xx_ll_rcc.o
    0x08001288   0x08001288   0x0000001c   Code   RO          953    i.RCC_GetPCLK2ClockFreq  stm32f1xx_ll_rcc.o
    0x080012a4   0x080012a4   0x00000024   Code   RO          954    i.RCC_GetSystemClockFreq  stm32f1xx_ll_rcc.o
    0x080012c8   0x080012c8   0x0000003c   Code   RO          955    i.RCC_PLL_GetFreqDomain_SYS  stm32f1xx_ll_rcc.o
    0x08001304   0x08001304   0x00000002   Code   RO          251    i.SVC_Handler       stm32f1xx_it.o
    0x08001306   0x08001306   0x00000002   Code   RO          252    i.SysTick_Handler   stm32f1xx_it.o
    0x08001308   0x08001308   0x000000ac   Code   RO           33    i.SystemClock_Config  main.o
    0x080013b4   0x080013b4   0x00000048   Code   RO         1102    i.SystemInit        system_stm32f1xx.o
    0x080013fc   0x080013fc   0x00000002   Code   RO          253    i.TIM2_IRQHandler   stm32f1xx_it.o
    0x080013fe   0x080013fe   0x00000002   PAD
    0x08001400   0x08001400   0x00000028   Code   RO          254    i.TIM3_IRQHandler   stm32f1xx_it.o
    0x08001428   0x08001428   0x0000000c   Code   RO          255    i.USART1_IRQHandler  stm32f1xx_it.o
    0x08001434   0x08001434   0x000000a0   Code   RO          256    i.USART3_IRQHandler  stm32f1xx_it.o
    0x080014d4   0x080014d4   0x00000002   Code   RO          257    i.UsageFault_Handler  stm32f1xx_it.o
    0x080014d6   0x080014d6   0x00000002   PAD
    0x080014d8   0x080014d8   0x00000010   Code   RO         1142    i.__0printf$bare    mc_w.l(printfb.o)
    0x080014e8   0x080014e8   0x0000000e   Code   RO         1455    i.__scatterload_copy  mc_w.l(handlers.o)
    0x080014f6   0x080014f6   0x00000002   Code   RO         1456    i.__scatterload_null  mc_w.l(handlers.o)
    0x080014f8   0x080014f8   0x0000000e   Code   RO         1457    i.__scatterload_zeroinit  mc_w.l(handlers.o)
    0x08001506   0x08001506   0x00000022   Code   RO         1149    i._printf_core      mc_w.l(printfb.o)
    0x08001528   0x08001528   0x0000001e   Code   RO           34    i.delay             main.o
    0x08001546   0x08001546   0x00000002   PAD
    0x08001548   0x08001548   0x00000018   Code   RO           35    i.fputc             main.o
    0x08001560   0x08001560   0x000001fc   Code   RO           36    i.main              main.o
    0x0800175c   0x0800175c   0x00000007   Data   RO           37    .constdata          main.o
    0x08001763   0x08001763   0x00000010   Data   RO         1103    .constdata          system_stm32f1xx.o
    0x08001773   0x08001773   0x00000008   Data   RO         1104    .constdata          system_stm32f1xx.o
    0x0800177b   0x0800177b   0x00000001   PAD
    0x0800177c   0x0800177c   0x00000020   Data   RO         1453    Region$$Table       anon$$obj.o


    Execution Region RW_IRAM1 (Exec base: 0x20000000, Load base: 0x0800179c, Size: 0x000004a0, Max: 0x00005000, ABSOLUTE)

    Exec Addr    Load Addr    Size         Type   Attr      Idx    E Section Name        Object

    0x20000000   0x0800179c   0x00000030   Data   RW           38    .data               main.o
    0x20000030   0x080017cc   0x00000004   Data   RW          260    .data               stm32f1xx_it.o
    0x20000034   0x080017d0   0x00000004   Data   RW         1105    .data               system_stm32f1xx.o
    0x20000038   0x080017d4   0x00000004   Data   RW         1427    .data               mc_w.l(stdout.o)
    0x2000003c        -       0x00000064   Zero   RW          258    .bss                stm32f1xx_it.o
    0x200000a0        -       0x00000400   Zero   RW            1    STACK               startup_stm32f103xb.o


==============================================================================

Image component sizes


      Code (inc. data)   RO Data    RW Data    ZI Data      Debug   Object Name

       546         40          0          0          0      17042   ds18b20.o
      2660        276          7         48          0     497887   main.o
        36          8        236          0       1024        796   startup_stm32f103xb.o
       404         90          0          4        100      58275   stm32f1xx_it.o
       192         14          0          0          0      38532   stm32f1xx_ll_adc.o
       160          4          0          0          0       4871   stm32f1xx_ll_exti.o
       262          0          0          0          0     360404   stm32f1xx_ll_gpio.o
       212         48          0          0          0      13367   stm32f1xx_ll_rcc.o
       104         12          0          0          0      29778   stm32f1xx_ll_tim.o
       228         14          0          0          0      23652   stm32f1xx_ll_usart.o
        38          6          0          0          0       4961   stm32f1xx_ll_utils.o
        72         16         24          4          0       1167   system_stm32f1xx.o

    ----------------------------------------------------------------------
      4936        528        300         56       1124    1050732   Object Totals
         0          0         32          0          0          0   (incl. Generated)
        22          0          1          0          0          0   (incl. Padding)

    ----------------------------------------------------------------------

      Code (inc. data)   RO Data    RW Data    ZI Data      Debug   Library Member Name

         0          0          0          0          0          0   entry.o
         0          0          0          0          0          0   entry10a.o
         0          0          0          0          0          0   entry11a.o
         8          4          0          0          0          0   entry2.o
         4          0          0          0          0          0   entry5.o
         0          0          0          0          0          0   entry7b.o
         0          0          0          0          0          0   entry8b.o
         8          4          0          0          0          0   entry9a.o
        30          0          0          0          0          0   handlers.o
        36          8          0          0          0         68   init.o
         0          0          0          0          0          0   iusefp.o
        30          0          0          0          0         68   llshl.o
        32          0          0          0          0         68   llushr.o
        36          0          0          0          0        108   memseta.o
        50          8          0          0          0        152   printfb.o
         0          0          0          4          0          0   stdout.o
        56          0          0          0          0         88   d2f.o
       186          0          0          0          0        176   depilogue.o
        34          0          0          0          0         76   dflti.o
        46          0          0          0          0         80   dscalb.o
       110          0          0          0          0        168   fepilogue.o
        40          0          0          0          0         68   ffixui.o
       100          0          0          0          0         76   fmul.o

    ----------------------------------------------------------------------
       808         24          0          4          0       1196   Library Totals
         2          0          0          0          0          0   (incl. Padding)

    ----------------------------------------------------------------------

      Code (inc. data)   RO Data    RW Data    ZI Data      Debug   Library Name

       234         24          0          4          0        464   mc_w.l
       572          0          0          0          0        732   mf_w.l

    ----------------------------------------------------------------------
       808         24          0          4          0       1196   Library Totals

    ----------------------------------------------------------------------

==============================================================================


      Code (inc. data)   RO Data    RW Data    ZI Data      Debug   

      5744        552        300         60       1124    1048284   Grand Totals
      5744        552        300         60       1124    1048284   ELF Image Totals
      5744        552        300         60          0          0   ROM Totals

==============================================================================

    Total RO  Size (Code + RO Data)                 6044 (   5.90kB)
    Total RW  Size (RW Data + ZI Data)              1184 (   1.16kB)
    Total ROM Size (Code + RO Data + RW Data)       6104 (   5.96kB)

==============================================================================

