Component: ARM Compiler 5.06 update 6 (build 750) Tool: armlink [4d35ed]

==============================================================================

Section Cross References

    mlm32l07x01.o(i.OnTcxoStopTimerEvent) refers to timeserver.o(i.TimerStop) for TimerStop
    mlm32l07x01.o(i.OnTcxoStopTimerEvent) refers to hw_gpio.o(i.HW_GPIO_Write) for HW_GPIO_Write
    mlm32l07x01.o(i.OnTcxoStopTimerEvent) refers to mlm32l07x01.o(.bss) for .bss
    mlm32l07x01.o(i.SX1276IoDeInit) refers to memseta.o(.text) for __aeabi_memclr4
    mlm32l07x01.o(i.SX1276IoDeInit) refers to hw_gpio.o(i.HW_GPIO_Init) for HW_GPIO_Init
    mlm32l07x01.o(i.SX1276IoInit) refers to memseta.o(.text) for __aeabi_memclr4
    mlm32l07x01.o(i.SX1276IoInit) refers to hw_gpio.o(i.HW_GPIO_Init) for HW_GPIO_Init
    mlm32l07x01.o(i.SX1276IoIrqInit) refers to hw_gpio.o(i.HW_GPIO_SetIrq) for HW_GPIO_SetIrq
    mlm32l07x01.o(i.SX1276SetAntSw) refers to sx1276.o(i.SX1276Read) for SX1276Read
    mlm32l07x01.o(i.SX1276SetAntSw) refers to hw_gpio.o(i.HW_GPIO_Write) for HW_GPIO_Write
    mlm32l07x01.o(i.SX1276SetAntSw) refers to sx1276.o(.bss) for SX1276
    mlm32l07x01.o(i.SX1276SetAntSwLowPower) refers to memseta.o(.text) for __aeabi_memclr4
    mlm32l07x01.o(i.SX1276SetAntSwLowPower) refers to hw_gpio.o(i.HW_GPIO_Init) for HW_GPIO_Init
    mlm32l07x01.o(i.SX1276SetAntSwLowPower) refers to hw_gpio.o(i.HW_GPIO_Write) for HW_GPIO_Write
    mlm32l07x01.o(i.SX1276SetAntSwLowPower) refers to timeserver.o(i.TimerInit) for TimerInit
    mlm32l07x01.o(i.SX1276SetAntSwLowPower) refers to timeserver.o(i.TimerSetValue) for TimerSetValue
    mlm32l07x01.o(i.SX1276SetAntSwLowPower) refers to timeserver.o(i.TimerStart) for TimerStart
    mlm32l07x01.o(i.SX1276SetAntSwLowPower) refers to timeserver.o(i.TimerStop) for TimerStop
    mlm32l07x01.o(i.SX1276SetAntSwLowPower) refers to delay.o(i.DelayMs) for DelayMs
    mlm32l07x01.o(i.SX1276SetAntSwLowPower) refers to mlm32l07x01.o(.data) for .data
    mlm32l07x01.o(i.SX1276SetAntSwLowPower) refers to mlm32l07x01.o(i.OnTcxoStopTimerEvent) for OnTcxoStopTimerEvent
    mlm32l07x01.o(i.SX1276SetAntSwLowPower) refers to mlm32l07x01.o(.bss) for .bss
    mlm32l07x01.o(i.SX1276SetRfTxPower) refers to sx1276.o(i.SX1276Read) for SX1276Read
    mlm32l07x01.o(i.SX1276SetRfTxPower) refers to sx1276.o(i.SX1276Write) for SX1276Write
    mlm32l07x01.o(.constdata) refers to mlm32l07x01.o(i.SX1276IoInit) for SX1276IoInit
    mlm32l07x01.o(.constdata) refers to mlm32l07x01.o(i.SX1276IoDeInit) for SX1276IoDeInit
    mlm32l07x01.o(.constdata) refers to sx1276.o(i.SX1276Init) for SX1276Init
    mlm32l07x01.o(.constdata) refers to sx1276.o(i.SX1276GetStatus) for SX1276GetStatus
    mlm32l07x01.o(.constdata) refers to sx1276.o(i.SX1276SetModem) for SX1276SetModem
    mlm32l07x01.o(.constdata) refers to sx1276.o(i.SX1276SetChannel) for SX1276SetChannel
    mlm32l07x01.o(.constdata) refers to sx1276.o(i.SX1276IsChannelFree) for SX1276IsChannelFree
    mlm32l07x01.o(.constdata) refers to sx1276.o(i.SX1276Random) for SX1276Random
    mlm32l07x01.o(.constdata) refers to sx1276.o(i.SX1276SetRxConfig) for SX1276SetRxConfig
    mlm32l07x01.o(.constdata) refers to sx1276.o(i.SX1276SetTxConfig) for SX1276SetTxConfig
    mlm32l07x01.o(.constdata) refers to mlm32l07x01.o(i.SX1276CheckRfFrequency) for SX1276CheckRfFrequency
    mlm32l07x01.o(.constdata) refers to sx1276.o(i.SX1276GetTimeOnAir) for SX1276GetTimeOnAir
    mlm32l07x01.o(.constdata) refers to sx1276.o(i.SX1276Send) for SX1276Send
    mlm32l07x01.o(.constdata) refers to sx1276.o(i.SX1276SetSleep) for SX1276SetSleep
    mlm32l07x01.o(.constdata) refers to sx1276.o(i.SX1276SetStby) for SX1276SetStby
    mlm32l07x01.o(.constdata) refers to sx1276.o(i.SX1276SetRx) for SX1276SetRx
    mlm32l07x01.o(.constdata) refers to sx1276.o(i.SX1276StartCad) for SX1276StartCad
    mlm32l07x01.o(.constdata) refers to sx1276.o(i.SX1276SetTxContinuousWave) for SX1276SetTxContinuousWave
    mlm32l07x01.o(.constdata) refers to sx1276.o(i.SX1276ReadRssi) for SX1276ReadRssi
    mlm32l07x01.o(.constdata) refers to sx1276.o(i.SX1276Write) for SX1276Write
    mlm32l07x01.o(.constdata) refers to sx1276.o(i.SX1276Read) for SX1276Read
    mlm32l07x01.o(.constdata) refers to sx1276.o(i.SX1276WriteBuffer) for SX1276WriteBuffer
    mlm32l07x01.o(.constdata) refers to sx1276.o(i.SX1276ReadBuffer) for SX1276ReadBuffer
    mlm32l07x01.o(.constdata) refers to sx1276.o(i.SX1276SetSyncWord) for SX1276SetSyncWord
    mlm32l07x01.o(.constdata) refers to sx1276.o(i.SX1276SetMaxPayloadLength) for SX1276SetMaxPayloadLength
    sx1276.o(i.GetFskBandwidthRegValue) refers to sx1276.o(.constdata) for .constdata
    sx1276.o(i.RxChainCalibration) refers to sx1276.o(i.SX1276Read) for SX1276Read
    sx1276.o(i.RxChainCalibration) refers to sx1276.o(i.SX1276Write) for SX1276Write
    sx1276.o(i.RxChainCalibration) refers to sx1276.o(i.SX1276SetChannel) for SX1276SetChannel
[...]
    i.BSP_LED_Toggle                         0x08000850   Section        0  b-l072z-lrwan1.o(i.BSP_LED_Toggle)
    i.DBG_Init                               0x0800086c   Section        0  debug.o(i.DBG_Init)
    i.DelayMs                                0x080008b0   Section        0  delay.o(i.DelayMs)
    i.EXTI0_1_IRQHandler                     0x080008b8   Section        0  mlm32l0xx_it.o(i.EXTI0_1_IRQHandler)
    i.EXTI2_3_IRQHandler                     0x080008c8   Section        0  mlm32l0xx_it.o(i.EXTI2_3_IRQHandler)
    i.EXTI4_15_IRQHandler                    0x080008d8   Section        0  mlm32l0xx_it.o(i.EXTI4_15_IRQHandler)
    i.Error_Handler                          0x08000934   Section        0  debug.o(i.Error_Handler)
    i.GetFskBandwidthRegValue                0x08000938   Section        0  sx1276.o(i.GetFskBandwidthRegValue)
    GetFskBandwidthRegValue                  0x08000939   Thumb Code    40  sx1276.o(i.GetFskBandwidthRegValue)
    i.HAL_ADC_Init                           0x08000964   Section        0  stm32l0xx_hal_adc.o(i.HAL_ADC_Init)
    i.HAL_ADC_MspInit                        0x08000b28   Section        0  stm32l0xx_hal_adc.o(i.HAL_ADC_MspInit)
    i.HAL_DBGMCU_DisableDBGSleepMode         0x08000b2c   Section        0  stm32l0xx_hal.o(i.HAL_DBGMCU_DisableDBGSleepMode)
    i.HAL_DBGMCU_DisableDBGStandbyMode       0x08000b3c   Section        0  stm32l0xx_hal.o(i.HAL_DBGMCU_DisableDBGStandbyMode)
    i.HAL_DBGMCU_DisableDBGStopMode          0x08000b4c   Section        0  stm32l0xx_hal.o(i.HAL_DBGMCU_DisableDBGStopMode)
    i.HAL_GPIO_EXTI_Callback                 0x08000b5c   Section        0  mlm32l0xx_hal_msp.o(i.HAL_GPIO_EXTI_Callback)
    i.HAL_GPIO_EXTI_IRQHandler               0x08000b64   Section        0  stm32l0xx_hal_gpio.o(i.HAL_GPIO_EXTI_IRQHandler)
    i.HAL_GPIO_Init                          0x08000b7c   Section        0  stm32l0xx_hal_gpio.o(i.HAL_GPIO_Init)
    i.HAL_GPIO_TogglePin                     0x08000d00   Section        0  stm32l0xx_hal_gpio.o(i.HAL_GPIO_TogglePin)
    i.HAL_GPIO_WritePin                      0x08000d08   Section        0  stm32l0xx_hal_gpio.o(i.HAL_GPIO_WritePin)
    i.HAL_GetTick                            0x08000d14   Section        0  stm32l0xx_hal.o(i.HAL_GetTick)
    i.HAL_IncTick                            0x08000d20   Section        0  stm32l0xx_hal.o(i.HAL_IncTick)
    i.HAL_Init                               0x08000d30   Section        0  stm32l0xx_hal.o(i.HAL_Init)
    i.HAL_InitTick                           0x08000d50   Section        0  mlm32l0xx_hal_msp.o(i.HAL_InitTick)
    i.HAL_MspInit                            0x08000d54   Section        0  mlm32l0xx_hal_msp.o(i.HAL_MspInit)
    i.HAL_NVIC_ClearPendingIRQ               0x08000d74   Section        0  stm32l0xx_hal_cortex.o(i.HAL_NVIC_ClearPendingIRQ)
    i.HAL_NVIC_EnableIRQ                     0x08000d88   Section        0  stm32l0xx_hal_cortex.o(i.HAL_NVIC_EnableIRQ)
    i.HAL_NVIC_GetPendingIRQ                 0x08000d9c   Section        0  stm32l0xx_hal_cortex.o(i.HAL_NVIC_GetPendingIRQ)
    i.HAL_NVIC_SetPendingIRQ                 0x08000db8   Section        0  stm32l0xx_hal_cortex.o(i.HAL_NVIC_SetPendingIRQ)
    i.HAL_NVIC_SetPriority                   0x08000dcc   Section        0  stm32l0xx_hal_cortex.o(i.HAL_NVIC_SetPriority)
    i.HAL_PWREx_EnableFastWakeUp             0x08000dd4   Section        0  stm32l0xx_hal_pwr_ex.o(i.HAL_PWREx_EnableFastWakeUp)
    i.HAL_PWREx_EnableUltraLowPower          0x08000de4   Section        0  stm32l0xx_hal_pwr_ex.o(i.HAL_PWREx_EnableUltraLowPower)
    i.HAL_PWR_DisablePVD                     0x08000df4   Section        0  stm32l0xx_hal_pwr.o(i.HAL_PWR_DisablePVD)
    i.HAL_PWR_EnterSLEEPMode                 0x08000e04   Section        0  stm32l0xx_hal_pwr.o(i.HAL_PWR_EnterSLEEPMode)
    i.HAL_PWR_EnterSTOPMode                  0x08000e34   Section        0  stm32l0xx_hal_pwr.o(i.HAL_PWR_EnterSTOPMode)
    i.HAL_RCCEx_GetPeriphCLKFreq             0x08000e68   Section        0  stm32l0xx_hal_rcc_ex.o(i.HAL_RCCEx_GetPeriphCLKFreq)
    i.HAL_RCCEx_PeriphCLKConfig              0x08001028   Section        0  stm32l0xx_hal_rcc_ex.o(i.HAL_RCCEx_PeriphCLKConfig)
    i.HAL_RCC_ClockConfig                    0x080011b4   Section        0  stm32l0xx_hal_rcc.o(i.HAL_RCC_ClockConfig)
    i.HAL_RCC_GetPCLK1Freq                   0x0800131c   Section        0  stm32l0xx_hal_rcc.o(i.HAL_RCC_GetPCLK1Freq)
    i.HAL_RCC_GetPCLK2Freq                   0x0800133c   Section        0  stm32l0xx_hal_rcc.o(i.HAL_RCC_GetPCLK2Freq)
    i.HAL_RCC_GetSysClockFreq                0x0800135c   Section        0  stm32l0xx_hal_rcc.o(i.HAL_RCC_GetSysClockFreq)
    i.HAL_RCC_OscConfig                      0x080013d4   Section        0  stm32l0xx_hal_rcc.o(i.HAL_RCC_OscConfig)
    i.HAL_RTCEx_AlarmBEventCallback          0x08001830   Section        0  stm32l0xx_hal_rtc_ex.o(i.HAL_RTCEx_AlarmBEventCallback)
    i.HAL_RTCEx_EnableBypassShadow           0x08001832   Section        0  stm32l0xx_hal_rtc_ex.o(i.HAL_RTCEx_EnableBypassShadow)
    i.HAL_RTC_AlarmAEventCallback            0x0800186e   Section        0  mlm32l0xx_hal_msp.o(i.HAL_RTC_AlarmAEventCallback)
    i.HAL_RTC_AlarmIRQHandler                0x08001878   Section        0  stm32l0xx_hal_rtc.o(i.HAL_RTC_AlarmIRQHandler)
    i.HAL_RTC_DeactivateAlarm                0x080018d8   Section        0  stm32l0xx_hal_rtc.o(i.HAL_RTC_DeactivateAlarm)
    i.HAL_RTC_GetAlarm                       0x08001990   Section        0  stm32l0xx_hal_rtc.o(i.HAL_RTC_GetAlarm)
    i.HAL_RTC_GetDate                        0x08001a1c   Section        0  stm32l0xx_hal_rtc.o(i.HAL_RTC_GetDate)
    i.HAL_RTC_GetTime                        0x08001a60   Section        0  stm32l0xx_hal_rtc.o(i.HAL_RTC_GetTime)
    i.HAL_RTC_Init                           0x08001abc   Section        0  stm32l0xx_hal_rtc.o(i.HAL_RTC_Init)
    i.HAL_RTC_MspInit                        0x08001b60   Section        0  mlm32l0xx_hal_msp.o(i.HAL_RTC_MspInit)
    i.HAL_RTC_SetAlarm_IT                    0x08001bbc   Section        0  stm32l0xx_hal_rtc.o(i.HAL_RTC_SetAlarm_IT)
    i.HAL_RTC_SetDate                        0x08001d5c   Section        0  stm32l0xx_hal_rtc.o(i.HAL_RTC_SetDate)
    i.HAL_RTC_SetTime                        0x08001e28   Section        0  stm32l0xx_hal_rtc.o(i.HAL_RTC_SetTime)
    i.HAL_RTC_WaitForSynchro                 0x08001f18   Section        0  stm32l0xx_hal_rtc.o(i.HAL_RTC_WaitForSynchro)
    i.HAL_SPI_DeInit                         0x08001f4c   Section        0  stm32l0xx_hal_spi.o(i.HAL_SPI_DeInit)
    i.HAL_SPI_Init                           0x08001f7c   Section        0  stm32l0xx_hal_spi.o(i.HAL_SPI_Init)
    i.HAL_SPI_MspDeInit                      0x08002000   Section        0  stm32l0xx_hal_spi.o(i.HAL_SPI_MspDeInit)
    i.HAL_SPI_MspInit                        0x08002002   Section        0  stm32l0xx_hal_spi.o(i.HAL_SPI_MspInit)
    i.HAL_SPI_TransmitReceive                0x08002004   Section        0  stm32l0xx_hal_spi.o(i.HAL_SPI_TransmitReceive)
    i.HAL_UART_DeInit                        0x080022bc   Section        0  stm32l0xx_hal_uart.o(i.HAL_UART_DeInit)
    i.HAL_UART_Init                          0x080022fa   Section        0  stm32l0xx_hal_uart.o(i.HAL_UART_Init)
    i.HAL_UART_MspDeInit                     0x08002366   Section        0  vcom.o(i.HAL_UART_MspDeInit)
    i.HAL_UART_MspInit                       0x08002370   Section        0  vcom.o(i.HAL_UART_MspInit)
    i.HAL_UART_Transmit                      0x08002388   Section        0  stm32l0xx_hal_uart.o(i.HAL_UART_Transmit)
    i.HW_AdcInit                             0x08002450   Section        0  mlm32l0xx_hw.o(i.HW_AdcInit)
    i.HW_DeInit                              0x080024c4   Section        0  mlm32l0xx_hw.o(i.HW_DeInit)
    i.HW_EnterSleepMode                      0x080024e4   Section        0  mlm32l0xx_hw.o(i.HW_EnterSleepMode)
    i.HW_EnterStopMode                       0x080024f0   Section        0  mlm32l0xx_hw.o(i.HW_EnterStopMode)
    i.HW_ExitStopMode                        0x08002518   Section        0  mlm32l0xx_hw.o(i.HW_ExitStopMode)
    i.HW_GPIO_GetBitPos                      0x08002560   Section        0  hw_gpio.o(i.HW_GPIO_GetBitPos)
    HW_GPIO_GetBitPos                        0x08002561   Thumb Code    42  hw_gpio.o(i.HW_GPIO_GetBitPos)
    i.HW_GPIO_Init                           0x08002598   Section        0  hw_gpio.o(i.HW_GPIO_Init)
    i.HW_GPIO_IrqHandler                     0x080025ec   Section        0  hw_gpio.o(i.HW_GPIO_IrqHandler)
    i.HW_GPIO_SetIrq                         0x08002604   Section        0  hw_gpio.o(i.HW_GPIO_SetIrq)
    i.HW_GPIO_Write                          0x08002638   Section        0  hw_gpio.o(i.HW_GPIO_Write)
    i.HW_Init                                0x08002644   Section        0  mlm32l0xx_hw.o(i.HW_Init)
    i.HW_RTC_DelayMs                         0x0800268c   Section        0  hw_rtc.o(i.HW_RTC_DelayMs)
    i.HW_RTC_GetCalendarValue                0x080026b4   Section        0  hw_rtc.o(i.HW_RTC_GetCalendarValue)
    HW_RTC_GetCalendarValue                  0x080026b5   Thumb Code   168  hw_rtc.o(i.HW_RTC_GetCalendarValue)
    i.HW_RTC_GetMinimumTimeout               0x08002774   Section        0  hw_rtc.o(i.HW_RTC_GetMinimumTimeout)
    i.HW_RTC_GetTimerContext                 0x08002778   Section        0  hw_rtc.o(i.HW_RTC_GetTimerContext)
    i.HW_RTC_GetTimerElapsedTime             0x08002784   Section        0  hw_rtc.o(i.HW_RTC_GetTimerElapsedTime)
    i.HW_RTC_GetTimerValue                   0x080027a0   Section        0  hw_rtc.o(i.HW_RTC_GetTimerValue)
    i.HW_RTC_Init                            0x080027b0   Section        0  hw_rtc.o(i.HW_RTC_Init)
    i.HW_RTC_IrqHandler                      0x080027dc   Section        0  hw_rtc.o(i.HW_RTC_IrqHandler)
    i.HW_RTC_SetAlarm                        0x080027f0   Section        0  hw_rtc.o(i.HW_RTC_SetAlarm)
    i.HW_RTC_SetConfig                       0x08002834   Section        0  hw_rtc.o(i.HW_RTC_SetConfig)
    HW_RTC_SetConfig                         0x08002835   Thumb Code    84  hw_rtc.o(i.HW_RTC_SetConfig)
    i.HW_RTC_SetTimerContext                 0x08002894   Section        0  hw_rtc.o(i.HW_RTC_SetTimerContext)
    i.HW_RTC_StartWakeUpAlarm                0x080028ac   Section        0  hw_rtc.o(i.HW_RTC_StartWakeUpAlarm)
    HW_RTC_StartWakeUpAlarm                  0x080028ad   Thumb Code   264  hw_rtc.o(i.HW_RTC_StartWakeUpAlarm)
    i.HW_RTC_StopAlarm                       0x080029c4   Section        0  hw_rtc.o(i.HW_RTC_StopAlarm)
    i.HW_RTC_ms2Tick                         0x080029e4   Section        0  hw_rtc.o(i.HW_RTC_ms2Tick)
    i.HW_RTC_setMcuWakeUpTime                0x080029f4   Section        0  hw_rtc.o(i.HW_RTC_setMcuWakeUpTime)
    i.HW_SPI_DeInit                          0x08002a68   Section        0  hw_spi.o(i.HW_SPI_DeInit)
    i.HW_SPI_InOut                           0x08002b04   Section        0  hw_spi.o(i.HW_SPI_InOut)
    i.HW_SPI_Init                            0x08002b24   Section        0  hw_spi.o(i.HW_SPI_Init)
    i.HardFault_Handler                      0x08002c00   Section        0  mlm32l0xx_it.o(i.HardFault_Handler)
    i.LowPower_Disable                       0x08002c04   Section        0  low_power.o(i.LowPower_Disable)
    i.LowPower_Enable                        0x08002c1c   Section        0  low_power.o(i.LowPower_Enable)
    i.LowPower_GetState                      0x08002c34   Section        0  low_power.o(i.LowPower_GetState)
    i.LowPower_Handler                       0x08002c40   Section        0  low_power.o(i.LowPower_Handler)
    i.MSP_GetIRQn                            0x08002c64   Section        0  mlm32l0xx_hal_msp.o(i.MSP_GetIRQn)
    i.NMI_Handler                            0x08002c94   Section        0  mlm32l0xx_it.o(i.NMI_Handler)
    i.NVIC_SetPriority                       0x08002c98   Section        0  stm32l0xx_hal_cortex.o(i.NVIC_SetPriority)
    NVIC_SetPriority                         0x08002c99   Thumb Code    60  stm32l0xx_hal_cortex.o(i.NVIC_SetPriority)
    i.OnRxDone                               0x08002cdc   Section        0  main.o(i.OnRxDone)
    i.OnRxTimeout                            0x08002d10   Section        0  main.o(i.OnRxTimeout)
    i.OnTcxoStopTimerEvent                   0x08002d28   Section        0  mlm32l07x01.o(i.OnTcxoStopTimerEvent)
    OnTcxoStopTimerEvent                     0x08002d29   Thumb Code    24  mlm32l07x01.o(i.OnTcxoStopTimerEvent)
    i.OnledEvent                             0x08002d44   Section        0  main.o(i.OnledEvent)
    OnledEvent                               0x08002d45   Thumb Code    34  main.o(i.OnledEvent)
    i.PendSV_Handler                         0x08002d6c   Section        0  mlm32l0xx_it.o(i.PendSV_Handler)
    i.RCC_SetFlashLatencyFromMSIRange        0x08002d70   Section        0  stm32l0xx_hal_rcc.o(i.RCC_SetFlashLatencyFromMSIRange)
    RCC_SetFlashLatencyFromMSIRange          0x08002d71   Thumb Code    94  stm32l0xx_hal_rcc.o(i.RCC_SetFlashLatencyFromMSIRange)
    i.RTC_Bcd2ToByte                         0x08002de0   Section        0  stm32l0xx_hal_rtc.o(i.RTC_Bcd2ToByte)
    i.RTC_ByteToBcd2                         0x08002df0   Section        0  stm32l0xx_hal_rtc.o(i.RTC_ByteToBcd2)
    i.RTC_EnterInitMode                      0x08002e06   Section        0  stm32l0xx_hal_rtc.o(i.RTC_EnterInitMode)
    i.RTC_IRQHandler                         0x08002e3e   Section        0  mlm32l0xx_it.o(i.RTC_IRQHandler)
    i.RxChainCalibration                     0x08002e48   Section        0  sx1276.o(i.RxChainCalibration)
    RxChainCalibration                       0x08002e49   Thumb Code   138  sx1276.o(i.RxChainCalibration)
    i.SPI_WaitOnFlagUntilTimeout             0x08002edc   Section        0  stm32l0xx_hal_spi.o(i.SPI_WaitOnFlagUntilTimeout)
    SPI_WaitOnFlagUntilTimeout               0x08002edd   Thumb Code   178  stm32l0xx_hal_spi.o(i.SPI_WaitOnFlagUntilTimeout)
    i.SVC_Handler                            0x08002f8e   Section        0  mlm32l0xx_it.o(i.SVC_Handler)
    i.SX1276CheckRfFrequency                 0x08002f90   Section        0  mlm32l07x01.o(i.SX1276CheckRfFrequency)
    i.SX1276GetStatus                        0x08002f94   Section        0  sx1276.o(i.SX1276GetStatus)
    i.SX1276GetTimeOnAir                     0x08002fa0   Section        0  sx1276.o(i.SX1276GetTimeOnAir)
    i.SX1276Init                             0x08003184   Section        0  sx1276.o(i.SX1276Init)
    i.SX1276IoDeInit                         0x0800320c   Section        0  mlm32l07x01.o(i.SX1276IoDeInit)
    i.SX1276IoInit                           0x0800325c   Section        0  mlm32l07x01.o(i.SX1276IoInit)
    i.SX1276IoIrqInit                        0x080032c0   Section        0  mlm32l07x01.o(i.SX1276IoIrqInit)
    i.SX1276IsChannelFree                    0x08003304   Section        0  sx1276.o(i.SX1276IsChannelFree)
    i.SX1276OnDio0Irq                        0x0800333c   Section        0  sx1276.o(i.SX1276OnDio0Irq)
    i.SX1276OnDio1Irq                        0x08003574   Section        0  sx1276.o(i.SX1276OnDio1Irq)
    i.SX1276OnDio2Irq                        0x0800364c   Section        0  sx1276.o(i.SX1276OnDio2Irq)
    i.SX1276OnDio3Irq                        0x08003700   Section        0  sx1276.o(i.SX1276OnDio3Irq)
    i.SX1276OnDio4Irq                        0x08003754   Section        0  sx1276.o(i.SX1276OnDio4Irq)
    i.SX1276OnTimeoutIrq                     0x08003770   Section        0  sx1276.o(i.SX1276OnTimeoutIrq)
    i.SX1276Random                           0x080037f4   Section        0  sx1276.o(i.SX1276Random)
    i.SX1276Read                             0x08003832   Section        0  sx1276.o(i.SX1276Read)
    i.SX1276ReadBuffer                       0x08003842   Section        0  sx1276.o(i.SX1276ReadBuffer)
    i.SX1276ReadFifo                         0x08003884   Section        0  sx1276.o(i.SX1276ReadFifo)
    i.SX1276ReadRssi                         0x08003894   Section        0  sx1276.o(i.SX1276ReadRssi)
    i.SX1276Reset                            0x080038d8   Section        0  sx1276.o(i.SX1276Reset)
    i.SX1276Send                             0x08003928   Section        0  sx1276.o(i.SX1276Send)
    i.SX1276SetAntSw                         0x08003a14   Section        0  mlm32l07x01.o(i.SX1276SetAntSw)
    i.SX1276SetAntSwLowPower                 0x08003a58   Section        0  mlm32l07x01.o(i.SX1276SetAntSwLowPower)
    i.SX1276SetChannel                       0x08003b4c   Section        0  sx1276.o(i.SX1276SetChannel)
    i.SX1276SetMaxPayloadLength              0x08003b9c   Section        0  sx1276.o(i.SX1276SetMaxPayloadLength)
    i.SX1276SetModem                         0x08003bcc   Section        0  sx1276.o(i.SX1276SetModem)
    i.SX1276SetOpMode                        0x08003c2c   Section        0  sx1276.o(i.SX1276SetOpMode)
    i.SX1276SetRfTxPower                     0x08003c5a   Section        0  mlm32l07x01.o(i.SX1276SetRfTxPower)
    i.SX1276SetRx                            0x08003cec   Section        0  sx1276.o(i.SX1276SetRx)
    i.SX1276SetRxConfig                      0x08003f50   Section        0  sx1276.o(i.SX1276SetRxConfig)
    i.SX1276SetSleep                         0x08004198   Section        0  sx1276.o(i.SX1276SetSleep)
    i.SX1276SetStby                          0x080041bc   Section        0  sx1276.o(i.SX1276SetStby)
    i.SX1276SetSyncWord                      0x080041e0   Section        0  sx1276.o(i.SX1276SetSyncWord)
    i.SX1276SetTx                            0x080041f4   Section        0  sx1276.o(i.SX1276SetTx)
    i.SX1276SetTxConfig                      0x08004298   Section        0  sx1276.o(i.SX1276SetTxConfig)
    i.SX1276SetTxContinuousWave              0x08004488   Section        0  sx1276.o(i.SX1276SetTxContinuousWave)
    i.SX1276StartCad                         0x08004518   Section        0  sx1276.o(i.SX1276StartCad)
    i.SX1276Write                            0x08004550   Section        0  sx1276.o(i.SX1276Write)
    i.SX1276WriteBuffer                      0x0800455c   Section        0  sx1276.o(i.SX1276WriteBuffer)
    i.SX1276WriteFifo                        0x0800459e   Section        0  sx1276.o(i.SX1276WriteFifo)
    i.SysTick_Handler                        0x080045ac   Section        0  mlm32l0xx_it.o(i.SysTick_Handler)
    i.SystemClock_Config                     0x080045b4   Section        0  mlm32l0xx_hw.o(i.SystemClock_Config)
    i.SystemInit                             0x08004640   Section        0  system_stm32l0xx.o(i.SystemInit)
    i.TimerInit                              0x08004694   Section        0  timeserver.o(i.TimerInit)
    i.TimerInsertNewHeadTimer                0x080046a4   Section        0  timeserver.o(i.TimerInsertNewHeadTimer)
    TimerInsertNewHeadTimer                  0x080046a5   Thumb Code    24  timeserver.o(i.TimerInsertNewHeadTimer)
    i.TimerIrqHandler                        0x080046c0   Section        0  timeserver.o(i.TimerIrqHandler)
    i.TimerSetTimeout                        0x08004738   Section        0  timeserver.o(i.TimerSetTimeout)
    TimerSetTimeout                          0x08004739   Thumb Code    44  timeserver.o(i.TimerSetTimeout)
    i.TimerSetValue                          0x08004764   Section        0  timeserver.o(i.TimerSetValue)
    i.TimerStart                             0x08004788   Section        0  timeserver.o(i.TimerStart)
    i.TimerStop                              0x080047f8   Section        0  timeserver.o(i.TimerStop)
    i.UART_AdvFeatureConfig                  0x08004858   Section        0  stm32l0xx_hal_uart.o(i.UART_AdvFeatureConfig)
    i.UART_CheckIdleState                    0x08004924   Section        0  stm32l0xx_hal_uart.o(i.UART_CheckIdleState)
    i.UART_SetConfig                         0x08004984   Section        0  stm32l0xx_hal_uart.o(i.UART_SetConfig)
    i.UART_WaitOnFlagUntilTimeout            0x08004bb4   Section        0  stm32l0xx_hal_uart.o(i.UART_WaitOnFlagUntilTimeout)
    i.USART2_IRQHandler                      0x08004c16   Section        0  mlm32l0xx_it.o(i.USART2_IRQHandler)
    i.__0vsprintf                            0x08004c20   Section        0  printfa.o(i.__0vsprintf)
    i.__ARM_clz                              0x08004c44   Section        0  depilogue.o(i.__ARM_clz)
    i.__ARM_common_switch8                   0x08004c72   Section        0  sx1276.o(i.__ARM_common_switch8)
    i.__scatterload_copy                     0x08004c8c   Section       14  handlers.o(i.__scatterload_copy)
    i.__scatterload_null                     0x08004c9a   Section        2  handlers.o(i.__scatterload_null)
    i.__scatterload_zeroinit                 0x08004c9c   Section       14  handlers.o(i.__scatterload_zeroinit)
    i._fp_digits                             0x08004cac   Section        0  printfa.o(i._fp_digits)
    _fp_digits                               0x08004cad   Thumb Code   344  printfa.o(i._fp_digits)
    i._printf_core                           0x08004e20   Section        0  printfa.o(i._printf_core)
    _printf_core                             0x08004e21   Thumb Code  1754  printfa.o(i._printf_core)
    i._printf_post_padding                   0x0800550c   Section        0  printfa.o(i._printf_post_padding)
    _printf_post_padding                     0x0800550d   Thumb Code    32  printfa.o(i._printf_post_padding)
    i._printf_pre_padding                    0x0800552c   Section        0  printfa.o(i._printf_pre_padding)
    _printf_pre_padding                      0x0800552d   Thumb Code    44  printfa.o(i._printf_pre_padding)
    i._sputc                                 0x08005558   Section        0  printfa.o(i._sputc)
    _sputc                                   0x08005559   Thumb Code    10  printfa.o(i._sputc)
    i.ceil                                   0x08005564   Section        0  ceil.o(i.ceil)
    i.floor                                  0x0800562c   Section        0  floor.o(i.floor)
    i.main                                   0x080056f4   Section        0  main.o(i.main)
    i.memcpy1                                0x08005800   Section        0  utilities.o(i.memcpy1)
    i.round                                  0x08005818   Section        0  round.o(i.round)
    i.vcom_DeInit                            0x080058b4   Section        0  vcom.o(i.vcom_DeInit)
    i.vcom_Init                              0x080058c4   Section        0  vcom.o(i.vcom_Init)
    i.vcom_IoDeInit                          0x08005908   Section        0  vcom.o(i.vcom_IoDeInit)
    i.vcom_IoInit                            0x0800595c   Section        0  vcom.o(i.vcom_IoInit)
    i.vcom_Print                             0x080059b8   Section        0  vcom.o(i.vcom_Print)
    i.vcom_Send                              0x08005a0c   Section        0  vcom.o(i.vcom_Send)
    .constdata                               0x08005a88   Section      100  mlm32l07x01.o(.constdata)
    .constdata                               0x08005aec   Section      224  sx1276.o(.constdata)
    .constdata                               0x08005bcc   Section       12  b-l072z-lrwan1.o(.constdata)
    .constdata                               0x08005bd8   Section       25  system_stm32l0xx.o(.constdata)
    .constdata                               0x08005bf1   Section        8  system_stm32l0xx.o(.constdata)
    .constdata                               0x08005bf9   Section       24  hw_rtc.o(.constdata)
    DaysInMonth                              0x08005bf9   Data          12  hw_rtc.o(.constdata)
    DaysInMonthLeapYear                      0x08005c05   Data          12  hw_rtc.o(.constdata)
    .data                                    0x20000000   Section        1  mlm32l07x01.o(.data)
    RadioIsActive                            0x20000000   Data           1  mlm32l07x01.o(.data)
    .data                                    0x20000004   Section       28  sx1276.o(.data)
    RadioEvents                              0x20000004   Data           4  sx1276.o(.data)
    .data                                    0x20000020   Section       20  b-l072z-lrwan1.o(.data)
    .data                                    0x20000034   Section        4  system_stm32l0xx.o(.data)
    .data                                    0x20000038   Section        4  stm32l0xx_hal.o(.data)
    .data                                    0x2000003c   Section        4  hw_rtc.o(.data)
    HW_RTC_Initalized                        0x2000003c   Data           1  hw_rtc.o(.data)
    McuWakeUpTimeInitialized                 0x2000003d   Data           1  hw_rtc.o(.data)
    McuWakeUpTimeCal                         0x2000003e   Data           2  hw_rtc.o(.data)
    .data                                    0x20000040   Section        6  main.o(.data)
    .data                                    0x20000046   Section        4  vcom.o(.data)
    ir                                       0x20000048   Data           2  vcom.o(.data)
    .data                                    0x2000004a   Section        2  mlm32l0xx_hw.o(.data)
    AdcInitialized                           0x2000004a   Data           1  mlm32l0xx_hw.o(.data)
    McuInitialized                           0x2000004b   Data           1  mlm32l0xx_hw.o(.data)
    .data                                    0x2000004c   Section        4  low_power.o(.data)
    LowPower_State                           0x2000004c   Data           4  low_power.o(.data)
    .data                                    0x20000050   Section        4  timeserver.o(.data)
    TimerListHead                            0x20000050   Data           4  timeserver.o(.data)
    .bss                                     0x20000054   Section       20  mlm32l07x01.o(.bss)
    TcxoStopTimer                            0x20000054   Data          20  mlm32l07x01.o(.bss)
    .bss                                     0x20000068   Section      412  sx1276.o(.bss)
    RxTxBuffer                               0x20000068   Data         256  sx1276.o(.bss)
    .bss                                     0x20000204   Section       64  hw_gpio.o(.bss)
    GpioIrq                                  0x20000204   Data          64  hw_gpio.o(.bss)
    .bss                                     0x20000244   Section      104  hw_rtc.o(.bss)
    RtcHandle                                0x20000244   Data          36  hw_rtc.o(.bss)
    RTC_AlarmStructure                       0x20000268   Data          40  hw_rtc.o(.bss)
    RtcTimerContext                          0x20000290   Data          28  hw_rtc.o(.bss)
    .bss                                     0x200002ac   Section       88  hw_spi.o(.bss)
    hspi                                     0x200002ac   Data          88  hw_spi.o(.bss)
    .bss                                     0x20000304   Section       60  main.o(.bss)
    timerLed                                 0x20000310   Data          20  main.o(.bss)
    RadioEvents                              0x20000324   Data          28  main.o(.bss)
    .bss                                     0x20000340   Section      368  vcom.o(.bss)
    buff                                     0x20000340   Data         256  vcom.o(.bss)
    UartHandle                               0x20000440   Data         112  vcom.o(.bss)
    .bss                                     0x200004b0   Section       96  mlm32l0xx_hw.o(.bss)
    hadc                                     0x200004b0   Data          96  mlm32l0xx_hw.o(.bss)
    STACK                                    0x20000510   Section     1024  startup_stm32l072xx.o(STACK)

    Global Symbols

    Symbol Name                              Value     Ov Type        Size  Object(Section)

    BuildAttributes$$THM_ISAv3M$S$PE$A:L22$X:L11$S22$IEEE1$IW$USESV6$~STKCKD$USESV7$~SHL$OTIME$ROPI$IEEEJ$EBA8$MICROLIB$REQ8$PRES8$EABIv2 0x00000000   Number         0  anon$$obj.o ABSOLUTE
    __ARM_use_no_argv                        0x00000000   Number         0  main.o ABSOLUTE
    __cpp_initialize__aeabi_                  - Undefined Weak Reference
    __cxa_finalize                            - Undefined Weak Reference
    __decompress                              - Undefined Weak Reference
    _clock_init                               - Undefined Weak Reference
    _microlib_exit                            - Undefined Weak Reference
    __Vectors_Size                           0x000000c0   Number         0  startup_stm32l072xx.o ABSOLUTE
    __Vectors                                0x08000000   Data           4  startup_stm32l072xx.o(RESET)
    __Vectors_End                            0x080000c0   Data           0  startup_stm32l072xx.o(RESET)
    __main                                   0x080000c1   Thumb Code     0  entry.o(.ARM.Collect$$$$00000000)
    _main_stk                                0x080000c1   Thumb Code     0  entry2.o(.ARM.Collect$$$$00000001)
    _main_scatterload                        0x080000c5   Thumb Code     0  entry5.o(.ARM.Collect$$$$00000004)
    __main_after_scatterload                 0x080000c9   Thumb Code     0  entry5.o(.ARM.Collect$$$$00000004)
    _main_clock                              0x080000c9   Thumb Code     0  entry7b.o(.ARM.Collect$$$$00000008)
    _main_cpp_init                           0x080000c9   Thumb Code     0  entry8b.o(.ARM.Collect$$$$0000000A)
    _main_init                               0x080000c9   Thumb Code     0  entry9a.o(.ARM.Collect$$$$0000000B)
    __rt_final_cpp                           0x080000d1   Thumb Code     0  entry10a.o(.ARM.Collect$$$$0000000D)
    __rt_final_exit                          0x080000d1   Thumb Code     0  entry11a.o(.ARM.Collect$$$$0000000F)
    Reset_Handler                            0x080000d5   Thumb Code     8  startup_stm32l072xx.o(.text)
    ADC1_COMP_IRQHandler                     0x080000e7   Thumb Code     0  startup_stm32l072xx.o(.text)
    DMA1_Channel1_IRQHandler                 0x080000e7   Thumb Code     0  startup_stm32l072xx.o(.text)
    DMA1_Channel2_3_IRQHandler               0x080000e7   Thumb Code     0  startup_stm32l072xx.o(.text)
    DMA1_Channel4_5_6_7_IRQHandler           0x080000e7   Thumb Code     0  startup_stm32l072xx.o(.text)
    FLASH_IRQHandler                         0x080000e7   Thumb Code     0  startup_stm32l072xx.o(.text)
    I2C1_IRQHandler                          0x080000e7   Thumb Code     0  startup_stm32l072xx.o(.text)
    I2C2_IRQHandler                          0x080000e7   Thumb Code     0  startup_stm32l072xx.o(.text)
    I2C3_IRQHandler                          0x080000e7   Thumb Code     0  startup_stm32l072xx.o(.text)
    LPTIM1_IRQHandler                        0x080000e7   Thumb Code     0  startup_stm32l072xx.o(.text)
    PVD_IRQHandler                           0x080000e7   Thumb Code     0  startup_stm32l072xx.o(.text)
    RCC_CRS_IRQHandler                       0x080000e7   Thumb Code     0  startup_stm32l072xx.o(.text)
    RNG_LPUART1_IRQHandler                   0x080000e7   Thumb Code     0  startup_stm32l072xx.o(.text)
    SPI1_IRQHandler                          0x080000e7   Thumb Code     0  startup_stm32l072xx.o(.text)
    SPI2_IRQHandler                          0x080000e7   Thumb Code     0  startup_stm32l072xx.o(.text)
    TIM21_IRQHandler                         0x080000e7   Thumb Code     0  startup_stm32l072xx.o(.text)
    TIM22_IRQHandler                         0x080000e7   Thumb Code     0  startup_stm32l072xx.o(.text)
    TIM2_IRQHandler                          0x080000e7   Thumb Code     0  startup_stm32l072xx.o(.text)
    TIM3_IRQHandler                          0x080000e7   Thumb Code     0  startup_stm32l072xx.o(.text)
    TIM6_DAC_IRQHandler                      0x080000e7   Thumb Code     0  startup_stm32l072xx.o(.text)
    TIM7_IRQHandler                          0x080000e7   Thumb Code     0  startup_stm32l072xx.o(.text)
    TSC_IRQHandler                           0x080000e7   Thumb Code     0  startup_stm32l072xx.o(.text)
    USART1_IRQHandler                        0x080000e7   Thumb Code     0  startup_stm32l072xx.o(.text)
    USART4_5_IRQHandler                      0x080000e7   Thumb Code     0  startup_stm32l072xx.o(.text)
    USB_IRQHandler                           0x080000e7   Thumb Code     0  startup_stm32l072xx.o(.text)
    WWDG_IRQHandler                          0x080000e7   Thumb Code     0  startup_stm32l072xx.o(.text)
    __aeabi_uidiv                            0x080000f1   Thumb Code     0  uidiv.o(.text)
    __aeabi_uidivmod                         0x080000f1   Thumb Code    44  uidiv.o(.text)
    __aeabi_uldivmod                         0x0800011d   Thumb Code    96  uldiv.o(.text)
    __aeabi_memcpy                           0x0800017d   Thumb Code    36  memcpya.o(.text)
    __aeabi_memcpy4                          0x0800017d   Thumb Code     0  memcpya.o(.text)
    __aeabi_memcpy8                          0x0800017d   Thumb Code     0  memcpya.o(.text)
    __aeabi_memset                           0x080001a1   Thumb Code    14  memseta.o(.text)
    __aeabi_memset4                          0x080001a1   Thumb Code     0  memseta.o(.text)
    __aeabi_memset8                          0x080001a1   Thumb Code     0  memseta.o(.text)
    __aeabi_memclr                           0x080001af   Thumb Code     4  memseta.o(.text)
    __aeabi_memclr4                          0x080001af   Thumb Code     0  memseta.o(.text)
    __aeabi_memclr8                          0x080001af   Thumb Code     0  memseta.o(.text)
    _memset$wrapper                          0x080001b3   Thumb Code    18  memseta.o(.text)
    __aeabi_dadd                             0x080001c5   Thumb Code   328  dadd.o(.text)
    __aeabi_dsub                             0x0800030d   Thumb Code    12  dadd.o(.text)
    __aeabi_drsub                            0x08000319   Thumb Code    12  dadd.o(.text)
    __aeabi_dmul                             0x08000329   Thumb Code   202  dmul.o(.text)
    __aeabi_ddiv                             0x080003f9   Thumb Code   234  ddiv.o(.text)
    __ARM_scalbn                             0x080004e9   Thumb Code    44  dscalb.o(.text)
    scalbn                                   0x080004e9   Thumb Code     0  dscalb.o(.text)
    __aeabi_i2d                              0x08000515   Thumb Code    34  dflti.o(.text)
    __aeabi_ui2d                             0x0800053d   Thumb Code    24  dfltui.o(.text)
    __aeabi_d2uiz                            0x08000559   Thumb Code    50  dfixui.o(.text)
    __aeabi_cdrcmple                         0x08000595   Thumb Code    38  cdrcmple.o(.text)
    __aeabi_llsl                             0x080005bd   Thumb Code    32  llshl.o(.text)
    _ll_shift_l                              0x080005bd   Thumb Code     0  llshl.o(.text)
    __aeabi_llsr                             0x080005dd   Thumb Code    34  llushr.o(.text)
    _ll_ushift_r                             0x080005dd   Thumb Code     0  llushr.o(.text)
    __aeabi_lasr                             0x080005ff   Thumb Code    38  llsshr.o(.text)
    _ll_sshift_r                             0x080005ff   Thumb Code     0  llsshr.o(.text)
    __I$use$fp                               0x08000625   Thumb Code     0  iusefp.o(.text)
    _double_round                            0x08000625   Thumb Code    26  depilogue.o(.text)
    _double_epilogue                         0x0800063f   Thumb Code   164  depilogue.o(.text)
    _drnd                                    0x080006e5   Thumb Code   114  drnd.o(.text)
    __aeabi_d2ulz                            0x08000761   Thumb Code    54  dfixul.o(.text)
    __aeabi_cdcmpeq                          0x080007a1   Thumb Code     0  cdcmple.o(.text)
    __aeabi_cdcmple                          0x080007a1   Thumb Code    38  cdcmple.o(.text)
    __scatterload                            0x080007c9   Thumb Code    28  init.o(.text)
    __scatterload_rt2                        0x080007c9   Thumb Code     0  init.o(.text)
    BSP_LED_Init                             0x080007ed   Thumb Code    88  b-l072z-lrwan1.o(i.BSP_LED_Init)
    BSP_LED_Toggle                           0x08000851   Thumb Code    20  b-l072z-lrwan1.o(i.BSP_LED_Toggle)
    DBG_Init                                 0x0800086d   Thumb Code    62  debug.o(i.DBG_Init)
    DelayMs                                  0x080008b1   Thumb Code     8  delay.o(i.DelayMs)
    EXTI0_1_IRQHandler                       0x080008b9   Thumb Code    16  mlm32l0xx_it.o(i.EXTI0_1_IRQHandler)
    EXTI2_3_IRQHandler                       0x080008c9   Thumb Code    16  mlm32l0xx_it.o(i.EXTI2_3_IRQHandler)
    EXTI4_15_IRQHandler                      0x080008d9   Thumb Code    92  mlm32l0xx_it.o(i.EXTI4_15_IRQHandler)
    Error_Handler                            0x08000935   Thumb Code     2  debug.o(i.Error_Handler)
    HAL_ADC_Init                             0x08000965   Thumb Code   442  stm32l0xx_hal_adc.o(i.HAL_ADC_Init)
    HAL_ADC_MspInit                          0x08000b29   Thumb Code     2  stm32l0xx_hal_adc.o(i.HAL_ADC_MspInit)
    HAL_DBGMCU_DisableDBGSleepMode           0x08000b2d   Thumb Code    12  stm32l0xx_hal.o(i.HAL_DBGMCU_DisableDBGSleepMode)
    HAL_DBGMCU_DisableDBGStandbyMode         0x08000b3d   Thumb Code    12  stm32l0xx_hal.o(i.HAL_DBGMCU_DisableDBGStandbyMode)
    HAL_DBGMCU_DisableDBGStopMode            0x08000b4d   Thumb Code    12  stm32l0xx_hal.o(i.HAL_DBGMCU_DisableDBGStopMode)
    HAL_GPIO_EXTI_Callback                   0x08000b5d   Thumb Code     8  mlm32l0xx_hal_msp.o(i.HAL_GPIO_EXTI_Callback)
    HAL_GPIO_EXTI_IRQHandler                 0x08000b65   Thumb Code    18  stm32l0xx_hal_gpio.o(i.HAL_GPIO_EXTI_IRQHandler)
    HAL_GPIO_Init                            0x08000b7d   Thumb Code   356  stm32l0xx_hal_gpio.o(i.HAL_GPIO_Init)
    HAL_GPIO_TogglePin                       0x08000d01   Thumb Code     8  stm32l0xx_hal_gpio.o(i.HAL_GPIO_TogglePin)
    HAL_GPIO_WritePin                        0x08000d09   Thumb Code    12  stm32l0xx_hal_gpio.o(i.HAL_GPIO_WritePin)
    HAL_GetTick                              0x08000d15   Thumb Code     6  stm32l0xx_hal.o(i.HAL_GetTick)
    HAL_IncTick                              0x08000d21   Thumb Code    10  stm32l0xx_hal.o(i.HAL_IncTick)
    HAL_Init                                 0x08000d31   Thumb Code    26  stm32l0xx_hal.o(i.HAL_Init)
    HAL_InitTick                             0x08000d51   Thumb Code     4  mlm32l0xx_hal_msp.o(i.HAL_InitTick)
    HAL_MspInit                              0x08000d55   Thumb Code    26  mlm32l0xx_hal_msp.o(i.HAL_MspInit)
    HAL_NVIC_ClearPendingIRQ                 0x08000d75   Thumb Code    14  stm32l0xx_hal_cortex.o(i.HAL_NVIC_ClearPendingIRQ)
    HAL_NVIC_EnableIRQ                       0x08000d89   Thumb Code    14  stm32l0xx_hal_cortex.o(i.HAL_NVIC_EnableIRQ)
    HAL_NVIC_GetPendingIRQ                   0x08000d9d   Thumb Code    24  stm32l0xx_hal_cortex.o(i.HAL_NVIC_GetPendingIRQ)
    HAL_NVIC_SetPendingIRQ                   0x08000db9   Thumb Code    14  stm32l0xx_hal_cortex.o(i.HAL_NVIC_SetPendingIRQ)
    HAL_NVIC_SetPriority                     0x08000dcd   Thumb Code     8  stm32l0xx_hal_cortex.o(i.HAL_NVIC_SetPriority)
    HAL_PWREx_EnableFastWakeUp               0x08000dd5   Thumb Code    12  stm32l0xx_hal_pwr_ex.o(i.HAL_PWREx_EnableFastWakeUp)
    HAL_PWREx_EnableUltraLowPower            0x08000de5   Thumb Code    12  stm32l0xx_hal_pwr_ex.o(i.HAL_PWREx_EnableUltraLowPower)
    HAL_PWR_DisablePVD                       0x08000df5   Thumb Code    12  stm32l0xx_hal_pwr.o(i.HAL_PWR_DisablePVD)
    HAL_PWR_EnterSLEEPMode                   0x08000e05   Thumb Code    38  stm32l0xx_hal_pwr.o(i.HAL_PWR_EnterSLEEPMode)
    HAL_PWR_EnterSTOPMode                    0x08000e35   Thumb Code    44  stm32l0xx_hal_pwr.o(i.HAL_PWR_EnterSTOPMode)
    HAL_RCCEx_GetPeriphCLKFreq               0x08000e69   Thumb Code   406  stm32l0xx_hal_rcc_ex.o(i.HAL_RCCEx_GetPeriphCLKFreq)
    HAL_RCCEx_PeriphCLKConfig                0x08001029   Thumb Code   382  stm32l0xx_hal_rcc_ex.o(i.HAL_RCCEx_PeriphCLKConfig)
    HAL_RCC_ClockConfig                      0x080011b5   Thumb Code   340  stm32l0xx_hal_rcc.o(i.HAL_RCC_ClockConfig)
    HAL_RCC_GetPCLK1Freq                     0x0800131d   Thumb Code    20  stm32l0xx_hal_rcc.o(i.HAL_RCC_GetPCLK1Freq)
    HAL_RCC_GetPCLK2Freq                     0x0800133d   Thumb Code    20  stm32l0xx_hal_rcc.o(i.HAL_RCC_GetPCLK2Freq)
    HAL_RCC_GetSysClockFreq                  0x0800135d   Thumb Code   100  stm32l0xx_hal_rcc.o(i.HAL_RCC_GetSysClockFreq)
    HAL_RCC_OscConfig                        0x080013d5   Thumb Code  1116  stm32l0xx_hal_rcc.o(i.HAL_RCC_OscConfig)
    HAL_RTCEx_AlarmBEventCallback            0x08001831   Thumb Code     2  stm32l0xx_hal_rtc_ex.o(i.HAL_RTCEx_AlarmBEventCallback)
    HAL_RTCEx_EnableBypassShadow             0x08001833   Thumb Code    60  stm32l0xx_hal_rtc_ex.o(i.HAL_RTCEx_EnableBypassShadow)
    HAL_RTC_AlarmAEventCallback              0x0800186f   Thumb Code     8  mlm32l0xx_hal_msp.o(i.HAL_RTC_AlarmAEventCallback)
    HAL_RTC_AlarmIRQHandler                  0x08001879   Thumb Code    88  stm32l0xx_hal_rtc.o(i.HAL_RTC_AlarmIRQHandler)
    HAL_RTC_DeactivateAlarm                  0x080018d9   Thumb Code   184  stm32l0xx_hal_rtc.o(i.HAL_RTC_DeactivateAlarm)
    HAL_RTC_GetAlarm                         0x08001991   Thumb Code   134  stm32l0xx_hal_rtc.o(i.HAL_RTC_GetAlarm)
    HAL_RTC_GetDate                          0x08001a1d   Thumb Code    68  stm32l0xx_hal_rtc.o(i.HAL_RTC_GetDate)
    HAL_RTC_GetTime                          0x08001a61   Thumb Code    88  stm32l0xx_hal_rtc.o(i.HAL_RTC_GetTime)
    HAL_RTC_Init                             0x08001abd   Thumb Code   160  stm32l0xx_hal_rtc.o(i.HAL_RTC_Init)
    HAL_RTC_MspInit                          0x08001b61   Thumb Code    86  mlm32l0xx_hal_msp.o(i.HAL_RTC_MspInit)
    HAL_RTC_SetAlarm_IT                      0x08001bbd   Thumb Code   408  stm32l0xx_hal_rtc.o(i.HAL_RTC_SetAlarm_IT)
    HAL_RTC_SetDate                          0x08001d5d   Thumb Code   200  stm32l0xx_hal_rtc.o(i.HAL_RTC_SetDate)
    HAL_RTC_SetTime                          0x08001e29   Thumb Code   234  stm32l0xx_hal_rtc.o(i.HAL_RTC_SetTime)
    HAL_RTC_WaitForSynchro                   0x08001f19   Thumb Code    52  stm32l0xx_hal_rtc.o(i.HAL_RTC_WaitForSynchro)
    HAL_SPI_DeInit                           0x08001f4d   Thumb Code    48  stm32l0xx_hal_spi.o(i.HAL_SPI_DeInit)
    HAL_SPI_Init                             0x08001f7d   Thumb Code   132  stm32l0xx_hal_spi.o(i.HAL_SPI_Init)
    HAL_SPI_MspDeInit                        0x08002001   Thumb Code     2  stm32l0xx_hal_spi.o(i.HAL_SPI_MspDeInit)
    HAL_SPI_MspInit                          0x08002003   Thumb Code     2  stm32l0xx_hal_spi.o(i.HAL_SPI_MspInit)
    HAL_SPI_TransmitReceive                  0x08002005   Thumb Code   696  stm32l0xx_hal_spi.o(i.HAL_SPI_TransmitReceive)
    HAL_UART_DeInit                          0x080022bd   Thumb Code    62  stm32l0xx_hal_uart.o(i.HAL_UART_DeInit)
    HAL_UART_Init                            0x080022fb   Thumb Code   108  stm32l0xx_hal_uart.o(i.HAL_UART_Init)
    HAL_UART_MspDeInit                       0x08002367   Thumb Code     8  vcom.o(i.HAL_UART_MspDeInit)
    HAL_UART_MspInit                         0x08002371   Thumb Code    20  vcom.o(i.HAL_UART_MspInit)
    HAL_UART_Transmit                        0x08002389   Thumb Code   200  stm32l0xx_hal_uart.o(i.HAL_UART_Transmit)
    HW_AdcInit                               0x08002451   Thumb Code   100  mlm32l0xx_hw.o(i.HW_AdcInit)
    HW_DeInit                                0x080024c5   Thumb Code    24  mlm32l0xx_hw.o(i.HW_DeInit)
    HW_EnterSleepMode                        0x080024e5   Thumb Code    12  mlm32l0xx_hw.o(i.HW_EnterSleepMode)
    HW_EnterStopMode                         0x080024f1   Thumb Code    36  mlm32l0xx_hw.o(i.HW_EnterStopMode)
    HW_ExitStopMode                          0x08002519   Thumb Code    68  mlm32l0xx_hw.o(i.HW_ExitStopMode)
    HW_GPIO_Init                             0x08002599   Thumb Code    80  hw_gpio.o(i.HW_GPIO_Init)
    HW_GPIO_IrqHandler                       0x080025ed   Thumb Code    20  hw_gpio.o(i.HW_GPIO_IrqHandler)
    HW_GPIO_SetIrq                           0x08002605   Thumb Code    48  hw_gpio.o(i.HW_GPIO_SetIrq)
    HW_GPIO_Write                            0x08002639   Thumb Code    10  hw_gpio.o(i.HW_GPIO_Write)
    HW_Init                                  0x08002645   Thumb Code    62  mlm32l0xx_hw.o(i.HW_Init)
    HW_RTC_DelayMs                           0x0800268d   Thumb Code    38  hw_rtc.o(i.HW_RTC_DelayMs)
    HW_RTC_GetMinimumTimeout                 0x08002775   Thumb Code     4  hw_rtc.o(i.HW_RTC_GetMinimumTimeout)
    HW_RTC_GetTimerContext                   0x08002779   Thumb Code     6  hw_rtc.o(i.HW_RTC_GetTimerContext)
    HW_RTC_GetTimerElapsedTime               0x08002785   Thumb Code    22  hw_rtc.o(i.HW_RTC_GetTimerElapsedTime)
    HW_RTC_GetTimerValue                     0x080027a1   Thumb Code    16  hw_rtc.o(i.HW_RTC_GetTimerValue)
    HW_RTC_Init                              0x080027b1   Thumb Code    34  hw_rtc.o(i.HW_RTC_Init)
    HW_RTC_IrqHandler                        0x080027dd   Thumb Code    16  hw_rtc.o(i.HW_RTC_IrqHandler)
    HW_RTC_SetAlarm                          0x080027f1   Thumb Code    64  hw_rtc.o(i.HW_RTC_SetAlarm)
    HW_RTC_SetTimerContext                   0x08002895   Thumb Code    18  hw_rtc.o(i.HW_RTC_SetTimerContext)
    HW_RTC_StopAlarm                         0x080029c5   Thumb Code    28  hw_rtc.o(i.HW_RTC_StopAlarm)
    HW_RTC_ms2Tick                           0x080029e5   Thumb Code    16  hw_rtc.o(i.HW_RTC_ms2Tick)
    HW_RTC_setMcuWakeUpTime                  0x080029f5   Thumb Code   104  hw_rtc.o(i.HW_RTC_setMcuWakeUpTime)
    HW_SPI_DeInit                            0x08002a69   Thumb Code   142  hw_spi.o(i.HW_SPI_DeInit)
    HW_SPI_InOut                             0x08002b05   Thumb Code    28  hw_spi.o(i.HW_SPI_InOut)
    HW_SPI_Init                              0x08002b25   Thumb Code   194  hw_spi.o(i.HW_SPI_Init)
    HardFault_Handler                        0x08002c01   Thumb Code     4  mlm32l0xx_it.o(i.HardFault_Handler)
    LowPower_Disable                         0x08002c05   Thumb Code    20  low_power.o(i.LowPower_Disable)
    LowPower_Enable                          0x08002c1d   Thumb Code    20  low_power.o(i.LowPower_Enable)
    LowPower_GetState                        0x08002c35   Thumb Code     6  low_power.o(i.LowPower_GetState)
    LowPower_Handler                         0x08002c41   Thumb Code    30  low_power.o(i.LowPower_Handler)
    MSP_GetIRQn                              0x08002c65   Thumb Code    48  mlm32l0xx_hal_msp.o(i.MSP_GetIRQn)
    NMI_Handler                              0x08002c95   Thumb Code     2  mlm32l0xx_it.o(i.NMI_Handler)
    OnRxDone                                 0x08002cdd   Thumb Code    40  main.o(i.OnRxDone)
    OnRxTimeout                              0x08002d11   Thumb Code    16  main.o(i.OnRxTimeout)
    PendSV_Handler                           0x08002d6d   Thumb Code     2  mlm32l0xx_it.o(i.PendSV_Handler)
    RTC_Bcd2ToByte                           0x08002de1   Thumb Code    16  stm32l0xx_hal_rtc.o(i.RTC_Bcd2ToByte)
    RTC_ByteToBcd2                           0x08002df1   Thumb Code    22  stm32l0xx_hal_rtc.o(i.RTC_ByteToBcd2)
    RTC_EnterInitMode                        0x08002e07   Thumb Code    56  stm32l0xx_hal_rtc.o(i.RTC_EnterInitMode)
    RTC_IRQHandler                           0x08002e3f   Thumb Code     8  mlm32l0xx_it.o(i.RTC_IRQHandler)
    SVC_Handler                              0x08002f8f   Thumb Code     2  mlm32l0xx_it.o(i.SVC_Handler)
    SX1276CheckRfFrequency                   0x08002f91   Thumb Code     4  mlm32l07x01.o(i.SX1276CheckRfFrequency)
    SX1276GetStatus                          0x08002f95   Thumb Code     6  sx1276.o(i.SX1276GetStatus)
    SX1276GetTimeOnAir                       0x08002fa1   Thumb Code   444  sx1276.o(i.SX1276GetTimeOnAir)
    SX1276Init                               0x08003185   Thumb Code   118  sx1276.o(i.SX1276Init)
    SX1276IoDeInit                           0x0800320d   Thumb Code    68  mlm32l07x01.o(i.SX1276IoDeInit)
    SX1276IoInit                             0x0800325d   Thumb Code    88  mlm32l07x01.o(i.SX1276IoInit)
    SX1276IoIrqInit                          0x080032c1   Thumb Code    58  mlm32l07x01.o(i.SX1276IoIrqInit)
    SX1276IsChannelFree                      0x08003305   Thumb Code    54  sx1276.o(i.SX1276IsChannelFree)
    SX1276OnDio0Irq                          0x0800333d   Thumb Code   550  sx1276.o(i.SX1276OnDio0Irq)
    SX1276OnDio1Irq                          0x08003575   Thumb Code   194  sx1276.o(i.SX1276OnDio1Irq)
    SX1276OnDio2Irq                          0x0800364d   Thumb Code   166  sx1276.o(i.SX1276OnDio2Irq)
    SX1276OnDio3Irq                          0x08003701   Thumb Code    76  sx1276.o(i.SX1276OnDio3Irq)
    SX1276OnDio4Irq                          0x08003755   Thumb Code    24  sx1276.o(i.SX1276OnDio4Irq)
    SX1276OnTimeoutIrq                       0x08003771   Thumb Code   122  sx1276.o(i.SX1276OnTimeoutIrq)
    SX1276Random                             0x080037f5   Thumb Code    62  sx1276.o(i.SX1276Random)
    SX1276Read                               0x08003833   Thumb Code    16  sx1276.o(i.SX1276Read)
    SX1276ReadBuffer                         0x08003843   Thumb Code    66  sx1276.o(i.SX1276ReadBuffer)
    SX1276ReadFifo                           0x08003885   Thumb Code    14  sx1276.o(i.SX1276ReadFifo)
    SX1276ReadRssi                           0x08003895   Thumb Code    58  sx1276.o(i.SX1276ReadRssi)
    SX1276Reset                              0x080038d9   Thumb Code    74  sx1276.o(i.SX1276Reset)
    SX1276Send                               0x08003929   Thumb Code   228  sx1276.o(i.SX1276Send)
    SX1276SetAntSw                           0x08003a15   Thumb Code    60  mlm32l07x01.o(i.SX1276SetAntSw)
    SX1276SetAntSwLowPower                   0x08003a59   Thumb Code   228  mlm32l07x01.o(i.SX1276SetAntSwLowPower)
    SX1276SetChannel                         0x08003b4d   Thumb Code    72  sx1276.o(i.SX1276SetChannel)
    SX1276SetMaxPayloadLength                0x08003b9d   Thumb Code    42  sx1276.o(i.SX1276SetMaxPayloadLength)
    SX1276SetModem                           0x08003bcd   Thumb Code    90  sx1276.o(i.SX1276SetModem)
    SX1276SetOpMode                          0x08003c2d   Thumb Code    46  sx1276.o(i.SX1276SetOpMode)
    SX1276SetRfTxPower                       0x08003c5b   Thumb Code   144  mlm32l07x01.o(i.SX1276SetRfTxPower)
    SX1276SetRx                              0x08003ced   Thumb Code   566  sx1276.o(i.SX1276SetRx)
    SX1276SetRxConfig                        0x08003f51   Thumb Code   570  sx1276.o(i.SX1276SetRxConfig)
    SX1276SetSleep                           0x08004199   Thumb Code    32  sx1276.o(i.SX1276SetSleep)
    SX1276SetStby                            0x080041bd   Thumb Code    32  sx1276.o(i.SX1276SetStby)
    SX1276SetSyncWord                        0x080041e1   Thumb Code    20  sx1276.o(i.SX1276SetSyncWord)
    SX1276SetTx                              0x080041f5   Thumb Code   158  sx1276.o(i.SX1276SetTx)
    SX1276SetTxConfig                        0x08004299   Thumb Code   484  sx1276.o(i.SX1276SetTxConfig)
    SX1276SetTxContinuousWave                0x08004489   Thumb Code   136  sx1276.o(i.SX1276SetTxContinuousWave)
    SX1276StartCad                           0x08004519   Thumb Code    50  sx1276.o(i.SX1276StartCad)
    SX1276Write                              0x08004551   Thumb Code    12  sx1276.o(i.SX1276Write)
    SX1276WriteBuffer                        0x0800455d   Thumb Code    66  sx1276.o(i.SX1276WriteBuffer)
    SX1276WriteFifo                          0x0800459f   Thumb Code    14  sx1276.o(i.SX1276WriteFifo)
    SysTick_Handler                          0x080045ad   Thumb Code     8  mlm32l0xx_it.o(i.SysTick_Handler)
    SystemClock_Config                       0x080045b5   Thumb Code   130  mlm32l0xx_hw.o(i.SystemClock_Config)
    SystemInit                               0x08004641   Thumb Code    66  system_stm32l0xx.o(i.SystemInit)
    TimerInit                                0x08004695   Thumb Code    14  timeserver.o(i.TimerInit)
    TimerIrqHandler                          0x080046c1   Thumb Code   116  timeserver.o(i.TimerIrqHandler)
    TimerSetValue                            0x08004765   Thumb Code    34  timeserver.o(i.TimerSetValue)
    TimerStart                               0x08004789   Thumb Code   108  timeserver.o(i.TimerStart)
    TimerStop                                0x080047f9   Thumb Code    90  timeserver.o(i.TimerStop)
    UART_AdvFeatureConfig                    0x08004859   Thumb Code   202  stm32l0xx_hal_uart.o(i.UART_AdvFeatureConfig)
    UART_CheckIdleState                      0x08004925   Thumb Code    90  stm32l0xx_hal_uart.o(i.UART_CheckIdleState)
    UART_SetConfig                           0x08004985   Thumb Code   510  stm32l0xx_hal_uart.o(i.UART_SetConfig)
    UART_WaitOnFlagUntilTimeout              0x08004bb5   Thumb Code    98  stm32l0xx_hal_uart.o(i.UART_WaitOnFlagUntilTimeout)
    USART2_IRQHandler                        0x08004c17   Thumb Code     8  mlm32l0xx_it.o(i.USART2_IRQHandler)
    __0vsprintf                              0x08004c21   Thumb Code    30  printfa.o(i.__0vsprintf)
    __1vsprintf                              0x08004c21   Thumb Code     0  printfa.o(i.__0vsprintf)
    __2vsprintf                              0x08004c21   Thumb Code     0  printfa.o(i.__0vsprintf)
    __c89vsprintf                            0x08004c21   Thumb Code     0  printfa.o(i.__0vsprintf)
    vsprintf                                 0x08004c21   Thumb Code     0  printfa.o(i.__0vsprintf)
    __ARM_clz                                0x08004c45   Thumb Code    46  depilogue.o(i.__ARM_clz)
    __ARM_common_switch8                     0x08004c73   Thumb Code    26  sx1276.o(i.__ARM_common_switch8)
    __scatterload_copy                       0x08004c8d   Thumb Code    14  handlers.o(i.__scatterload_copy)
    __scatterload_null                       0x08004c9b   Thumb Code     2  handlers.o(i.__scatterload_null)
    __scatterload_zeroinit                   0x08004c9d   Thumb Code    14  handlers.o(i.__scatterload_zeroinit)
    ceil                                     0x08005565   Thumb Code   180  ceil.o(i.ceil)
    floor                                    0x0800562d   Thumb Code   180  floor.o(i.floor)
    main                                     0x080056f5   Thumb Code   210  main.o(i.main)
    memcpy1                                  0x08005801   Thumb Code    22  utilities.o(i.memcpy1)
    round                                    0x08005819   Thumb Code   142  round.o(i.round)
    vcom_DeInit                              0x080058b5   Thumb Code    10  vcom.o(i.vcom_DeInit)
    vcom_Init                                0x080058c5   Thumb Code    58  vcom.o(i.vcom_Init)
    vcom_IoDeInit                            0x08005909   Thumb Code    80  vcom.o(i.vcom_IoDeInit)
    vcom_IoInit                              0x0800595d   Thumb Code    86  vcom.o(i.vcom_IoInit)
    vcom_Print                               0x080059b9   Thumb Code    72  vcom.o(i.vcom_Print)
    vcom_Send                                0x08005a0d   Thumb Code   114  vcom.o(i.vcom_Send)
    Radio                                    0x08005a88   Data         100  mlm32l07x01.o(.constdata)
    RadioRegsInit                            0x08005aec   Data          48  sx1276.o(.constdata)
    FskBandwidths                            0x08005b1c   Data         176  sx1276.o(.constdata)
    BUTTON_IRQn                              0x08005bcc   Data           1  b-l072z-lrwan1.o(.constdata)
    BUTTON_PIN                               0x08005bce   Data           2  b-l072z-lrwan1.o(.constdata)
    LED_PIN                                  0x08005bd0   Data           8  b-l072z-lrwan1.o(.constdata)
    AHBPrescTable                            0x08005bd8   Data          16  system_stm32l0xx.o(.constdata)
    PLLMulTable                              0x08005be8   Data           9  system_stm32l0xx.o(.constdata)
    APBPrescTable                            0x08005bf1   Data           8  system_stm32l0xx.o(.constdata)
    Region$$Table$$Base                      0x08005c14   Number         0  anon$$obj.o(Region$$Table)
    Region$$Table$$Limit                     0x08005c34   Number         0  anon$$obj.o(Region$$Table)
    DioIrq                                   0x20000008   Data          24  sx1276.o(.data)
    BUTTON_PORT                              0x20000020   Data           4  b-l072z-lrwan1.o(.data)
    LED_PORT                                 0x20000024   Data          16  b-l072z-lrwan1.o(.data)
    SystemCoreClock                          0x20000034   Data           4  system_stm32l0xx.o(.data)
    uwTick                                   0x20000038   Data           4  stm32l0xx_hal.o(.data)
    State                                    0x20000040   Data           1  main.o(.data)
    RssiValue                                0x20000041   Data           1  main.o(.data)
    SnrValue                                 0x20000042   Data           1  main.o(.data)
    BufferSize                               0x20000044   Data           2  main.o(.data)
    iw                                       0x20000046   Data           2  vcom.o(.data)
    SX1276                                   0x20000168   Data          96  sx1276.o(.bss)
    TxTimeoutTimer                           0x200001c8   Data          20  sx1276.o(.bss)
    RxTimeoutTimer                           0x200001dc   Data          20  sx1276.o(.bss)
    RxTimeoutSyncWord                        0x200001f0   Data          20  sx1276.o(.bss)
    Buffer                                   0x20000304   Data          10  main.o(.bss)
    __initial_sp                             0x20000910   Data           0  startup_stm32l072xx.o(STACK)



==============================================================================

Memory Map of the image

  Image Entry point : 0x080000c1

  Load Region LR_IROM1 (Base: 0x08000000, Size: 0x00005c88, Max: 0x00030000, ABSOLUTE)

    Execution Region ER_IROM1 (Exec base: 0x08000000, Load base: 0x08000000, Size: 0x00005c34, Max: 0x00030000, ABSOLUTE)

    Exec Addr    Load Addr    Size         Type   Attr      Idx    E Section Name        Object

    0x08000000   0x08000000   0x000000c0   Data   RO         3852    RESET               startup_stm32l072xx.o
    0x080000c0   0x080000c0   0x00000000   Code   RO         4892  * .ARM.Collect$$$$00000000  mc_p.l(entry.o)
    0x080000c0   0x080000c0   0x00000004   Code   RO         4955    .ARM.Collect$$$$00000001  mc_p.l(entry2.o)
    0x080000c4   0x080000c4   0x00000004   Code   RO         4958    .ARM.Collect$$$$00000004  mc_p.l(entry5.o)
    0x080000c8   0x080000c8   0x00000000   Code   RO         4960    .ARM.Collect$$$$00000008  mc_p.l(entry7b.o)
    0x080000c8   0x080000c8   0x00000000   Code   RO         4962    .ARM.Collect$$$$0000000A  mc_p.l(entry8b.o)
    0x080000c8   0x080000c8   0x00000008   Code   RO         4963    .ARM.Collect$$$$0000000B  mc_p.l(entry9a.o)
    0x080000d0   0x080000d0   0x00000000   Code   RO         4965    .ARM.Collect$$$$0000000D  mc_p.l(entry10a.o)
    0x080000d0   0x080000d0   0x00000000   Code   RO         4967    .ARM.Collect$$$$0000000F  mc_p.l(entry11a.o)
    0x080000d0   0x080000d0   0x00000004   Code   RO         4956    .ARM.Collect$$$$00002712  mc_p.l(entry2.o)
    0x080000d4   0x080000d4   0x0000001c   Code   RO         3853    .text               startup_stm32l072xx.o
    0x080000f0   0x080000f0   0x0000002c   Code   RO         4895    .text               mc_p.l(uidiv.o)
    0x0800011c   0x0800011c   0x00000060   Code   RO         4899    .text               mc_p.l(uldiv.o)
    0x0800017c   0x0800017c   0x00000024   Code   RO         4901    .text               mc_p.l(memcpya.o)
    0x080001a0   0x080001a0   0x00000024   Code   RO         4903    .text               mc_p.l(memseta.o)
    0x080001c4   0x080001c4   0x00000164   Code   RO         4937    .text               mf_p.l(dadd.o)
    0x08000328   0x08000328   0x000000d0   Code   RO         4939    .text               mf_p.l(dmul.o)
    0x080003f8   0x080003f8   0x000000f0   Code   RO         4941    .text               mf_p.l(ddiv.o)
    0x080004e8   0x080004e8   0x0000002c   Code   RO         4943    .text               mf_p.l(dscalb.o)
    0x08000514   0x08000514   0x00000028   Code   RO         4945    .text               mf_p.l(dflti.o)
    0x0800053c   0x0800053c   0x0000001c   Code   RO         4947    .text               mf_p.l(dfltui.o)
    0x08000558   0x08000558   0x0000003c   Code   RO         4951    .text               mf_p.l(dfixui.o)
    0x08000594   0x08000594   0x00000028   Code   RO         4953    .text               mf_p.l(cdrcmple.o)
    0x080005bc   0x080005bc   0x00000020   Code   RO         4972    .text               mc_p.l(llshl.o)
    0x080005dc   0x080005dc   0x00000022   Code   RO         4974    .text               mc_p.l(llushr.o)
    0x080005fe   0x080005fe   0x00000026   Code   RO         4976    .text               mc_p.l(llsshr.o)
    0x08000624   0x08000624   0x00000000   Code   RO         4978    .text               mc_p.l(iusefp.o)
    0x08000624   0x08000624   0x000000be   Code   RO         4979    .text               mf_p.l(depilogue.o)
    0x080006e2   0x080006e2   0x00000002   PAD
    0x080006e4   0x080006e4   0x0000007c   Code   RO         4983    .text               mf_p.l(drnd.o)
    0x08000760   0x08000760   0x00000040   Code   RO         4985    .text               mf_p.l(dfixul.o)
    0x080007a0   0x080007a0   0x00000028   Code   RO         4987    .text               mf_p.l(cdcmple.o)
    0x080007c8   0x080007c8   0x00000024   Code   RO         4989    .text               mc_p.l(init.o)
    0x080007ec   0x080007ec   0x00000064   Code   RO          645    i.BSP_LED_Init      b-l072z-lrwan1.o
    0x08000850   0x08000850   0x0000001c   Code   RO          648    i.BSP_LED_Toggle    b-l072z-lrwan1.o
    0x0800086c   0x0800086c   0x00000044   Code   RO         3859    i.DBG_Init          debug.o
    0x080008b0   0x080008b0   0x00000008   Code   RO         4661    i.DelayMs           delay.o
    0x080008b8   0x080008b8   0x00000010   Code   RO         4468    i.EXTI0_1_IRQHandler  mlm32l0xx_it.o
    0x080008c8   0x080008c8   0x00000010   Code   RO         4469    i.EXTI2_3_IRQHandler  mlm32l0xx_it.o
    0x080008d8   0x080008d8   0x0000005c   Code   RO         4470    i.EXTI4_15_IRQHandler  mlm32l0xx_it.o
    0x08000934   0x08000934   0x00000002   Code   RO         3860    i.Error_Handler     debug.o
    0x08000936   0x08000936   0x00000002   PAD
    0x08000938   0x08000938   0x0000002c   Code   RO          256    i.GetFskBandwidthRegValue  sx1276.o
    0x08000964   0x08000964   0x000001c4   Code   RO         1335    i.HAL_ADC_Init      stm32l0xx_hal_adc.o
    0x08000b28   0x08000b28   0x00000002   Code   RO         1338    i.HAL_ADC_MspInit   stm32l0xx_hal_adc.o
    0x08000b2a   0x08000b2a   0x00000002   PAD
    0x08000b2c   0x08000b2c   0x00000010   Code   RO         1726    i.HAL_DBGMCU_DisableDBGSleepMode  stm32l0xx_hal.o
    0x08000b3c   0x08000b3c   0x00000010   Code   RO         1727    i.HAL_DBGMCU_DisableDBGStandbyMode  stm32l0xx_hal.o
    0x08000b4c   0x08000b4c   0x00000010   Code   RO         1728    i.HAL_DBGMCU_DisableDBGStopMode  stm32l0xx_hal.o
    0x08000b5c   0x08000b5c   0x00000008   Code   RO         4405    i.HAL_GPIO_EXTI_Callback  mlm32l0xx_hal_msp.o
    0x08000b64   0x08000b64   0x00000018   Code   RO         1993    i.HAL_GPIO_EXTI_IRQHandler  stm32l0xx_hal_gpio.o
    0x08000b7c   0x08000b7c   0x00000184   Code   RO         1994    i.HAL_GPIO_Init     stm32l0xx_hal_gpio.o
    0x08000d00   0x08000d00   0x00000008   Code   RO         1997    i.HAL_GPIO_TogglePin  stm32l0xx_hal_gpio.o
    0x08000d08   0x08000d08   0x0000000c   Code   RO         1998    i.HAL_GPIO_WritePin  stm32l0xx_hal_gpio.o
    0x08000d14   0x08000d14   0x0000000c   Code   RO         1737    i.HAL_GetTick       stm32l0xx_hal.o
    0x08000d20   0x08000d20   0x00000010   Code   RO         1738    i.HAL_IncTick       stm32l0xx_hal.o
    0x08000d30   0x08000d30   0x00000020   Code   RO         1739    i.HAL_Init          stm32l0xx_hal.o
    0x08000d50   0x08000d50   0x00000004   Code   RO         4406    i.HAL_InitTick      mlm32l0xx_hal_msp.o
    0x08000d54   0x08000d54   0x00000020   Code   RO         4407    i.HAL_MspInit       mlm32l0xx_hal_msp.o
    0x08000d74   0x08000d74   0x00000014   Code   RO         1892    i.HAL_NVIC_ClearPendingIRQ  stm32l0xx_hal_cortex.o
    0x08000d88   0x08000d88   0x00000014   Code   RO         1894    i.HAL_NVIC_EnableIRQ  stm32l0xx_hal_cortex.o
    0x08000d9c   0x08000d9c   0x0000001c   Code   RO         1895    i.HAL_NVIC_GetPendingIRQ  stm32l0xx_hal_cortex.o
    0x08000db8   0x08000db8   0x00000014   Code   RO         1897    i.HAL_NVIC_SetPendingIRQ  stm32l0xx_hal_cortex.o
    0x08000dcc   0x08000dcc   0x00000008   Code   RO         1898    i.HAL_NVIC_SetPriority  stm32l0xx_hal_cortex.o
    0x08000dd4   0x08000dd4   0x00000010   Code   RO         2251    i.HAL_PWREx_EnableFastWakeUp  stm32l0xx_hal_pwr_ex.o
    0x08000de4   0x08000de4   0x00000010   Code   RO         2253    i.HAL_PWREx_EnableUltraLowPower  stm32l0xx_hal_pwr_ex.o
    0x08000df4   0x08000df4   0x00000010   Code   RO         2135    i.HAL_PWR_DisablePVD  stm32l0xx_hal_pwr.o
    0x08000e04   0x08000e04   0x00000030   Code   RO         2144    i.HAL_PWR_EnterSLEEPMode  stm32l0xx_hal_pwr.o
    0x08000e34   0x08000e34   0x00000034   Code   RO         2146    i.HAL_PWR_EnterSTOPMode  stm32l0xx_hal_pwr.o
    0x08000e68   0x08000e68   0x000001c0   Code   RO         1611    i.HAL_RCCEx_GetPeriphCLKFreq  stm32l0xx_hal_rcc_ex.o
    0x08001028   0x08001028   0x0000018c   Code   RO         1614    i.HAL_RCCEx_PeriphCLKConfig  stm32l0xx_hal_rcc_ex.o
    0x080011b4   0x080011b4   0x00000168   Code   RO         1500    i.HAL_RCC_ClockConfig  stm32l0xx_hal_rcc.o
    0x0800131c   0x0800131c   0x00000020   Code   RO         1506    i.HAL_RCC_GetPCLK1Freq  stm32l0xx_hal_rcc.o
    0x0800133c   0x0800133c   0x00000020   Code   RO         1507    i.HAL_RCC_GetPCLK2Freq  stm32l0xx_hal_rcc.o
    0x0800135c   0x0800135c   0x00000078   Code   RO         1508    i.HAL_RCC_GetSysClockFreq  stm32l0xx_hal_rcc.o
    0x080013d4   0x080013d4   0x0000045c   Code   RO         1511    i.HAL_RCC_OscConfig  stm32l0xx_hal_rcc.o
    0x08001830   0x08001830   0x00000002   Code   RO         2437    i.HAL_RTCEx_AlarmBEventCallback  stm32l0xx_hal_rtc_ex.o
    0x08001832   0x08001832   0x0000003c   Code   RO         2446    i.HAL_RTCEx_EnableBypassShadow  stm32l0xx_hal_rtc_ex.o
    0x0800186e   0x0800186e   0x00000008   Code   RO         4408    i.HAL_RTC_AlarmAEventCallback  mlm32l0xx_hal_msp.o
    0x08001876   0x08001876   0x00000002   PAD
    0x08001878   0x08001878   0x00000060   Code   RO         2305    i.HAL_RTC_AlarmIRQHandler  stm32l0xx_hal_rtc.o
    0x080018d8   0x080018d8   0x000000b8   Code   RO         2307    i.HAL_RTC_DeactivateAlarm  stm32l0xx_hal_rtc.o
    0x08001990   0x08001990   0x0000008c   Code   RO         2308    i.HAL_RTC_GetAlarm  stm32l0xx_hal_rtc.o
    0x08001a1c   0x08001a1c   0x00000044   Code   RO         2309    i.HAL_RTC_GetDate   stm32l0xx_hal_rtc.o
    0x08001a60   0x08001a60   0x0000005c   Code   RO         2311    i.HAL_RTC_GetTime   stm32l0xx_hal_rtc.o
    0x08001abc   0x08001abc   0x000000a4   Code   RO         2312    i.HAL_RTC_Init      stm32l0xx_hal_rtc.o
    0x08001b60   0x08001b60   0x0000005c   Code   RO         4410    i.HAL_RTC_MspInit   mlm32l0xx_hal_msp.o
    0x08001bbc   0x08001bbc   0x000001a0   Code   RO         2317    i.HAL_RTC_SetAlarm_IT  stm32l0xx_hal_rtc.o
    0x08001d5c   0x08001d5c   0x000000cc   Code   RO         2318    i.HAL_RTC_SetDate   stm32l0xx_hal_rtc.o
    0x08001e28   0x08001e28   0x000000f0   Code   RO         2319    i.HAL_RTC_SetTime   stm32l0xx_hal_rtc.o
    0x08001f18   0x08001f18   0x00000034   Code   RO         2320    i.HAL_RTC_WaitForSynchro  stm32l0xx_hal_rtc.o
    0x08001f4c   0x08001f4c   0x00000030   Code   RO          744    i.HAL_SPI_DeInit    stm32l0xx_hal_spi.o
    0x08001f7c   0x08001f7c   0x00000084   Code   RO          749    i.HAL_SPI_Init      stm32l0xx_hal_spi.o
    0x08002000   0x08002000   0x00000002   Code   RO          750    i.HAL_SPI_MspDeInit  stm32l0xx_hal_spi.o
    0x08002002   0x08002002   0x00000002   Code   RO          751    i.HAL_SPI_MspInit   stm32l0xx_hal_spi.o
    0x08002004   0x08002004   0x000002b8   Code   RO          758    i.HAL_SPI_TransmitReceive  stm32l0xx_hal_spi.o
    0x080022bc   0x080022bc   0x0000003e   Code   RO          997    i.HAL_UART_DeInit   stm32l0xx_hal_uart.o
    0x080022fa   0x080022fa   0x0000006c   Code   RO         1002    i.HAL_UART_Init     stm32l0xx_hal_uart.o
    0x08002366   0x08002366   0x00000008   Code   RO         4322    i.HAL_UART_MspDeInit  vcom.o
    0x0800236e   0x0800236e   0x00000002   PAD
    0x08002370   0x08002370   0x00000018   Code   RO         4323    i.HAL_UART_MspInit  vcom.o
    0x08002388   0x08002388   0x000000c8   Code   RO         1010    i.HAL_UART_Transmit  stm32l0xx_hal_uart.o
    0x08002450   0x08002450   0x00000074   Code   RO         4568    i.HW_AdcInit        mlm32l0xx_hw.o
    0x080024c4   0x080024c4   0x00000020   Code   RO         4570    i.HW_DeInit         mlm32l0xx_hw.o
    0x080024e4   0x080024e4   0x0000000c   Code   RO         4571    i.HW_EnterSleepMode  mlm32l0xx_hw.o
    0x080024f0   0x080024f0   0x00000028   Code   RO         4572    i.HW_EnterStopMode  mlm32l0xx_hw.o
    0x08002518   0x08002518   0x00000048   Code   RO         4573    i.HW_ExitStopMode   mlm32l0xx_hw.o
    0x08002560   0x08002560   0x00000038   Code   RO         3885    i.HW_GPIO_GetBitPos  hw_gpio.o
    0x08002598   0x08002598   0x00000054   Code   RO         3886    i.HW_GPIO_Init      hw_gpio.o
    0x080025ec   0x080025ec   0x00000018   Code   RO         3887    i.HW_GPIO_IrqHandler  hw_gpio.o
    0x08002604   0x08002604   0x00000034   Code   RO         3889    i.HW_GPIO_SetIrq    hw_gpio.o
    0x08002638   0x08002638   0x0000000a   Code   RO         3890    i.HW_GPIO_Write     hw_gpio.o
    0x08002642   0x08002642   0x00000002   PAD
    0x08002644   0x08002644   0x00000048   Code   RO         4577    i.HW_Init           mlm32l0xx_hw.o
    0x0800268c   0x0800268c   0x00000026   Code   RO         3936    i.HW_RTC_DelayMs    hw_rtc.o
    0x080026b2   0x080026b2   0x00000002   PAD
    0x080026b4   0x080026b4   0x000000c0   Code   RO         3937    i.HW_RTC_GetCalendarValue  hw_rtc.o
    0x08002774   0x08002774   0x00000004   Code   RO         3938    i.HW_RTC_GetMinimumTimeout  hw_rtc.o
    0x08002778   0x08002778   0x0000000c   Code   RO         3939    i.HW_RTC_GetTimerContext  hw_rtc.o
    0x08002784   0x08002784   0x0000001c   Code   RO         3940    i.HW_RTC_GetTimerElapsedTime  hw_rtc.o
    0x080027a0   0x080027a0   0x00000010   Code   RO         3941    i.HW_RTC_GetTimerValue  hw_rtc.o
    0x080027b0   0x080027b0   0x0000002c   Code   RO         3942    i.HW_RTC_Init       hw_rtc.o
    0x080027dc   0x080027dc   0x00000014   Code   RO         3943    i.HW_RTC_IrqHandler  hw_rtc.o
    0x080027f0   0x080027f0   0x00000044   Code   RO         3944    i.HW_RTC_SetAlarm   hw_rtc.o
    0x08002834   0x08002834   0x00000060   Code   RO         3945    i.HW_RTC_SetConfig  hw_rtc.o
    0x08002894   0x08002894   0x00000018   Code   RO         3946    i.HW_RTC_SetTimerContext  hw_rtc.o
    0x080028ac   0x080028ac   0x00000118   Code   RO         3947    i.HW_RTC_StartWakeUpAlarm  hw_rtc.o
    0x080029c4   0x080029c4   0x00000020   Code   RO         3948    i.HW_RTC_StopAlarm  hw_rtc.o
    0x080029e4   0x080029e4   0x00000010   Code   RO         3951    i.HW_RTC_ms2Tick    hw_rtc.o
    0x080029f4   0x080029f4   0x00000074   Code   RO         3952    i.HW_RTC_setMcuWakeUpTime  hw_rtc.o
    0x08002a68   0x08002a68   0x0000009c   Code   RO         4055    i.HW_SPI_DeInit     hw_spi.o
    0x08002b04   0x08002b04   0x00000020   Code   RO         4056    i.HW_SPI_InOut      hw_spi.o
    0x08002b24   0x08002b24   0x000000dc   Code   RO         4057    i.HW_SPI_Init       hw_spi.o
    0x08002c00   0x08002c00   0x00000004   Code   RO         4471    i.HardFault_Handler  mlm32l0xx_it.o
    0x08002c04   0x08002c04   0x00000018   Code   RO         4686    i.LowPower_Disable  low_power.o
    0x08002c1c   0x08002c1c   0x00000018   Code   RO         4687    i.LowPower_Enable   low_power.o
    0x08002c34   0x08002c34   0x0000000c   Code   RO         4688    i.LowPower_GetState  low_power.o
    0x08002c40   0x08002c40   0x00000024   Code   RO         4689    i.LowPower_Handler  low_power.o
    0x08002c64   0x08002c64   0x00000030   Code   RO         4411    i.MSP_GetIRQn       mlm32l0xx_hal_msp.o
    0x08002c94   0x08002c94   0x00000002   Code   RO         4473    i.NMI_Handler       mlm32l0xx_it.o
    0x08002c96   0x08002c96   0x00000002   PAD
    0x08002c98   0x08002c98   0x00000044   Code   RO         1904    i.NVIC_SetPriority  stm32l0xx_hal_cortex.o
    0x08002cdc   0x08002cdc   0x00000034   Code   RO         4090    i.OnRxDone          main.o
    0x08002d10   0x08002d10   0x00000018   Code   RO         4092    i.OnRxTimeout       main.o
    0x08002d28   0x08002d28   0x0000001c   Code   RO            3    i.OnTcxoStopTimerEvent  mlm32l07x01.o
    0x08002d44   0x08002d44   0x00000028   Code   RO         4095    i.OnledEvent        main.o
    0x08002d6c   0x08002d6c   0x00000002   Code   RO         4474    i.PendSV_Handler    mlm32l0xx_it.o
    0x08002d6e   0x08002d6e   0x00000002   PAD
    0x08002d70   0x08002d70   0x00000070   Code   RO         1512    i.RCC_SetFlashLatencyFromMSIRange  stm32l0xx_hal_rcc.o
    0x08002de0   0x08002de0   0x00000010   Code   RO         2321    i.RTC_Bcd2ToByte    stm32l0xx_hal_rtc.o
    0x08002df0   0x08002df0   0x00000016   Code   RO         2322    i.RTC_ByteToBcd2    stm32l0xx_hal_rtc.o
    0x08002e06   0x08002e06   0x00000038   Code   RO         2323    i.RTC_EnterInitMode  stm32l0xx_hal_rtc.o
    0x08002e3e   0x08002e3e   0x00000008   Code   RO         4475    i.RTC_IRQHandler    mlm32l0xx_it.o
    0x08002e46   0x08002e46   0x00000002   PAD
    0x08002e48   0x08002e48   0x00000094   Code   RO          257    i.RxChainCalibration  sx1276.o
    0x08002edc   0x08002edc   0x000000b2   Code   RO          779    i.SPI_WaitOnFlagUntilTimeout  stm32l0xx_hal_spi.o
    0x08002f8e   0x08002f8e   0x00000002   Code   RO         4476    i.SVC_Handler       mlm32l0xx_it.o
    0x08002f90   0x08002f90   0x00000004   Code   RO            4    i.SX1276CheckRfFrequency  mlm32l07x01.o
    0x08002f94   0x08002f94   0x0000000c   Code   RO          258    i.SX1276GetStatus   sx1276.o
    0x08002fa0   0x08002fa0   0x000001e4   Code   RO          259    i.SX1276GetTimeOnAir  sx1276.o
    0x08003184   0x08003184   0x00000088   Code   RO          260    i.SX1276Init        sx1276.o
    0x0800320c   0x0800320c   0x00000050   Code   RO            6    i.SX1276IoDeInit    mlm32l07x01.o
    0x0800325c   0x0800325c   0x00000064   Code   RO            7    i.SX1276IoInit      mlm32l07x01.o
    0x080032c0   0x080032c0   0x00000044   Code   RO            8    i.SX1276IoIrqInit   mlm32l07x01.o
    0x08003304   0x08003304   0x00000036   Code   RO          261    i.SX1276IsChannelFree  sx1276.o
    0x0800333a   0x0800333a   0x00000002   PAD
    0x0800333c   0x0800333c   0x00000238   Code   RO          262    i.SX1276OnDio0Irq   sx1276.o
    0x08003574   0x08003574   0x000000d8   Code   RO          263    i.SX1276OnDio1Irq   sx1276.o
    0x0800364c   0x0800364c   0x000000b4   Code   RO          264    i.SX1276OnDio2Irq   sx1276.o
    0x08003700   0x08003700   0x00000054   Code   RO          265    i.SX1276OnDio3Irq   sx1276.o
    0x08003754   0x08003754   0x0000001c   Code   RO          266    i.SX1276OnDio4Irq   sx1276.o
    0x08003770   0x08003770   0x00000084   Code   RO          268    i.SX1276OnTimeoutIrq  sx1276.o
    0x080037f4   0x080037f4   0x0000003e   Code   RO          269    i.SX1276Random      sx1276.o
    0x08003832   0x08003832   0x00000010   Code   RO          270    i.SX1276Read        sx1276.o
    0x08003842   0x08003842   0x00000042   Code   RO          271    i.SX1276ReadBuffer  sx1276.o
    0x08003884   0x08003884   0x0000000e   Code   RO          272    i.SX1276ReadFifo    sx1276.o
    0x08003892   0x08003892   0x00000002   PAD
    0x08003894   0x08003894   0x00000044   Code   RO          273    i.SX1276ReadRssi    sx1276.o
    0x080038d8   0x080038d8   0x00000050   Code   RO          274    i.SX1276Reset       sx1276.o
    0x08003928   0x08003928   0x000000ec   Code   RO          275    i.SX1276Send        sx1276.o
    0x08003a14   0x08003a14   0x00000044   Code   RO            9    i.SX1276SetAntSw    mlm32l07x01.o
    0x08003a58   0x08003a58   0x000000f4   Code   RO           10    i.SX1276SetAntSwLowPower  mlm32l07x01.o
    0x08003b4c   0x08003b4c   0x00000050   Code   RO          276    i.SX1276SetChannel  sx1276.o
    0x08003b9c   0x08003b9c   0x00000030   Code   RO          277    i.SX1276SetMaxPayloadLength  sx1276.o
    0x08003bcc   0x08003bcc   0x00000060   Code   RO          278    i.SX1276SetModem    sx1276.o
    0x08003c2c   0x08003c2c   0x0000002e   Code   RO          279    i.SX1276SetOpMode   sx1276.o
    0x08003c5a   0x08003c5a   0x00000090   Code   RO           11    i.SX1276SetRfTxPower  mlm32l07x01.o
    0x08003cea   0x08003cea   0x00000002   PAD
    0x08003cec   0x08003cec   0x00000264   Code   RO          280    i.SX1276SetRx       sx1276.o
    0x08003f50   0x08003f50   0x00000248   Code   RO          281    i.SX1276SetRxConfig  sx1276.o
    0x08004198   0x08004198   0x00000024   Code   RO          282    i.SX1276SetSleep    sx1276.o
    0x080041bc   0x080041bc   0x00000024   Code   RO          283    i.SX1276SetStby     sx1276.o
    0x080041e0   0x080041e0   0x00000014   Code   RO          284    i.SX1276SetSyncWord  sx1276.o
    0x080041f4   0x080041f4   0x000000a4   Code   RO          285    i.SX1276SetTx       sx1276.o
    0x08004298   0x08004298   0x000001f0   Code   RO          286    i.SX1276SetTxConfig  sx1276.o
    0x08004488   0x08004488   0x00000090   Code   RO          287    i.SX1276SetTxContinuousWave  sx1276.o
    0x08004518   0x08004518   0x00000038   Code   RO          288    i.SX1276StartCad    sx1276.o
    0x08004550   0x08004550   0x0000000c   Code   RO          289    i.SX1276Write       sx1276.o
    0x0800455c   0x0800455c   0x00000042   Code   RO          290    i.SX1276WriteBuffer  sx1276.o
    0x0800459e   0x0800459e   0x0000000e   Code   RO          291    i.SX1276WriteFifo   sx1276.o
    0x080045ac   0x080045ac   0x00000008   Code   RO         4477    i.SysTick_Handler   mlm32l0xx_it.o
    0x080045b4   0x080045b4   0x0000008c   Code   RO         4578    i.SystemClock_Config  mlm32l0xx_hw.o
    0x08004640   0x08004640   0x00000054   Code   RO          708    i.SystemInit        system_stm32l0xx.o
    0x08004694   0x08004694   0x0000000e   Code   RO         4734    i.TimerInit         timeserver.o
    0x080046a2   0x080046a2   0x00000002   PAD
    0x080046a4   0x080046a4   0x0000001c   Code   RO         4735    i.TimerInsertNewHeadTimer  timeserver.o
    0x080046c0   0x080046c0   0x00000078   Code   RO         4736    i.TimerIrqHandler   timeserver.o
    0x08004738   0x08004738   0x0000002c   Code   RO         4738    i.TimerSetTimeout   timeserver.o
    0x08004764   0x08004764   0x00000022   Code   RO         4739    i.TimerSetValue     timeserver.o
    0x08004786   0x08004786   0x00000002   PAD
    0x08004788   0x08004788   0x00000070   Code   RO         4740    i.TimerStart        timeserver.o
    0x080047f8   0x080047f8   0x00000060   Code   RO         4741    i.TimerStop         timeserver.o
    0x08004858   0x08004858   0x000000ca   Code   RO         1015    i.UART_AdvFeatureConfig  stm32l0xx_hal_uart.o
    0x08004922   0x08004922   0x00000002   PAD
    0x08004924   0x08004924   0x00000060   Code   RO         1016    i.UART_CheckIdleState  stm32l0xx_hal_uart.o
    0x08004984   0x08004984   0x00000230   Code   RO         1030    i.UART_SetConfig    stm32l0xx_hal_uart.o
    0x08004bb4   0x08004bb4   0x00000062   Code   RO         1032    i.UART_WaitOnFlagUntilTimeout  stm32l0xx_hal_uart.o
    0x08004c16   0x08004c16   0x00000008   Code   RO         4478    i.USART2_IRQHandler  mlm32l0xx_it.o
    0x08004c1e   0x08004c1e   0x00000002   PAD
    0x08004c20   0x08004c20   0x00000024   Code   RO         4914    i.__0vsprintf       mc_p.l(printfa.o)
    0x08004c44   0x08004c44   0x0000002e   Code   RO         4981    i.__ARM_clz         mf_p.l(depilogue.o)
    0x08004c72   0x08004c72   0x0000001a   Code   RO          478    i.__ARM_common_switch8  sx1276.o
    0x08004c8c   0x08004c8c   0x0000000e   Code   RO         4995    i.__scatterload_copy  mc_p.l(handlers.o)
    0x08004c9a   0x08004c9a   0x00000002   Code   RO         4996    i.__scatterload_null  mc_p.l(handlers.o)
    0x08004c9c   0x08004c9c   0x0000000e   Code   RO         4997    i.__scatterload_zeroinit  mc_p.l(handlers.o)
    0x08004caa   0x08004caa   0x00000002   PAD
    0x08004cac   0x08004cac   0x00000174   Code   RO         4915    i._fp_digits        mc_p.l(printfa.o)
    0x08004e20   0x08004e20   0x000006ec   Code   RO         4916    i._printf_core      mc_p.l(printfa.o)
    0x0800550c   0x0800550c   0x00000020   Code   RO         4917    i._printf_post_padding  mc_p.l(printfa.o)
    0x0800552c   0x0800552c   0x0000002c   Code   RO         4918    i._printf_pre_padding  mc_p.l(printfa.o)
    0x08005558   0x08005558   0x0000000a   Code   RO         4920    i._sputc            mc_p.l(printfa.o)
    0x08005562   0x08005562   0x00000002   PAD
    0x08005564   0x08005564   0x000000c8   Code   RO         4883    i.ceil              m_ps.l(ceil.o)
    0x0800562c   0x0800562c   0x000000c8   Code   RO         4887    i.floor             m_ps.l(floor.o)
    0x080056f4   0x080056f4   0x0000010c   Code   RO         4096    i.main              main.o
    0x08005800   0x08005800   0x00000016   Code   RO         4820    i.memcpy1           utilities.o
    0x08005816   0x08005816   0x00000002   PAD
    0x08005818   0x08005818   0x0000009c   Code   RO         4890    i.round             m_ps.l(round.o)
    0x080058b4   0x080058b4   0x00000010   Code   RO         4324    i.vcom_DeInit       vcom.o
    0x080058c4   0x080058c4   0x00000044   Code   RO         4325    i.vcom_Init         vcom.o
    0x08005908   0x08005908   0x00000054   Code   RO         4326    i.vcom_IoDeInit     vcom.o
    0x0800595c   0x0800595c   0x0000005c   Code   RO         4327    i.vcom_IoInit       vcom.o
    0x080059b8   0x080059b8   0x00000054   Code   RO         4328    i.vcom_Print        vcom.o
    0x08005a0c   0x08005a0c   0x0000007c   Code   RO         4329    i.vcom_Send         vcom.o
    0x08005a88   0x08005a88   0x00000064   Data   RO           13    .constdata          mlm32l07x01.o
    0x08005aec   0x08005aec   0x000000e0   Data   RO          293    .constdata          sx1276.o
    0x08005bcc   0x08005bcc   0x0000000c   Data   RO          651    .constdata          b-l072z-lrwan1.o
    0x08005bd8   0x08005bd8   0x00000019   Data   RO          709    .constdata          system_stm32l0xx.o
    0x08005bf1   0x08005bf1   0x00000008   Data   RO          710    .constdata          system_stm32l0xx.o
    0x08005bf9   0x08005bf9   0x00000018   Data   RO         3954    .constdata          hw_rtc.o
    0x08005c11   0x08005c11   0x00000003   PAD
    0x08005c14   0x08005c14   0x00000020   Data   RO         4993    Region$$Table       anon$$obj.o


    Execution Region RW_IRAM1 (Exec base: 0x20000000, Load base: 0x08005c34, Size: 0x00000910, Max: 0x00005000, ABSOLUTE)

    Exec Addr    Load Addr    Size         Type   Attr      Idx    E Section Name        Object

    0x20000000   0x08005c34   0x00000001   Data   RW           14    .data               mlm32l07x01.o
    0x20000001   0x08005c35   0x00000003   PAD
    0x20000004   0x08005c38   0x0000001c   Data   RW          294    .data               sx1276.o
    0x20000020   0x08005c54   0x00000014   Data   RW          652    .data               b-l072z-lrwan1.o
    0x20000034   0x08005c68   0x00000004   Data   RW          711    .data               system_stm32l0xx.o
    0x20000038   0x08005c6c   0x00000004   Data   RW         1749    .data               stm32l0xx_hal.o
    0x2000003c   0x08005c70   0x00000004   Data   RW         3955    .data               hw_rtc.o
    0x20000040   0x08005c74   0x00000006   Data   RW         4101    .data               main.o
    0x20000046   0x08005c7a   0x00000004   Data   RW         4332    .data               vcom.o
    0x2000004a   0x08005c7e   0x00000002   Data   RW         4580    .data               mlm32l0xx_hw.o
    0x2000004c   0x08005c80   0x00000004   Data   RW         4690    .data               low_power.o
    0x20000050   0x08005c84   0x00000004   Data   RW         4742    .data               timeserver.o
    0x20000054        -       0x00000014   Zero   RW           12    .bss                mlm32l07x01.o
    0x20000068        -       0x0000019c   Zero   RW          292    .bss                sx1276.o
    0x20000204        -       0x00000040   Zero   RW         3891    .bss                hw_gpio.o
    0x20000244        -       0x00000068   Zero   RW         3953    .bss                hw_rtc.o
    0x200002ac        -       0x00000058   Zero   RW         4058    .bss                hw_spi.o
    0x20000304        -       0x0000003c   Zero   RW         4097    .bss                main.o
    0x20000340        -       0x00000170   Zero   RW         4331    .bss                vcom.o
    0x200004b0        -       0x00000060   Zero   RW         4579    .bss                mlm32l0xx_hw.o
    0x20000510        -       0x00000400   Zero   RW         3850    STACK               startup_stm32l072xx.o


==============================================================================

Image component sizes


      Code (inc. data)   RO Data    RW Data    ZI Data      Debug   Object Name

       128         20         12         20          0       2982   b-l072z-lrwan1.o
        70          6          0          0          0       1083   debug.o
         8          0          0          0          0       1194   delay.o
       226         26          0          0         64       4045   hw_gpio.o
       986        104         24          4        104      11626   hw_rtc.o
       408         44          0          0         88       2861   hw_spi.o
        96         20          0          4          0       4700   low_power.o
       384         84          0          6         60       6526   main.o
       736         62        100          1         20     417319   mlm32l07x01.o
       192         12          0          0          0       4096   mlm32l0xx_hal_msp.o
       484         52          0          2         96       5421   mlm32l0xx_hw.o
       158          0          0          0          0       5244   mlm32l0xx_it.o
        28          8        192          0       1024        680   startup_stm32l072xx.o
       108         30          0          4          0       4956   stm32l0xx_hal.o
       454         10          0          0          0       2369   stm32l0xx_hal_adc.o
       164         30          0          0          0      12729   stm32l0xx_hal_cortex.o
       432         38          0          0          0       4116   stm32l0xx_hal_gpio.o
       116         22          0          0          0       2098   stm32l0xx_hal_pwr.o
        32          8          0          0          0       1273   stm32l0xx_hal_pwr_ex.o
      1772        114          0          0          0       7428   stm32l0xx_hal_rcc.o
       844         56          0          0          0       3669   stm32l0xx_hal_rcc_ex.o
      1750         40          0          0          0      12481   stm32l0xx_hal_rtc.o
        62          0          0          0          0       1991   stm32l0xx_hal_rtc_ex.o
      1058          0          0          0          0       6144   stm32l0xx_hal_spi.o
      1326         80          0          0          0       8039   stm32l0xx_hal_uart.o
      5164        310        224         28        412      38879   sx1276.o
        84         18         33          4          0       1791   system_stm32l0xx.o
       448         18          0          4          0       7147   timeserver.o
        22          0          0          0          0       1414   utilities.o
       500         52          0          4        368       8214   vcom.o

    ----------------------------------------------------------------------
     18274       1264        620         84       2236     592515   Object Totals
         0          0         32          0          0          0   (incl. Generated)
        34          0          3          3          0          0   (incl. Padding)

    ----------------------------------------------------------------------

      Code (inc. data)   RO Data    RW Data    ZI Data      Debug   Library Member Name

       200         20          0          0          0         76   ceil.o
       200         20          0          0          0         76   floor.o
       156         14          0          0          0         84   round.o
         0          0          0          0          0          0   entry.o
         0          0          0          0          0          0   entry10a.o
         0          0          0          0          0          0   entry11a.o
         8          4          0          0          0          0   entry2.o
         4          0          0          0          0          0   entry5.o
         0          0          0          0          0          0   entry7b.o
         0          0          0          0          0          0   entry8b.o
         8          4          0          0          0          0   entry9a.o
        30          0          0          0          0          0   handlers.o
        36          8          0          0          0         68   init.o
         0          0          0          0          0          0   iusefp.o
        32          0          0          0          0         68   llshl.o
        38          0          0          0          0         68   llsshr.o
        34          0          0          0          0         68   llushr.o
        36          0          0          0          0         60   memcpya.o
        36          0          0          0          0        100   memseta.o
      2266         96          0          0          0        460   printfa.o
        44          0          0          0          0         72   uidiv.o
        96          0          0          0          0         84   uldiv.o
        40          2          0          0          0         68   cdcmple.o
        40          2          0          0          0         68   cdrcmple.o
       356          4          0          0          0        140   dadd.o
       240          6          0          0          0         84   ddiv.o
       236          0          0          0          0        216   depilogue.o
        60         10          0          0          0         68   dfixui.o
        64         10          0          0          0         68   dfixul.o
        40          6          0          0          0         68   dflti.o
        28          4          0          0          0         68   dfltui.o
       208          6          0          0          0         88   dmul.o
       124         10          0          0          0         76   drnd.o
        44          0          0          0          0         72   dscalb.o

    ----------------------------------------------------------------------
      4710        226          0          0          0       2368   Library Totals
         6          0          0          0          0          0   (incl. Padding)

    ----------------------------------------------------------------------

      Code (inc. data)   RO Data    RW Data    ZI Data      Debug   Library Name

       556         54          0          0          0        236   m_ps.l
      2668        112          0          0          0       1048   mc_p.l
      1480         60          0          0          0       1084   mf_p.l

    ----------------------------------------------------------------------
      4710        226          0          0          0       2368   Library Totals

    ----------------------------------------------------------------------

==============================================================================


      Code (inc. data)   RO Data    RW Data    ZI Data      Debug   

     22984       1490        620         84       2236     586087   Grand Totals
     22984       1490        620         84       2236     586087   ELF Image Totals
     22984       1490        620         84          0          0   ROM Totals

==============================================================================

    Total RO  Size (Code + RO Data)                23604 (  23.05kB)
    Total RW  Size (RW Data + ZI Data)              2320 (   2.27kB)
    Total ROM Size (Code + RO Data + RW Data)      23688 (  23.13kB)

==============================================================================

