<html>
<body>
<pre>
<h1>µVision Build Log</h1>
<h2>Tool Versions:</h2>
IDE-Version: µVision V5.25.2.0
Copyright (C) 2018 ARM Ltd and ARM Germany GmbH. All rights reserved.
License Information:  ,  , LIC=GMZII-T5IF9-NNAAF-6CM8A-0ZQP9-YDWGD
 
Tool Versions:
Toolchain:       MDK-ARM Plus  Version: 5.25.2.0
Toolchain Path:  C:\Keil_v5\ARM\ARMCC\Bin
C Compiler:      Armcc.exe V5.06 update 6 (build 750)
Assembler:       Armasm.exe V5.06 update 6 (build 750)
Linker/Locator:  ArmLink.exe V5.06 update 6 (build 750)
Library Manager: ArmAr.exe V5.06 update 6 (build 750)
Hex Converter:   FromElf.exe V5.06 update 6 (build 750)
CPU DLL:         SARMCM3.DLL V5.25.2.0
Dialog DLL:      DARMCM1.DLL V1.19.1.0
Target DLL:      STLink\ST-LINKIII-KEIL_SWO.dll V3.0.1.0
Dialog DLL:      TARMCM1.DLL V1.14.0.0
 
<h2>Project:</h2>
D:\Project\Lora project\My Gateway\Projects\Multi\Applications\LoRa\PingPong\MDK-ARM\B-L072Z-LRWAN1\Lora.uvprojx
Project File Date:  01/28/2019

<h2>Output:</h2>
*** Using Compiler 'V5.06 update 6 (build 750)', folder: 'C:\Keil_v5\ARM\ARMCC\Bin'
Build target 'mlm32l07x01'
compiling main.c...
..\..\src\main.c(183): warning:  #815-D: type qualifier on return type is meaningless
  __IO uint8_t ASCII2VAL(uint8_t ch)
..\..\src\main.c(188): warning:  #111-D: statement is unreachable
  			break;
..\..\src\main.c(190): warning:  #111-D: statement is unreachable
  			break;
..\..\src\main.c(192): warning:  #111-D: statement is unreachable
  			break;
..\..\src\main.c(194): warning:  #111-D: statement is unreachable
  			break;
..\..\src\main.c(196): warning:  #111-D: statement is unreachable
  			break;
..\..\src\main.c(198): warning:  #111-D: statement is unreachable
  			break;
..\..\src\main.c(200): warning:  #111-D: statement is unreachable
  			break;
..\..\src\main.c(202): warning:  #111-D: statement is unreachable
  			break;
..\..\src\main.c(204): warning:  #111-D: statement is unreachable
  			break;
..\..\src\main.c(206): warning:  #111-D: statement is unreachable
  			break;
..\..\src\main.c(208): warning:  #111-D: statement is unreachable
  			break;
..\..\src\main.c(210): warning:  #111-D: statement is unreachable
  			break;
..\..\src\main.c(212): warning:  #111-D: statement is unreachable
  			break;
..\..\src\main.c(214): warning:  #111-D: statement is unreachable
  			break;
..\..\src\main.c(216): warning:  #111-D: statement is unreachable
  			break;
..\..\src\main.c(218): warning:  #111-D: statement is unreachable
  			break;
..\..\src\main.c(342): warning:  #111-D: statement is unreachable
    Radio.Rx( RX_TIMEOUT_VALUE );
..\..\src\main.c: 18 warnings, 0 errors
linking...
Program Size: Code=22984 RO-data=620 RW-data=84 ZI-data=2236  
FromELF: creating hex file...
After Build - User command #1: C:\Keil_v5\\ARM\ARMCC\bin\fromelf.exe --bin --output=NUCLEO_CUBE_LORA.bin .\mlm32l07x01\NUCLEO_CUBE_LORA.axf
".\mlm32l07x01\NUCLEO_CUBE_LORA.axf" - 0 Error(s), 18 Warning(s).

<h2>Software Packages used:</h2>

Package Vendor: Keil
                http://www.keil.com/pack/Keil.STM32L0xx_DFP.2.0.0.pack
                Keil.STM32L0xx_DFP.2.0.0
                STMicroelectronics STM32L0 Series Device Support, Drivers and Examples

<h2>Collection of Component include folders:</h2>
  .\RTE\_mlm32l07x01
  C:\Keil_v5\ARM\PACK\Keil\STM32L0xx_DFP\2.0.0\Drivers\CMSIS\Device\ST\STM32L0xx\Include

<h2>Collection of Component Files used:</h2>
Build Time Elapsed:  00:00:04
</pre>
</body>
</html>
