Component: ARM Compiler 5.06 update 6 (build 750) Tool: armlink [4d35ed]

==============================================================================

Section Cross References

    stm32l0xx_nucleo.o(i.ADCx_Init) refers to stm32l0xx_hal_adc.o(i.HAL_ADC_GetState) for HAL_ADC_GetState
    stm32l0xx_nucleo.o(i.ADCx_Init) refers to memseta.o(.text) for __aeabi_memclr4
    stm32l0xx_nucleo.o(i.ADCx_Init) refers to stm32l0xx_hal_gpio.o(i.HAL_GPIO_Init) for HAL_GPIO_Init
    stm32l0xx_nucleo.o(i.ADCx_Init) refers to stm32l0xx_hal_adc.o(i.HAL_ADC_Init) for HAL_ADC_Init
    stm32l0xx_nucleo.o(i.ADCx_Init) refers to stm32l0xx_hal_adc_ex.o(i.HAL_ADCEx_Calibration_Start) for HAL_ADCEx_Calibration_Start
    stm32l0xx_nucleo.o(i.ADCx_Init) refers to stm32l0xx_nucleo.o(.bss) for .bss
    stm32l0xx_nucleo.o(i.BSP_JOY_DeInit) refers to stm32l0xx_hal_adc.o(i.HAL_ADC_DeInit) for HAL_ADC_DeInit
    stm32l0xx_nucleo.o(i.BSP_JOY_DeInit) refers to stm32l0xx_hal_gpio.o(i.HAL_GPIO_DeInit) for HAL_GPIO_DeInit
    stm32l0xx_nucleo.o(i.BSP_JOY_DeInit) refers to stm32l0xx_nucleo.o(.bss) for .bss
    stm32l0xx_nucleo.o(i.BSP_JOY_GetState) refers to stm32l0xx_hal_adc.o(i.HAL_ADC_Start) for HAL_ADC_Start
    stm32l0xx_nucleo.o(i.BSP_JOY_GetState) refers to stm32l0xx_hal_adc.o(i.HAL_ADC_PollForConversion) for HAL_ADC_PollForConversion
    stm32l0xx_nucleo.o(i.BSP_JOY_GetState) refers to stm32l0xx_hal_adc.o(i.HAL_ADC_GetValue) for HAL_ADC_GetValue
    stm32l0xx_nucleo.o(i.BSP_JOY_GetState) refers to stm32l0xx_nucleo.o(.bss) for .bss
    stm32l0xx_nucleo.o(i.BSP_JOY_Init) refers to stm32l0xx_nucleo.o(i.ADCx_Init) for ADCx_Init
    stm32l0xx_nucleo.o(i.BSP_JOY_Init) refers to stm32l0xx_hal_adc.o(i.HAL_ADC_ConfigChannel) for HAL_ADC_ConfigChannel
    stm32l0xx_nucleo.o(i.BSP_JOY_Init) refers to stm32l0xx_nucleo.o(.data) for .data
    stm32l0xx_nucleo.o(i.BSP_JOY_Init) refers to stm32l0xx_nucleo.o(.bss) for .bss
    stm32l0xx_nucleo.o(i.BSP_LED_DeInit) refers to stm32l0xx_hal_gpio.o(i.HAL_GPIO_WritePin) for HAL_GPIO_WritePin
    stm32l0xx_nucleo.o(i.BSP_LED_DeInit) refers to stm32l0xx_hal_gpio.o(i.HAL_GPIO_DeInit) for HAL_GPIO_DeInit
    stm32l0xx_nucleo.o(i.BSP_LED_DeInit) refers to stm32l0xx_nucleo.o(.constdata) for .constdata
    stm32l0xx_nucleo.o(i.BSP_LED_DeInit) refers to stm32l0xx_nucleo.o(.data) for .data
    stm32l0xx_nucleo.o(i.BSP_LED_Init) refers to stm32l0xx_hal_gpio.o(i.HAL_GPIO_Init) for HAL_GPIO_Init
    stm32l0xx_nucleo.o(i.BSP_LED_Init) refers to stm32l0xx_hal_gpio.o(i.HAL_GPIO_WritePin) for HAL_GPIO_WritePin
    stm32l0xx_nucleo.o(i.BSP_LED_Init) refers to stm32l0xx_nucleo.o(.constdata) for .constdata
    stm32l0xx_nucleo.o(i.BSP_LED_Init) refers to stm32l0xx_nucleo.o(.data) for .data
    stm32l0xx_nucleo.o(i.BSP_LED_Off) refers to stm32l0xx_hal_gpio.o(i.HAL_GPIO_WritePin) for HAL_GPIO_WritePin
    stm32l0xx_nucleo.o(i.BSP_LED_Off) refers to stm32l0xx_nucleo.o(.constdata) for .constdata
    stm32l0xx_nucleo.o(i.BSP_LED_Off) refers to stm32l0xx_nucleo.o(.data) for .data
    stm32l0xx_nucleo.o(i.BSP_LED_On) refers to stm32l0xx_hal_gpio.o(i.HAL_GPIO_WritePin) for HAL_GPIO_WritePin
    stm32l0xx_nucleo.o(i.BSP_LED_On) refers to stm32l0xx_nucleo.o(.constdata) for .constdata
    stm32l0xx_nucleo.o(i.BSP_LED_On) refers to stm32l0xx_nucleo.o(.data) for .data
    stm32l0xx_nucleo.o(i.BSP_LED_Toggle) refers to stm32l0xx_hal_gpio.o(i.HAL_GPIO_TogglePin) for HAL_GPIO_TogglePin
    stm32l0xx_nucleo.o(i.BSP_LED_Toggle) refers to stm32l0xx_nucleo.o(.constdata) for .constdata
    stm32l0xx_nucleo.o(i.BSP_LED_Toggle) refers to stm32l0xx_nucleo.o(.data) for .data
    stm32l0xx_nucleo.o(i.BSP_PB_DeInit) refers to stm32l0xx_hal_cortex.o(i.HAL_NVIC_DisableIRQ) for HAL_NVIC_DisableIRQ
    stm32l0xx_nucleo.o(i.BSP_PB_DeInit) refers to stm32l0xx_hal_gpio.o(i.HAL_GPIO_DeInit) for HAL_GPIO_DeInit
    stm32l0xx_nucleo.o(i.BSP_PB_DeInit) refers to stm32l0xx_nucleo.o(.constdata) for .constdata
    stm32l0xx_nucleo.o(i.BSP_PB_DeInit) refers to stm32l0xx_nucleo.o(.data) for .data
    stm32l0xx_nucleo.o(i.BSP_PB_GetState) refers to stm32l0xx_hal_gpio.o(i.HAL_GPIO_ReadPin) for HAL_GPIO_ReadPin
    stm32l0xx_nucleo.o(i.BSP_PB_GetState) refers to stm32l0xx_nucleo.o(.constdata) for .constdata
    stm32l0xx_nucleo.o(i.BSP_PB_GetState) refers to stm32l0xx_nucleo.o(.data) for .data
    stm32l0xx_nucleo.o(i.BSP_PB_Init) refers to stm32l0xx_hal_gpio.o(i.HAL_GPIO_Init) for HAL_GPIO_Init
    stm32l0xx_nucleo.o(i.BSP_PB_Init) refers to stm32l0xx_hal_cortex.o(i.HAL_NVIC_SetPriority) for HAL_NVIC_SetPriority
    stm32l0xx_nucleo.o(i.BSP_PB_Init) refers to stm32l0xx_hal_cortex.o(i.HAL_NVIC_EnableIRQ) for HAL_NVIC_EnableIRQ
    stm32l0xx_nucleo.o(i.BSP_PB_Init) refers to stm32l0xx_nucleo.o(.constdata) for .constdata
    stm32l0xx_nucleo.o(i.BSP_PB_Init) refers to stm32l0xx_nucleo.o(.data) for .data
    stm32l0xx_nucleo.o(i.LCD_Delay) refers to stm32l0xx_hal_msp.o(i.HAL_Delay) for HAL_Delay
[...]
    i.HAL_UART_RxHalfCpltCallback            0x08002a70   Section        0  stm32l0xx_hal_uart.o(i.HAL_UART_RxHalfCpltCallback)
    i.HAL_UART_Transmit                      0x08002a72   Section        0  stm32l0xx_hal_uart.o(i.HAL_UART_Transmit)
    i.HW_GPIO_GetBitPos                      0x08002b3c   Section        0  hw_gpio.o(i.HW_GPIO_GetBitPos)
    HW_GPIO_GetBitPos                        0x08002b3d   Thumb Code    42  hw_gpio.o(i.HW_GPIO_GetBitPos)
    i.HW_GPIO_Init                           0x08002b74   Section        0  hw_gpio.o(i.HW_GPIO_Init)
    i.HW_GPIO_IrqHandler                     0x08002bc8   Section        0  hw_gpio.o(i.HW_GPIO_IrqHandler)
    i.HW_GPIO_SetIrq                         0x08002be0   Section        0  hw_gpio.o(i.HW_GPIO_SetIrq)
    i.HW_GPIO_Write                          0x08002c14   Section        0  hw_gpio.o(i.HW_GPIO_Write)
    i.HW_Init                                0x08002c20   Section        0  stm32l0xx_hw.o(i.HW_Init)
    i.HW_RTC_DelayMs                         0x08002c48   Section        0  hw_rtc.o(i.HW_RTC_DelayMs)
    i.HW_RTC_GetCalendarValue                0x08002c70   Section        0  hw_rtc.o(i.HW_RTC_GetCalendarValue)
    HW_RTC_GetCalendarValue                  0x08002c71   Thumb Code   168  hw_rtc.o(i.HW_RTC_GetCalendarValue)
    i.HW_RTC_GetMinimumTimeout               0x08002d30   Section        0  hw_rtc.o(i.HW_RTC_GetMinimumTimeout)
    i.HW_RTC_GetTimerContext                 0x08002d34   Section        0  hw_rtc.o(i.HW_RTC_GetTimerContext)
    i.HW_RTC_GetTimerElapsedTime             0x08002d40   Section        0  hw_rtc.o(i.HW_RTC_GetTimerElapsedTime)
    i.HW_RTC_GetTimerValue                   0x08002d5c   Section        0  hw_rtc.o(i.HW_RTC_GetTimerValue)
    i.HW_RTC_Init                            0x08002d6c   Section        0  hw_rtc.o(i.HW_RTC_Init)
    i.HW_RTC_IrqHandler                      0x08002d98   Section        0  hw_rtc.o(i.HW_RTC_IrqHandler)
    i.HW_RTC_SetAlarm                        0x08002dac   Section        0  hw_rtc.o(i.HW_RTC_SetAlarm)
    i.HW_RTC_SetConfig                       0x08002df0   Section        0  hw_rtc.o(i.HW_RTC_SetConfig)
    HW_RTC_SetConfig                         0x08002df1   Thumb Code    84  hw_rtc.o(i.HW_RTC_SetConfig)
    i.HW_RTC_SetTimerContext                 0x08002e50   Section        0  hw_rtc.o(i.HW_RTC_SetTimerContext)
    i.HW_RTC_StartWakeUpAlarm                0x08002e68   Section        0  hw_rtc.o(i.HW_RTC_StartWakeUpAlarm)
    HW_RTC_StartWakeUpAlarm                  0x08002e69   Thumb Code   264  hw_rtc.o(i.HW_RTC_StartWakeUpAlarm)
    i.HW_RTC_StopAlarm                       0x08002f80   Section        0  hw_rtc.o(i.HW_RTC_StopAlarm)
    i.HW_RTC_ms2Tick                         0x08002fa0   Section        0  hw_rtc.o(i.HW_RTC_ms2Tick)
    i.HW_SPI_InOut                           0x08002fb0   Section        0  hw_spi.o(i.HW_SPI_InOut)
    i.HW_SPI_Init                            0x08002fd0   Section        0  hw_spi.o(i.HW_SPI_Init)
    i.HardFault_Handler                      0x080030ac   Section        0  stm32l0xx_it.o(i.HardFault_Handler)
    i.I2C1_IRQHandler                        0x080030c4   Section        0  stm32l0xx_it.o(i.I2C1_IRQHandler)
    i.I2C_DMAAbort                           0x080030e4   Section        0  stm32l0xx_hal_i2c.o(i.I2C_DMAAbort)
    I2C_DMAAbort                             0x080030e5   Thumb Code    52  stm32l0xx_hal_i2c.o(i.I2C_DMAAbort)
    i.I2C_Disable_IRQ                        0x08003118   Section        0  stm32l0xx_hal_i2c.o(i.I2C_Disable_IRQ)
    I2C_Disable_IRQ                          0x08003119   Thumb Code    86  stm32l0xx_hal_i2c.o(i.I2C_Disable_IRQ)
    i.I2C_Enable_IRQ                         0x08003170   Section        0  stm32l0xx_hal_i2c.o(i.I2C_Enable_IRQ)
    I2C_Enable_IRQ                           0x08003171   Thumb Code    92  stm32l0xx_hal_i2c.o(i.I2C_Enable_IRQ)
    i.I2C_Flush_TXDR                         0x080031d4   Section        0  stm32l0xx_hal_i2c.o(i.I2C_Flush_TXDR)
    I2C_Flush_TXDR                           0x080031d5   Thumb Code    34  stm32l0xx_hal_i2c.o(i.I2C_Flush_TXDR)
    i.I2C_ITAddrCplt                         0x080031f6   Section        0  stm32l0xx_hal_i2c.o(i.I2C_ITAddrCplt)
    I2C_ITAddrCplt                           0x080031f7   Thumb Code   122  stm32l0xx_hal_i2c.o(i.I2C_ITAddrCplt)
    i.I2C_ITError                            0x08003270   Section        0  stm32l0xx_hal_i2c.o(i.I2C_ITError)
    I2C_ITError                              0x08003271   Thumb Code   190  stm32l0xx_hal_i2c.o(i.I2C_ITError)
    i.I2C_ITListenCplt                       0x0800333c   Section        0  stm32l0xx_hal_i2c.o(i.I2C_ITListenCplt)
    I2C_ITListenCplt                         0x0800333d   Thumb Code    90  stm32l0xx_hal_i2c.o(i.I2C_ITListenCplt)
    i.I2C_ITMasterCplt                       0x0800339c   Section        0  stm32l0xx_hal_i2c.o(i.I2C_ITMasterCplt)
    I2C_ITMasterCplt                         0x0800339d   Thumb Code   152  stm32l0xx_hal_i2c.o(i.I2C_ITMasterCplt)
    i.I2C_ITMasterSequentialCplt             0x0800343c   Section        0  stm32l0xx_hal_i2c.o(i.I2C_ITMasterSequentialCplt)
    I2C_ITMasterSequentialCplt               0x0800343d   Thumb Code    70  stm32l0xx_hal_i2c.o(i.I2C_ITMasterSequentialCplt)
    i.I2C_ITSlaveCplt                        0x08003484   Section        0  stm32l0xx_hal_i2c.o(i.I2C_ITSlaveCplt)
    I2C_ITSlaveCplt                          0x08003485   Thumb Code   224  stm32l0xx_hal_i2c.o(i.I2C_ITSlaveCplt)
    i.I2C_ITSlaveSequentialCplt              0x0800356c   Section        0  stm32l0xx_hal_i2c.o(i.I2C_ITSlaveSequentialCplt)
    I2C_ITSlaveSequentialCplt                0x0800356d   Thumb Code    74  stm32l0xx_hal_i2c.o(i.I2C_ITSlaveSequentialCplt)
    i.I2C_Master_ISR_DMA                     0x080035b6   Section        0  stm32l0xx_hal_i2c.o(i.I2C_Master_ISR_DMA)
    I2C_Master_ISR_DMA                       0x080035b7   Thumb Code   194  stm32l0xx_hal_i2c.o(i.I2C_Master_ISR_DMA)
    i.I2C_Master_ISR_IT                      0x08003678   Section        0  stm32l0xx_hal_i2c.o(i.I2C_Master_ISR_IT)
    I2C_Master_ISR_IT                        0x08003679   Thumb Code   292  stm32l0xx_hal_i2c.o(i.I2C_Master_ISR_IT)
    i.I2C_Slave_ISR_DMA                      0x080037a0   Section        0  stm32l0xx_hal_i2c.o(i.I2C_Slave_ISR_DMA)
    I2C_Slave_ISR_DMA                        0x080037a1   Thumb Code   104  stm32l0xx_hal_i2c.o(i.I2C_Slave_ISR_DMA)
    i.I2C_Slave_ISR_IT                       0x08003808   Section        0  stm32l0xx_hal_i2c.o(i.I2C_Slave_ISR_IT)
    I2C_Slave_ISR_IT                         0x08003809   Thumb Code   274  stm32l0xx_hal_i2c.o(i.I2C_Slave_ISR_IT)
    i.I2C_TransferConfig                     0x08003920   Section        0  stm32l0xx_hal_i2c.o(i.I2C_TransferConfig)
    I2C_TransferConfig                       0x08003921   Thumb Code    30  stm32l0xx_hal_i2c.o(i.I2C_TransferConfig)
    i.LowPower_Disable                       0x08003944   Section        0  low_power.o(i.LowPower_Disable)
    i.LowPower_Enable                        0x0800395c   Section        0  low_power.o(i.LowPower_Enable)
    i.LowPower_GetState                      0x08003974   Section        0  low_power.o(i.LowPower_GetState)
    i.MSP_GetIRQn                            0x08003980   Section        0  stm32l0xx_hal_msp.o(i.MSP_GetIRQn)
    i.MX_I2C1_Init                           0x080039b0   Section        0  main.o(i.MX_I2C1_Init)
    MX_I2C1_Init                             0x080039b1   Thumb Code    78  main.o(i.MX_I2C1_Init)
    i.MX_LPUART1_UART_Init                   0x08003a08   Section        0  main.o(i.MX_LPUART1_UART_Init)
    MX_LPUART1_UART_Init                     0x08003a09   Thumb Code    46  main.o(i.MX_LPUART1_UART_Init)
    i.MyRadioSend                            0x08003a40   Section        0  main.o(i.MyRadioSend)
    i.NMI_Handler                            0x08003a58   Section        0  stm32l0xx_it.o(i.NMI_Handler)
    i.NVIC_SetPriority                       0x08003a5c   Section        0  stm32l0xx_hal_cortex.o(i.NVIC_SetPriority)
    NVIC_SetPriority                         0x08003a5d   Thumb Code    60  stm32l0xx_hal_cortex.o(i.NVIC_SetPriority)
    i.PendSV_Handler                         0x08003aa0   Section        0  stm32l0xx_it.o(i.PendSV_Handler)
    i.RCC_SetFlashLatencyFromMSIRange        0x08003aa4   Section        0  stm32l0xx_hal_rcc.o(i.RCC_SetFlashLatencyFromMSIRange)
    RCC_SetFlashLatencyFromMSIRange          0x08003aa5   Thumb Code    94  stm32l0xx_hal_rcc.o(i.RCC_SetFlashLatencyFromMSIRange)
    i.RNG_LPUART1_IRQHandler                 0x08003b14   Section        0  stm32l0xx_it.o(i.RNG_LPUART1_IRQHandler)
    i.RTC_Bcd2ToByte                         0x08003b16   Section        0  stm32l0xx_hal_rtc.o(i.RTC_Bcd2ToByte)
    i.RTC_ByteToBcd2                         0x08003b26   Section        0  stm32l0xx_hal_rtc.o(i.RTC_ByteToBcd2)
    i.RTC_EnterInitMode                      0x08003b3c   Section        0  stm32l0xx_hal_rtc.o(i.RTC_EnterInitMode)
    i.RTC_IRQHandler                         0x08003b74   Section        0  stm32l0xx_it.o(i.RTC_IRQHandler)
    i.SPI_WaitOnFlagUntilTimeout             0x08003b7c   Section        0  stm32l0xx_hal_spi.o(i.SPI_WaitOnFlagUntilTimeout)
    SPI_WaitOnFlagUntilTimeout               0x08003b7d   Thumb Code   178  stm32l0xx_hal_spi.o(i.SPI_WaitOnFlagUntilTimeout)
    i.SVC_Handler                            0x08003c2e   Section        0  stm32l0xx_it.o(i.SVC_Handler)
    i.SX1272CheckRfFrequency                 0x08003c30   Section        0  sx1272mb2das.o(i.SX1272CheckRfFrequency)
    i.SX1272GetStatus                        0x08003c34   Section        0  sx1272.o(i.SX1272GetStatus)
    i.SX1272GetTimeOnAir                     0x08003c40   Section        0  sx1272.o(i.SX1272GetTimeOnAir)
    i.SX1272Init                             0x08003e28   Section        0  sx1272.o(i.SX1272Init)
    i.SX1272IoDeInit                         0x08003ea0   Section        0  sx1272mb2das.o(i.SX1272IoDeInit)
    i.SX1272IoInit                           0x08003ee8   Section        0  sx1272mb2das.o(i.SX1272IoInit)
    i.SX1272IoIrqInit                        0x08003f58   Section        0  sx1272mb2das.o(i.SX1272IoIrqInit)
    i.SX1272IsChannelFree                    0x08003f92   Section        0  sx1272.o(i.SX1272IsChannelFree)
    i.SX1272OnDio0Irq                        0x08003fc8   Section        0  sx1272.o(i.SX1272OnDio0Irq)
    i.SX1272OnDio1Irq                        0x08004204   Section        0  sx1272.o(i.SX1272OnDio1Irq)
    i.SX1272OnDio2Irq                        0x080042dc   Section        0  sx1272.o(i.SX1272OnDio2Irq)
    i.SX1272OnDio3Irq                        0x08004390   Section        0  sx1272.o(i.SX1272OnDio3Irq)
    i.SX1272OnDio4Irq                        0x080043e4   Section        0  sx1272.o(i.SX1272OnDio4Irq)
    i.SX1272OnTimeoutIrq                     0x08004400   Section        0  sx1272.o(i.SX1272OnTimeoutIrq)
    i.SX1272Random                           0x08004484   Section        0  sx1272.o(i.SX1272Random)
    i.SX1272Read                             0x080044c2   Section        0  sx1272.o(i.SX1272Read)
    i.SX1272ReadBuffer                       0x080044d2   Section        0  sx1272.o(i.SX1272ReadBuffer)
    i.SX1272ReadFifo                         0x08004514   Section        0  sx1272.o(i.SX1272ReadFifo)
    i.SX1272ReadRssi                         0x08004522   Section        0  sx1272.o(i.SX1272ReadRssi)
    i.SX1272Reset                            0x08004548   Section        0  sx1272.o(i.SX1272Reset)
    i.SX1272Send                             0x08004598   Section        0  sx1272.o(i.SX1272Send)
    i.SX1272SetAntSw                         0x08004684   Section        0  sx1272mb2das.o(i.SX1272SetAntSw)
    i.SX1272SetAntSwLowPower                 0x080046cc   Section        0  sx1272mb2das.o(i.SX1272SetAntSwLowPower)
    i.SX1272SetChannel                       0x080046d0   Section        0  sx1272.o(i.SX1272SetChannel)
    i.SX1272SetMaxPayloadLength              0x08004720   Section        0  sx1272.o(i.SX1272SetMaxPayloadLength)
    i.SX1272SetModem                         0x08004750   Section        0  sx1272.o(i.SX1272SetModem)
    i.SX1272SetOpMode                        0x080047b0   Section        0  sx1272.o(i.SX1272SetOpMode)
    i.SX1272SetRfTxPower                     0x080047de   Section        0  sx1272mb2das.o(i.SX1272SetRfTxPower)
    i.SX1272SetRx                            0x08004800   Section        0  sx1272.o(i.SX1272SetRx)
    i.SX1272SetRxConfig                      0x080049a4   Section        0  sx1272.o(i.SX1272SetRxConfig)
    i.SX1272SetSleep                         0x08004b9c   Section        0  sx1272.o(i.SX1272SetSleep)
    i.SX1272SetStby                          0x08004bc0   Section        0  sx1272.o(i.SX1272SetStby)
    i.SX1272SetSyncWord                      0x08004be4   Section        0  sx1272.o(i.SX1272SetSyncWord)
    i.SX1272SetTx                            0x08004bf8   Section        0  sx1272.o(i.SX1272SetTx)
    i.SX1272SetTxConfig                      0x08004c9c   Section        0  sx1272.o(i.SX1272SetTxConfig)
    i.SX1272SetTxContinuousWave              0x08004e74   Section        0  sx1272.o(i.SX1272SetTxContinuousWave)
    i.SX1272StartCad                         0x08004f04   Section        0  sx1272.o(i.SX1272StartCad)
    i.SX1272Write                            0x08004f3c   Section        0  sx1272.o(i.SX1272Write)
    i.SX1272WriteBuffer                      0x08004f48   Section        0  sx1272.o(i.SX1272WriteBuffer)
    i.SX1272WriteFifo                        0x08004f8a   Section        0  sx1272.o(i.SX1272WriteFifo)
    i.SysTick_Handler                        0x08004f98   Section        0  stm32l0xx_it.o(i.SysTick_Handler)
    i.SystemClock_Config                     0x08004fa0   Section        0  stm32l0xx_hw.o(i.SystemClock_Config)
    i.SystemInit                             0x0800502c   Section        0  system_stm32l0xx.o(i.SystemInit)
    i.TimerInit                              0x08005080   Section        0  timeserver.o(i.TimerInit)
    i.TimerInsertNewHeadTimer                0x08005090   Section        0  timeserver.o(i.TimerInsertNewHeadTimer)
    TimerInsertNewHeadTimer                  0x08005091   Thumb Code    24  timeserver.o(i.TimerInsertNewHeadTimer)
    i.TimerIrqHandler                        0x080050ac   Section        0  timeserver.o(i.TimerIrqHandler)
    i.TimerSetTimeout                        0x08005124   Section        0  timeserver.o(i.TimerSetTimeout)
    TimerSetTimeout                          0x08005125   Thumb Code    44  timeserver.o(i.TimerSetTimeout)
    i.TimerSetValue                          0x08005150   Section        0  timeserver.o(i.TimerSetValue)
    i.TimerStart                             0x08005174   Section        0  timeserver.o(i.TimerStart)
    i.TimerStop                              0x080051e4   Section        0  timeserver.o(i.TimerStop)
    i.UART_AdvFeatureConfig                  0x08005244   Section        0  stm32l0xx_hal_uart.o(i.UART_AdvFeatureConfig)
    i.UART_CheckIdleState                    0x08005310   Section        0  stm32l0xx_hal_uart.o(i.UART_CheckIdleState)
    i.UART_DMAError                          0x08005370   Section        0  stm32l0xx_hal_uart.o(i.UART_DMAError)
    UART_DMAError                            0x08005371   Thumb Code    74  stm32l0xx_hal_uart.o(i.UART_DMAError)
    i.UART_DMAReceiveCplt                    0x080053ba   Section        0  stm32l0xx_hal_uart.o(i.UART_DMAReceiveCplt)
    UART_DMAReceiveCplt                      0x080053bb   Thumb Code    64  stm32l0xx_hal_uart.o(i.UART_DMAReceiveCplt)
    i.UART_DMARxHalfCplt                     0x080053fa   Section        0  stm32l0xx_hal_uart.o(i.UART_DMARxHalfCplt)
    UART_DMARxHalfCplt                       0x080053fb   Thumb Code    10  stm32l0xx_hal_uart.o(i.UART_DMARxHalfCplt)
    i.UART_EndRxTransfer                     0x08005404   Section        0  stm32l0xx_hal_uart.o(i.UART_EndRxTransfer)
    UART_EndRxTransfer                       0x08005405   Thumb Code    30  stm32l0xx_hal_uart.o(i.UART_EndRxTransfer)
    i.UART_EndTxTransfer                     0x08005422   Section        0  stm32l0xx_hal_uart.o(i.UART_EndTxTransfer)
    UART_EndTxTransfer                       0x08005423   Thumb Code    18  stm32l0xx_hal_uart.o(i.UART_EndTxTransfer)
    i.UART_SetConfig                         0x08005434   Section        0  stm32l0xx_hal_uart.o(i.UART_SetConfig)
    i.UART_WaitOnFlagUntilTimeout            0x08005650   Section        0  stm32l0xx_hal_uart.o(i.UART_WaitOnFlagUntilTimeout)
    i.USART2_IRQHandler                      0x080056b2   Section        0  stm32l0xx_it.o(i.USART2_IRQHandler)
    i.__0printf                              0x080056bc   Section        0  printfa.o(i.__0printf)
    i.__0vsprintf                            0x080056dc   Section        0  printfa.o(i.__0vsprintf)
    i.__ARM_clz                              0x08005700   Section        0  depilogue.o(i.__ARM_clz)
    i.__ARM_common_switch8                   0x0800572e   Section        0  stm32l0xx_hal_uart.o(i.__ARM_common_switch8)
    i.__scatterload_copy                     0x08005748   Section       14  handlers.o(i.__scatterload_copy)
    i.__scatterload_null                     0x08005756   Section        2  handlers.o(i.__scatterload_null)
    i.__scatterload_zeroinit                 0x08005758   Section       14  handlers.o(i.__scatterload_zeroinit)
    i._fp_digits                             0x08005768   Section        0  printfa.o(i._fp_digits)
    _fp_digits                               0x08005769   Thumb Code   344  printfa.o(i._fp_digits)
    i._printf_core                           0x080058dc   Section        0  printfa.o(i._printf_core)
    _printf_core                             0x080058dd   Thumb Code  1754  printfa.o(i._printf_core)
    i._printf_post_padding                   0x08005fc8   Section        0  printfa.o(i._printf_post_padding)
    _printf_post_padding                     0x08005fc9   Thumb Code    32  printfa.o(i._printf_post_padding)
    i._printf_pre_padding                    0x08005fe8   Section        0  printfa.o(i._printf_pre_padding)
    _printf_pre_padding                      0x08005fe9   Thumb Code    44  printfa.o(i._printf_pre_padding)
    i._sputc                                 0x08006014   Section        0  printfa.o(i._sputc)
    _sputc                                   0x08006015   Thumb Code    10  printfa.o(i._sputc)
    i.ceil                                   0x08006020   Section        0  ceil.o(i.ceil)
    i.floor                                  0x080060e8   Section        0  floor.o(i.floor)
    i.fputc                                  0x080061b0   Section        0  main.o(i.fputc)
    i.main                                   0x080061c8   Section        0  main.o(i.main)
    i.memcpy1                                0x08006388   Section        0  utilities.o(i.memcpy1)
    i.round                                  0x080063a0   Section        0  round.o(i.round)
    i.vcom_Print                             0x0800643c   Section        0  vcom.o(i.vcom_Print)
    i.vcom_Send                              0x08006490   Section        0  vcom.o(i.vcom_Send)
    .constdata                               0x0800650c   Section      100  sx1272mb2das.o(.constdata)
    .constdata                               0x08006570   Section      228  sx1272.o(.constdata)
    .constdata                               0x08006654   Section       25  system_stm32l0xx.o(.constdata)
    .constdata                               0x0800666d   Section        8  system_stm32l0xx.o(.constdata)
    .constdata                               0x08006675   Section       24  hw_rtc.o(.constdata)
    DaysInMonth                              0x08006675   Data          12  hw_rtc.o(.constdata)
    DaysInMonthLeapYear                      0x08006681   Data          12  hw_rtc.o(.constdata)
    .data                                    0x20000000   Section       28  sx1272.o(.data)
    RadioEvents                              0x20000000   Data           4  sx1272.o(.data)
    .data                                    0x2000001c   Section        4  system_stm32l0xx.o(.data)
    .data                                    0x20000020   Section        4  stm32l0xx_hal.o(.data)
    .data                                    0x20000024   Section        4  hw_rtc.o(.data)
    HW_RTC_Initalized                        0x20000024   Data           1  hw_rtc.o(.data)
    McuWakeUpTimeInitialized                 0x20000025   Data           1  hw_rtc.o(.data)
    McuWakeUpTimeCal                         0x20000026   Data           2  hw_rtc.o(.data)
    .data                                    0x20000028   Section       68  main.o(.data)
    .data                                    0x2000006c   Section        2  stm32l0xx_hw.o(.data)
    AdcInitialized                           0x2000006c   Data           1  stm32l0xx_hw.o(.data)
    McuInitialized                           0x2000006d   Data           1  stm32l0xx_hw.o(.data)
    .data                                    0x2000006e   Section        4  vcom.o(.data)
    ir                                       0x20000070   Data           2  vcom.o(.data)
    .data                                    0x20000074   Section        4  low_power.o(.data)
    LowPower_State                           0x20000074   Data           4  low_power.o(.data)
    .data                                    0x20000078   Section        4  timeserver.o(.data)
    TimerListHead                            0x20000078   Data           4  timeserver.o(.data)
    .data                                    0x2000007c   Section        4  stdout.o(.data)
    .bss                                     0x20000080   Section      412  sx1272.o(.bss)
    RxTxBuffer                               0x20000080   Data         256  sx1272.o(.bss)
    .bss                                     0x2000021c   Section       64  hw_gpio.o(.bss)
    GpioIrq                                  0x2000021c   Data          64  hw_gpio.o(.bss)
    .bss                                     0x2000025c   Section      104  hw_rtc.o(.bss)
    RtcHandle                                0x2000025c   Data          36  hw_rtc.o(.bss)
    RTC_AlarmStructure                       0x20000280   Data          40  hw_rtc.o(.bss)
    RtcTimerContext                          0x200002a8   Data          28  hw_rtc.o(.bss)
    .bss                                     0x200002c4   Section       88  hw_spi.o(.bss)
    hspi                                     0x200002c4   Data          88  hw_spi.o(.bss)
    .bss                                     0x2000031c   Section      436  main.o(.bss)
    RadioEvents                              0x20000444   Data          28  main.o(.bss)
    UartHandle                               0x20000460   Data         112  main.o(.bss)
    .bss                                     0x200004d0   Section      368  vcom.o(.bss)
    buff                                     0x200004d0   Data         256  vcom.o(.bss)
    UartHandle                               0x200005d0   Data         112  vcom.o(.bss)
    STACK                                    0x20000640   Section     4096  startup_stm32l053xx.o(STACK)

    Global Symbols

    Symbol Name                              Value     Ov Type        Size  Object(Section)

    BuildAttributes$$THM_ISAv3M$S$PE$A:L22$X:L11$S22$IEEE1$IW$USESV6$~STKCKD$USESV7$~SHL$OTIME$ROPI$IEEEJ$EBA8$MICROLIB$REQ8$PRES8$EABIv2 0x00000000   Number         0  anon$$obj.o ABSOLUTE
    __ARM_use_no_argv                        0x00000000   Number         0  main.o ABSOLUTE
    __cpp_initialize__aeabi_                  - Undefined Weak Reference
    __cxa_finalize                            - Undefined Weak Reference
    __decompress                              - Undefined Weak Reference
    _clock_init                               - Undefined Weak Reference
    _microlib_exit                            - Undefined Weak Reference
    __Vectors_Size                           0x000000c0   Number         0  startup_stm32l053xx.o ABSOLUTE
    __Vectors                                0x08000000   Data           4  startup_stm32l053xx.o(RESET)
    __Vectors_End                            0x080000c0   Data           0  startup_stm32l053xx.o(RESET)
    __main                                   0x080000c1   Thumb Code     0  entry.o(.ARM.Collect$$$$00000000)
    _main_stk                                0x080000c1   Thumb Code     0  entry2.o(.ARM.Collect$$$$00000001)
    _main_scatterload                        0x080000c5   Thumb Code     0  entry5.o(.ARM.Collect$$$$00000004)
    __main_after_scatterload                 0x080000c9   Thumb Code     0  entry5.o(.ARM.Collect$$$$00000004)
    _main_clock                              0x080000c9   Thumb Code     0  entry7b.o(.ARM.Collect$$$$00000008)
    _main_cpp_init                           0x080000c9   Thumb Code     0  entry8b.o(.ARM.Collect$$$$0000000A)
    _main_init                               0x080000c9   Thumb Code     0  entry9a.o(.ARM.Collect$$$$0000000B)
    __rt_final_cpp                           0x080000d1   Thumb Code     0  entry10a.o(.ARM.Collect$$$$0000000D)
    __rt_final_exit                          0x080000d1   Thumb Code     0  entry11a.o(.ARM.Collect$$$$0000000F)
    Reset_Handler                            0x080000d5   Thumb Code     8  startup_stm32l053xx.o(.text)
    ADC1_COMP_IRQHandler                     0x080000e7   Thumb Code     0  startup_stm32l053xx.o(.text)
    DMA1_Channel1_IRQHandler                 0x080000e7   Thumb Code     0  startup_stm32l053xx.o(.text)
    DMA1_Channel4_5_6_7_IRQHandler           0x080000e7   Thumb Code     0  startup_stm32l053xx.o(.text)
    FLASH_IRQHandler                         0x080000e7   Thumb Code     0  startup_stm32l053xx.o(.text)
    I2C2_IRQHandler                          0x080000e7   Thumb Code     0  startup_stm32l053xx.o(.text)
    LCD_IRQHandler                           0x080000e7   Thumb Code     0  startup_stm32l053xx.o(.text)
    LPTIM1_IRQHandler                        0x080000e7   Thumb Code     0  startup_stm32l053xx.o(.text)
    PVD_IRQHandler                           0x080000e7   Thumb Code     0  startup_stm32l053xx.o(.text)
    RCC_CRS_IRQHandler                       0x080000e7   Thumb Code     0  startup_stm32l053xx.o(.text)
    SPI1_IRQHandler                          0x080000e7   Thumb Code     0  startup_stm32l053xx.o(.text)
    SPI2_IRQHandler                          0x080000e7   Thumb Code     0  startup_stm32l053xx.o(.text)
    TIM21_IRQHandler                         0x080000e7   Thumb Code     0  startup_stm32l053xx.o(.text)
    TIM22_IRQHandler                         0x080000e7   Thumb Code     0  startup_stm32l053xx.o(.text)
    TIM2_IRQHandler                          0x080000e7   Thumb Code     0  startup_stm32l053xx.o(.text)
    TIM6_DAC_IRQHandler                      0x080000e7   Thumb Code     0  startup_stm32l053xx.o(.text)
    TSC_IRQHandler                           0x080000e7   Thumb Code     0  startup_stm32l053xx.o(.text)
    USART1_IRQHandler                        0x080000e7   Thumb Code     0  startup_stm32l053xx.o(.text)
    USB_IRQHandler                           0x080000e7   Thumb Code     0  startup_stm32l053xx.o(.text)
    WWDG_IRQHandler                          0x080000e7   Thumb Code     0  startup_stm32l053xx.o(.text)
    __aeabi_uidiv                            0x080000f1   Thumb Code     0  uidiv.o(.text)
    __aeabi_uidivmod                         0x080000f1   Thumb Code    44  uidiv.o(.text)
    __aeabi_uldivmod                         0x0800011d   Thumb Code    96  uldiv.o(.text)
    __aeabi_memcpy                           0x0800017d   Thumb Code    36  memcpya.o(.text)
    __aeabi_memcpy4                          0x0800017d   Thumb Code     0  memcpya.o(.text)
    __aeabi_memcpy8                          0x0800017d   Thumb Code     0  memcpya.o(.text)
    __aeabi_memset                           0x080001a1   Thumb Code    14  memseta.o(.text)
    __aeabi_memset4                          0x080001a1   Thumb Code     0  memseta.o(.text)
    __aeabi_memset8                          0x080001a1   Thumb Code     0  memseta.o(.text)
    __aeabi_memclr                           0x080001af   Thumb Code     4  memseta.o(.text)
    __aeabi_memclr4                          0x080001af   Thumb Code     0  memseta.o(.text)
    __aeabi_memclr8                          0x080001af   Thumb Code     0  memseta.o(.text)
    _memset$wrapper                          0x080001b3   Thumb Code    18  memseta.o(.text)
    __aeabi_dadd                             0x080001c5   Thumb Code   328  dadd.o(.text)
    __aeabi_dsub                             0x0800030d   Thumb Code    12  dadd.o(.text)
    __aeabi_drsub                            0x08000319   Thumb Code    12  dadd.o(.text)
    __aeabi_dmul                             0x08000329   Thumb Code   202  dmul.o(.text)
    __aeabi_ddiv                             0x080003f9   Thumb Code   234  ddiv.o(.text)
    __ARM_scalbn                             0x080004e9   Thumb Code    44  dscalb.o(.text)
    scalbn                                   0x080004e9   Thumb Code     0  dscalb.o(.text)
    __aeabi_i2d                              0x08000515   Thumb Code    34  dflti.o(.text)
    __aeabi_ui2d                             0x0800053d   Thumb Code    24  dfltui.o(.text)
    __aeabi_d2uiz                            0x08000559   Thumb Code    50  dfixui.o(.text)
    __aeabi_cdrcmple                         0x08000595   Thumb Code    38  cdrcmple.o(.text)
    __aeabi_llsl                             0x080005bd   Thumb Code    32  llshl.o(.text)
    _ll_shift_l                              0x080005bd   Thumb Code     0  llshl.o(.text)
    __aeabi_llsr                             0x080005dd   Thumb Code    34  llushr.o(.text)
    _ll_ushift_r                             0x080005dd   Thumb Code     0  llushr.o(.text)
    __aeabi_lasr                             0x080005ff   Thumb Code    38  llsshr.o(.text)
    _ll_sshift_r                             0x080005ff   Thumb Code     0  llsshr.o(.text)
    __I$use$fp                               0x08000625   Thumb Code     0  iusefp.o(.text)
    _double_round                            0x08000625   Thumb Code    26  depilogue.o(.text)
    _double_epilogue                         0x0800063f   Thumb Code   164  depilogue.o(.text)
    _drnd                                    0x080006e5   Thumb Code   114  drnd.o(.text)
    __aeabi_d2ulz                            0x08000761   Thumb Code    54  dfixul.o(.text)
    __aeabi_cdcmpeq                          0x080007a1   Thumb Code     0  cdcmple.o(.text)
    __aeabi_cdcmple                          0x080007a1   Thumb Code    38  cdcmple.o(.text)
    __scatterload                            0x080007c9   Thumb Code    28  init.o(.text)
    __scatterload_rt2                        0x080007c9   Thumb Code     0  init.o(.text)
    DMA1_Channel2_3_IRQHandler               0x080007ed   Thumb Code    10  main.o(i.DMA1_Channel2_3_IRQHandler)
    DelayMs                                  0x0800081b   Thumb Code     8  delay.o(i.DelayMs)
    EXTI0_1_IRQHandler                       0x08000823   Thumb Code    16  stm32l0xx_it.o(i.EXTI0_1_IRQHandler)
    EXTI2_3_IRQHandler                       0x08000833   Thumb Code    16  stm32l0xx_it.o(i.EXTI2_3_IRQHandler)
    EXTI4_15_IRQHandler                      0x08000843   Thumb Code    92  stm32l0xx_it.o(i.EXTI4_15_IRQHandler)
    Error_Handler                            0x080008a1   Thumb Code     8  debug.o(i.Error_Handler)
    HAL_DMA_Abort_IT                         0x080008e5   Thumb Code   148  stm32l0xx_hal_dma.o(i.HAL_DMA_Abort_IT)
    HAL_DMA_IRQHandler                       0x0800097d   Thumb Code   634  stm32l0xx_hal_dma.o(i.HAL_DMA_IRQHandler)
    HAL_DMA_Init                             0x08000bfd   Thumb Code   254  stm32l0xx_hal_dma.o(i.HAL_DMA_Init)
    HAL_DMA_Start_IT                         0x08000d05   Thumb Code    78  stm32l0xx_hal_dma.o(i.HAL_DMA_Start_IT)
    HAL_GPIO_EXTI_Callback                   0x08000d53   Thumb Code     8  stm32l0xx_hal_msp.o(i.HAL_GPIO_EXTI_Callback)
    HAL_GPIO_EXTI_IRQHandler                 0x08000d5d   Thumb Code    18  stm32l0xx_hal_gpio.o(i.HAL_GPIO_EXTI_IRQHandler)
    HAL_GPIO_Init                            0x08000d75   Thumb Code   346  stm32l0xx_hal_gpio.o(i.HAL_GPIO_Init)
    HAL_GPIO_WritePin                        0x08000eed   Thumb Code    12  stm32l0xx_hal_gpio.o(i.HAL_GPIO_WritePin)
    HAL_GetTick                              0x08000ef9   Thumb Code     6  stm32l0xx_hal.o(i.HAL_GetTick)
    HAL_I2CEx_ConfigAnalogFilter             0x08000f05   Thumb Code    74  main.o(i.HAL_I2CEx_ConfigAnalogFilter)
    HAL_I2CEx_ConfigDigitalFilter            0x08000f4f   Thumb Code    72  main.o(i.HAL_I2CEx_ConfigDigitalFilter)
    HAL_I2C_AbortCpltCallback                0x08000f97   Thumb Code     2  stm32l0xx_hal_i2c.o(i.HAL_I2C_AbortCpltCallback)
    HAL_I2C_AddrCallback                     0x08000f99   Thumb Code     2  stm32l0xx_hal_i2c.o(i.HAL_I2C_AddrCallback)
    HAL_I2C_ER_IRQHandler                    0x08000f9b   Thumb Code    88  stm32l0xx_hal_i2c.o(i.HAL_I2C_ER_IRQHandler)
    HAL_I2C_EV_IRQHandler                    0x08000ff3   Thumb Code    16  stm32l0xx_hal_i2c.o(i.HAL_I2C_EV_IRQHandler)
    HAL_I2C_ErrorCallback                    0x08001003   Thumb Code     2  stm32l0xx_hal_i2c.o(i.HAL_I2C_ErrorCallback)
    HAL_I2C_Init                             0x08001005   Thumb Code   176  stm32l0xx_hal_i2c.o(i.HAL_I2C_Init)
    HAL_I2C_ListenCpltCallback               0x080010b9   Thumb Code     2  stm32l0xx_hal_i2c.o(i.HAL_I2C_ListenCpltCallback)
    HAL_I2C_MasterRxCpltCallback             0x080010bd   Thumb Code   110  main.o(i.HAL_I2C_MasterRxCpltCallback)
    HAL_I2C_MasterTxCpltCallback             0x08001135   Thumb Code   134  main.o(i.HAL_I2C_MasterTxCpltCallback)
    HAL_I2C_Master_Receive_IT                0x080011c5   Thumb Code   116  stm32l0xx_hal_i2c.o(i.HAL_I2C_Master_Receive_IT)
    HAL_I2C_Master_Sequential_Transmit_IT    0x08001241   Thumb Code   110  stm32l0xx_hal_i2c.o(i.HAL_I2C_Master_Sequential_Transmit_IT)
    HAL_I2C_Master_Transmit_IT               0x080012b5   Thumb Code   116  stm32l0xx_hal_i2c.o(i.HAL_I2C_Master_Transmit_IT)
    HAL_I2C_MemRxCpltCallback                0x08001331   Thumb Code     2  stm32l0xx_hal_i2c.o(i.HAL_I2C_MemRxCpltCallback)
    HAL_I2C_MemTxCpltCallback                0x08001333   Thumb Code     2  stm32l0xx_hal_i2c.o(i.HAL_I2C_MemTxCpltCallback)
    HAL_I2C_MspInit                          0x08001335   Thumb Code    84  stm32l0xx_hal_msp.o(i.HAL_I2C_MspInit)
    HAL_I2C_SlaveRxCpltCallback              0x08001391   Thumb Code     2  stm32l0xx_hal_i2c.o(i.HAL_I2C_SlaveRxCpltCallback)
    HAL_I2C_SlaveTxCpltCallback              0x08001393   Thumb Code     2  stm32l0xx_hal_i2c.o(i.HAL_I2C_SlaveTxCpltCallback)
    HAL_IncTick                              0x08001395   Thumb Code    10  stm32l0xx_hal.o(i.HAL_IncTick)
    HAL_Init                                 0x080013a5   Thumb Code    26  stm32l0xx_hal.o(i.HAL_Init)
    HAL_InitTick                             0x080013c5   Thumb Code     4  stm32l0xx_hal_msp.o(i.HAL_InitTick)
    HAL_MspInit                              0x080013c9   Thumb Code    26  stm32l0xx_hal_msp.o(i.HAL_MspInit)
    HAL_NVIC_ClearPendingIRQ                 0x080013e9   Thumb Code    14  stm32l0xx_hal_cortex.o(i.HAL_NVIC_ClearPendingIRQ)
    HAL_NVIC_EnableIRQ                       0x080013fd   Thumb Code    14  stm32l0xx_hal_cortex.o(i.HAL_NVIC_EnableIRQ)
    HAL_NVIC_SetPendingIRQ                   0x08001411   Thumb Code    14  stm32l0xx_hal_cortex.o(i.HAL_NVIC_SetPendingIRQ)
    HAL_NVIC_SetPriority                     0x08001425   Thumb Code     8  stm32l0xx_hal_cortex.o(i.HAL_NVIC_SetPriority)
    HAL_PWREx_EnableFastWakeUp               0x0800142d   Thumb Code    12  stm32l0xx_hal_pwr_ex.o(i.HAL_PWREx_EnableFastWakeUp)
    HAL_PWREx_EnableUltraLowPower            0x0800143d   Thumb Code    12  stm32l0xx_hal_pwr_ex.o(i.HAL_PWREx_EnableUltraLowPower)
    HAL_PWR_DisablePVD                       0x0800144d   Thumb Code    12  stm32l0xx_hal_pwr.o(i.HAL_PWR_DisablePVD)
    HAL_RCCEx_GetPeriphCLKFreq               0x0800145d   Thumb Code   380  stm32l0xx_hal_rcc_ex.o(i.HAL_RCCEx_GetPeriphCLKFreq)
    HAL_RCCEx_PeriphCLKConfig                0x08001601   Thumb Code   396  stm32l0xx_hal_rcc_ex.o(i.HAL_RCCEx_PeriphCLKConfig)
    HAL_RCC_ClockConfig                      0x08001799   Thumb Code   340  stm32l0xx_hal_rcc.o(i.HAL_RCC_ClockConfig)
    HAL_RCC_GetPCLK1Freq                     0x08001901   Thumb Code    20  stm32l0xx_hal_rcc.o(i.HAL_RCC_GetPCLK1Freq)
    HAL_RCC_GetPCLK2Freq                     0x08001921   Thumb Code    20  stm32l0xx_hal_rcc.o(i.HAL_RCC_GetPCLK2Freq)
    HAL_RCC_GetSysClockFreq                  0x08001941   Thumb Code   100  stm32l0xx_hal_rcc.o(i.HAL_RCC_GetSysClockFreq)
    HAL_RCC_OscConfig                        0x080019b9   Thumb Code  1116  stm32l0xx_hal_rcc.o(i.HAL_RCC_OscConfig)
    HAL_RTCEx_AlarmBEventCallback            0x08001e15   Thumb Code     2  stm32l0xx_hal_rtc_ex.o(i.HAL_RTCEx_AlarmBEventCallback)
    HAL_RTCEx_EnableBypassShadow             0x08001e17   Thumb Code    60  stm32l0xx_hal_rtc_ex.o(i.HAL_RTCEx_EnableBypassShadow)
    HAL_RTC_AlarmAEventCallback              0x08001e53   Thumb Code     8  stm32l0xx_hal_msp.o(i.HAL_RTC_AlarmAEventCallback)
    HAL_RTC_AlarmIRQHandler                  0x08001e5d   Thumb Code    88  stm32l0xx_hal_rtc.o(i.HAL_RTC_AlarmIRQHandler)
    HAL_RTC_DeactivateAlarm                  0x08001ebd   Thumb Code   184  stm32l0xx_hal_rtc.o(i.HAL_RTC_DeactivateAlarm)
    HAL_RTC_GetDate                          0x08001f75   Thumb Code    68  stm32l0xx_hal_rtc.o(i.HAL_RTC_GetDate)
    HAL_RTC_GetTime                          0x08001fb9   Thumb Code    88  stm32l0xx_hal_rtc.o(i.HAL_RTC_GetTime)
    HAL_RTC_Init                             0x08002015   Thumb Code   160  stm32l0xx_hal_rtc.o(i.HAL_RTC_Init)
    HAL_RTC_MspInit                          0x080020b9   Thumb Code    86  stm32l0xx_hal_msp.o(i.HAL_RTC_MspInit)
    HAL_RTC_SetAlarm_IT                      0x08002115   Thumb Code   408  stm32l0xx_hal_rtc.o(i.HAL_RTC_SetAlarm_IT)
    HAL_RTC_SetDate                          0x080022b5   Thumb Code   200  stm32l0xx_hal_rtc.o(i.HAL_RTC_SetDate)
    HAL_RTC_SetTime                          0x08002381   Thumb Code   234  stm32l0xx_hal_rtc.o(i.HAL_RTC_SetTime)
    HAL_RTC_WaitForSynchro                   0x08002471   Thumb Code    52  stm32l0xx_hal_rtc.o(i.HAL_RTC_WaitForSynchro)
    HAL_SPI_Init                             0x080024a5   Thumb Code   132  stm32l0xx_hal_spi.o(i.HAL_SPI_Init)
    HAL_SPI_MspInit                          0x08002529   Thumb Code     2  stm32l0xx_hal_spi.o(i.HAL_SPI_MspInit)
    HAL_SPI_TransmitReceive                  0x0800252b   Thumb Code   696  stm32l0xx_hal_spi.o(i.HAL_SPI_TransmitReceive)
    HAL_UART_ErrorCallback                   0x080027e3   Thumb Code     2  stm32l0xx_hal_uart.o(i.HAL_UART_ErrorCallback)
    HAL_UART_Init                            0x080027e5   Thumb Code   108  stm32l0xx_hal_uart.o(i.HAL_UART_Init)
    HAL_UART_MspInit                         0x08002851   Thumb Code   120  stm32l0xx_hw.o(i.HAL_UART_MspInit)
    HAL_UART_Receive_DMA                     0x080028d9   Thumb Code   150  stm32l0xx_hal_uart.o(i.HAL_UART_Receive_DMA)
    HAL_UART_RxCpltCallback                  0x0800297d   Thumb Code   230  main.o(i.HAL_UART_RxCpltCallback)
    HAL_UART_RxHalfCpltCallback              0x08002a71   Thumb Code     2  stm32l0xx_hal_uart.o(i.HAL_UART_RxHalfCpltCallback)
    HAL_UART_Transmit                        0x08002a73   Thumb Code   200  stm32l0xx_hal_uart.o(i.HAL_UART_Transmit)
    HW_GPIO_Init                             0x08002b75   Thumb Code    80  hw_gpio.o(i.HW_GPIO_Init)
    HW_GPIO_IrqHandler                       0x08002bc9   Thumb Code    20  hw_gpio.o(i.HW_GPIO_IrqHandler)
    HW_GPIO_SetIrq                           0x08002be1   Thumb Code    48  hw_gpio.o(i.HW_GPIO_SetIrq)
    HW_GPIO_Write                            0x08002c15   Thumb Code    10  hw_gpio.o(i.HW_GPIO_Write)
    HW_Init                                  0x08002c21   Thumb Code    30  stm32l0xx_hw.o(i.HW_Init)
    HW_RTC_DelayMs                           0x08002c49   Thumb Code    38  hw_rtc.o(i.HW_RTC_DelayMs)
    HW_RTC_GetMinimumTimeout                 0x08002d31   Thumb Code     4  hw_rtc.o(i.HW_RTC_GetMinimumTimeout)
    HW_RTC_GetTimerContext                   0x08002d35   Thumb Code     6  hw_rtc.o(i.HW_RTC_GetTimerContext)
    HW_RTC_GetTimerElapsedTime               0x08002d41   Thumb Code    22  hw_rtc.o(i.HW_RTC_GetTimerElapsedTime)
    HW_RTC_GetTimerValue                     0x08002d5d   Thumb Code    16  hw_rtc.o(i.HW_RTC_GetTimerValue)
    HW_RTC_Init                              0x08002d6d   Thumb Code    34  hw_rtc.o(i.HW_RTC_Init)
    HW_RTC_IrqHandler                        0x08002d99   Thumb Code    16  hw_rtc.o(i.HW_RTC_IrqHandler)
    HW_RTC_SetAlarm                          0x08002dad   Thumb Code    64  hw_rtc.o(i.HW_RTC_SetAlarm)
    HW_RTC_SetTimerContext                   0x08002e51   Thumb Code    18  hw_rtc.o(i.HW_RTC_SetTimerContext)
    HW_RTC_StopAlarm                         0x08002f81   Thumb Code    28  hw_rtc.o(i.HW_RTC_StopAlarm)
    HW_RTC_ms2Tick                           0x08002fa1   Thumb Code    16  hw_rtc.o(i.HW_RTC_ms2Tick)
    HW_SPI_InOut                             0x08002fb1   Thumb Code    28  hw_spi.o(i.HW_SPI_InOut)
    HW_SPI_Init                              0x08002fd1   Thumb Code   196  hw_spi.o(i.HW_SPI_Init)
    HardFault_Handler                        0x080030ad   Thumb Code    10  stm32l0xx_it.o(i.HardFault_Handler)
    I2C1_IRQHandler                          0x080030c5   Thumb Code    28  stm32l0xx_it.o(i.I2C1_IRQHandler)
    LowPower_Disable                         0x08003945   Thumb Code    20  low_power.o(i.LowPower_Disable)
    LowPower_Enable                          0x0800395d   Thumb Code    20  low_power.o(i.LowPower_Enable)
    LowPower_GetState                        0x08003975   Thumb Code     6  low_power.o(i.LowPower_GetState)
    MSP_GetIRQn                              0x08003981   Thumb Code    48  stm32l0xx_hal_msp.o(i.MSP_GetIRQn)
    MyRadioSend                              0x08003a41   Thumb Code    20  main.o(i.MyRadioSend)
    NMI_Handler                              0x08003a59   Thumb Code     2  stm32l0xx_it.o(i.NMI_Handler)
    PendSV_Handler                           0x08003aa1   Thumb Code     2  stm32l0xx_it.o(i.PendSV_Handler)
    RNG_LPUART1_IRQHandler                   0x08003b15   Thumb Code     2  stm32l0xx_it.o(i.RNG_LPUART1_IRQHandler)
    RTC_Bcd2ToByte                           0x08003b17   Thumb Code    16  stm32l0xx_hal_rtc.o(i.RTC_Bcd2ToByte)
    RTC_ByteToBcd2                           0x08003b27   Thumb Code    22  stm32l0xx_hal_rtc.o(i.RTC_ByteToBcd2)
    RTC_EnterInitMode                        0x08003b3d   Thumb Code    56  stm32l0xx_hal_rtc.o(i.RTC_EnterInitMode)
    RTC_IRQHandler                           0x08003b75   Thumb Code     8  stm32l0xx_it.o(i.RTC_IRQHandler)
    SVC_Handler                              0x08003c2f   Thumb Code     2  stm32l0xx_it.o(i.SVC_Handler)
    SX1272CheckRfFrequency                   0x08003c31   Thumb Code     4  sx1272mb2das.o(i.SX1272CheckRfFrequency)
    SX1272GetStatus                          0x08003c35   Thumb Code     6  sx1272.o(i.SX1272GetStatus)
    SX1272GetTimeOnAir                       0x08003c41   Thumb Code   446  sx1272.o(i.SX1272GetTimeOnAir)
    SX1272Init                               0x08003e29   Thumb Code   102  sx1272.o(i.SX1272Init)
    SX1272IoDeInit                           0x08003ea1   Thumb Code    68  sx1272mb2das.o(i.SX1272IoDeInit)
    SX1272IoInit                             0x08003ee9   Thumb Code   104  sx1272mb2das.o(i.SX1272IoInit)
    SX1272IoIrqInit                          0x08003f59   Thumb Code    58  sx1272mb2das.o(i.SX1272IoIrqInit)
    SX1272IsChannelFree                      0x08003f93   Thumb Code    54  sx1272.o(i.SX1272IsChannelFree)
    SX1272OnDio0Irq                          0x08003fc9   Thumb Code   536  sx1272.o(i.SX1272OnDio0Irq)
    SX1272OnDio1Irq                          0x08004205   Thumb Code   194  sx1272.o(i.SX1272OnDio1Irq)
    SX1272OnDio2Irq                          0x080042dd   Thumb Code   166  sx1272.o(i.SX1272OnDio2Irq)
    SX1272OnDio3Irq                          0x08004391   Thumb Code    76  sx1272.o(i.SX1272OnDio3Irq)
    SX1272OnDio4Irq                          0x080043e5   Thumb Code    24  sx1272.o(i.SX1272OnDio4Irq)
    SX1272OnTimeoutIrq                       0x08004401   Thumb Code   122  sx1272.o(i.SX1272OnTimeoutIrq)
    SX1272Random                             0x08004485   Thumb Code    62  sx1272.o(i.SX1272Random)
    SX1272Read                               0x080044c3   Thumb Code    16  sx1272.o(i.SX1272Read)
    SX1272ReadBuffer                         0x080044d3   Thumb Code    66  sx1272.o(i.SX1272ReadBuffer)
    SX1272ReadFifo                           0x08004515   Thumb Code    14  sx1272.o(i.SX1272ReadFifo)
    SX1272ReadRssi                           0x08004523   Thumb Code    38  sx1272.o(i.SX1272ReadRssi)
    SX1272Reset                              0x08004549   Thumb Code    80  sx1272.o(i.SX1272Reset)
    SX1272Send                               0x08004599   Thumb Code   228  sx1272.o(i.SX1272Send)
    SX1272SetAntSw                           0x08004685   Thumb Code    62  sx1272mb2das.o(i.SX1272SetAntSw)
    SX1272SetAntSwLowPower                   0x080046cd   Thumb Code     2  sx1272mb2das.o(i.SX1272SetAntSwLowPower)
    SX1272SetChannel                         0x080046d1   Thumb Code    72  sx1272.o(i.SX1272SetChannel)
    SX1272SetMaxPayloadLength                0x08004721   Thumb Code    42  sx1272.o(i.SX1272SetMaxPayloadLength)
    SX1272SetModem                           0x08004751   Thumb Code    90  sx1272.o(i.SX1272SetModem)
    SX1272SetOpMode                          0x080047b1   Thumb Code    46  sx1272.o(i.SX1272SetOpMode)
    SX1272SetRfTxPower                       0x080047df   Thumb Code    34  sx1272mb2das.o(i.SX1272SetRfTxPower)
    SX1272SetRx                              0x08004801   Thumb Code   400  sx1272.o(i.SX1272SetRx)
    SX1272SetRxConfig                        0x080049a5   Thumb Code   494  sx1272.o(i.SX1272SetRxConfig)
    SX1272SetSleep                           0x08004b9d   Thumb Code    32  sx1272.o(i.SX1272SetSleep)
    SX1272SetStby                            0x08004bc1   Thumb Code    32  sx1272.o(i.SX1272SetStby)
    SX1272SetSyncWord                        0x08004be5   Thumb Code    20  sx1272.o(i.SX1272SetSyncWord)
    SX1272SetTx                              0x08004bf9   Thumb Code   158  sx1272.o(i.SX1272SetTx)
    SX1272SetTxConfig                        0x08004c9d   Thumb Code   458  sx1272.o(i.SX1272SetTxConfig)
    SX1272SetTxContinuousWave                0x08004e75   Thumb Code   136  sx1272.o(i.SX1272SetTxContinuousWave)
    SX1272StartCad                           0x08004f05   Thumb Code    50  sx1272.o(i.SX1272StartCad)
    SX1272Write                              0x08004f3d   Thumb Code    12  sx1272.o(i.SX1272Write)
    SX1272WriteBuffer                        0x08004f49   Thumb Code    66  sx1272.o(i.SX1272WriteBuffer)
    SX1272WriteFifo                          0x08004f8b   Thumb Code    14  sx1272.o(i.SX1272WriteFifo)
    SysTick_Handler                          0x08004f99   Thumb Code     8  stm32l0xx_it.o(i.SysTick_Handler)
    SystemClock_Config                       0x08004fa1   Thumb Code   130  stm32l0xx_hw.o(i.SystemClock_Config)
    SystemInit                               0x0800502d   Thumb Code    66  system_stm32l0xx.o(i.SystemInit)
    TimerInit                                0x08005081   Thumb Code    14  timeserver.o(i.TimerInit)
    TimerIrqHandler                          0x080050ad   Thumb Code   116  timeserver.o(i.TimerIrqHandler)
    TimerSetValue                            0x08005151   Thumb Code    34  timeserver.o(i.TimerSetValue)
    TimerStart                               0x08005175   Thumb Code   108  timeserver.o(i.TimerStart)
    TimerStop                                0x080051e5   Thumb Code    90  timeserver.o(i.TimerStop)
    UART_AdvFeatureConfig                    0x08005245   Thumb Code   202  stm32l0xx_hal_uart.o(i.UART_AdvFeatureConfig)
    UART_CheckIdleState                      0x08005311   Thumb Code    90  stm32l0xx_hal_uart.o(i.UART_CheckIdleState)
    UART_SetConfig                           0x08005435   Thumb Code   498  stm32l0xx_hal_uart.o(i.UART_SetConfig)
    UART_WaitOnFlagUntilTimeout              0x08005651   Thumb Code    98  stm32l0xx_hal_uart.o(i.UART_WaitOnFlagUntilTimeout)
    USART2_IRQHandler                        0x080056b3   Thumb Code     8  stm32l0xx_it.o(i.USART2_IRQHandler)
    __0printf                                0x080056bd   Thumb Code    24  printfa.o(i.__0printf)
    __1printf                                0x080056bd   Thumb Code     0  printfa.o(i.__0printf)
    __2printf                                0x080056bd   Thumb Code     0  printfa.o(i.__0printf)
    __c89printf                              0x080056bd   Thumb Code     0  printfa.o(i.__0printf)
    printf                                   0x080056bd   Thumb Code     0  printfa.o(i.__0printf)
    __0vsprintf                              0x080056dd   Thumb Code    30  printfa.o(i.__0vsprintf)
    __1vsprintf                              0x080056dd   Thumb Code     0  printfa.o(i.__0vsprintf)
    __2vsprintf                              0x080056dd   Thumb Code     0  printfa.o(i.__0vsprintf)
    __c89vsprintf                            0x080056dd   Thumb Code     0  printfa.o(i.__0vsprintf)
    vsprintf                                 0x080056dd   Thumb Code     0  printfa.o(i.__0vsprintf)
    __ARM_clz                                0x08005701   Thumb Code    46  depilogue.o(i.__ARM_clz)
    __ARM_common_switch8                     0x0800572f   Thumb Code    26  stm32l0xx_hal_uart.o(i.__ARM_common_switch8)
    __scatterload_copy                       0x08005749   Thumb Code    14  handlers.o(i.__scatterload_copy)
    __scatterload_null                       0x08005757   Thumb Code     2  handlers.o(i.__scatterload_null)
    __scatterload_zeroinit                   0x08005759   Thumb Code    14  handlers.o(i.__scatterload_zeroinit)
    ceil                                     0x08006021   Thumb Code   180  ceil.o(i.ceil)
    floor                                    0x080060e9   Thumb Code   180  floor.o(i.floor)
    fputc                                    0x080061b1   Thumb Code    18  main.o(i.fputc)
    main                                     0x080061c9   Thumb Code   414  main.o(i.main)
    memcpy1                                  0x08006389   Thumb Code    22  utilities.o(i.memcpy1)
    round                                    0x080063a1   Thumb Code   142  round.o(i.round)
    vcom_Print                               0x0800643d   Thumb Code    72  vcom.o(i.vcom_Print)
    vcom_Send                                0x08006491   Thumb Code   114  vcom.o(i.vcom_Send)
    Radio                                    0x0800650c   Data         100  sx1272mb2das.o(.constdata)
    RadioRegsInit                            0x08006570   Data          51  sx1272.o(.constdata)
    FskBandwidths                            0x080065a4   Data         176  sx1272.o(.constdata)
    AHBPrescTable                            0x08006654   Data          16  system_stm32l0xx.o(.constdata)
    PLLMulTable                              0x08006664   Data           9  system_stm32l0xx.o(.constdata)
    APBPrescTable                            0x0800666d   Data           8  system_stm32l0xx.o(.constdata)
    Region$$Table$$Base                      0x08006690   Number         0  anon$$obj.o(Region$$Table)
    Region$$Table$$Limit                     0x080066b0   Number         0  anon$$obj.o(Region$$Table)
    DioIrq                                   0x20000004   Data          24  sx1272.o(.data)
    SystemCoreClock                          0x2000001c   Data           4  system_stm32l0xx.o(.data)
    uwTick                                   0x20000020   Data           4  stm32l0xx_hal.o(.data)
    LocalNACK                                0x20000028   Data           1  main.o(.data)
    RadioMQ2B_Ok                             0x20000029   Data           1  main.o(.data)
    HTS221_I2C_Ok                            0x2000002a   Data           1  main.o(.data)
    HTS221_Status                            0x2000002b   Data           1  main.o(.data)
    HUMIDITY_OUT_L                           0x2000002c   Data           1  main.o(.data)
    RadioRx_Start_Ok                         0x2000002d   Data           1  main.o(.data)
    LocalACK_Ok                              0x2000002e   Data           1  main.o(.data)
    RadioDS18B20_Ok                          0x2000002f   Data           1  main.o(.data)
    RadioFRAMECLICK_Ok                       0x20000030   Data           1  main.o(.data)
    RadioMQ2A_Ok                             0x20000031   Data           1  main.o(.data)
    HUMIDITY_OUT_H                           0x20000032   Data           1  main.o(.data)
    HUMIDITY_OUT                             0x20000034   Data           2  main.o(.data)
    HTS221_20H                               0x20000036   Data           2  main.o(.data)
    HTS221_21H                               0x20000038   Data           2  main.o(.data)
    HTS221_28H                               0x2000003a   Data           2  main.o(.data)
    HTS221_29H                               0x2000003c   Data           2  main.o(.data)
    RadioMsg_DS18B20                         0x2000003e   Data           6  main.o(.data)
    RadioMsg_FRAMECLICK                      0x20000044   Data           6  main.o(.data)
    RadioMsg_Humidity                        0x2000004a   Data           6  main.o(.data)
    RadioMsg_MQ2A                            0x20000050   Data           6  main.o(.data)
    RadioMsg_MQ2B                            0x20000056   Data           6  main.o(.data)
    ASCII                                    0x2000005c   Data          16  main.o(.data)
    iw                                       0x2000006e   Data           2  vcom.o(.data)
    __stdout                                 0x2000007c   Data           4  stdout.o(.data)
    SX1272                                   0x20000180   Data          96  sx1272.o(.bss)
    TxTimeoutTimer                           0x200001e0   Data          20  sx1272.o(.bss)
    RxTimeoutTimer                           0x200001f4   Data          20  sx1272.o(.bss)
    RxTimeoutSyncWord                        0x20000208   Data          20  sx1272.o(.bss)
    hlpuart1                                 0x2000031c   Data         112  main.o(.bss)
    hdma_lpuart1_rx                          0x2000038c   Data          64  main.o(.bss)
    hi2c1                                    0x200003cc   Data          76  main.o(.bss)
    RadioCmd                                 0x20000418   Data          32  main.o(.bss)
    LPUART1_RX_Buff                          0x20000438   Data          10  main.o(.bss)
    __initial_sp                             0x20001640   Data           0  startup_stm32l053xx.o(STACK)



==============================================================================

Memory Map of the image

  Image Entry point : 0x080000c1

  Load Region LR_IROM1 (Base: 0x08000000, Size: 0x00006730, Max: 0x00010000, ABSOLUTE)

    Execution Region ER_IROM1 (Exec base: 0x08000000, Load base: 0x08000000, Size: 0x000066b0, Max: 0x00010000, ABSOLUTE)

    Exec Addr    Load Addr    Size         Type   Attr      Idx    E Section Name        Object

    0x08000000   0x08000000   0x000000c0   Data   RO         3941    RESET               startup_stm32l053xx.o
    0x080000c0   0x080000c0   0x00000000   Code   RO         4861  * .ARM.Collect$$$$00000000  mc_p.l(entry.o)
    0x080000c0   0x080000c0   0x00000004   Code   RO         5156    .ARM.Collect$$$$00000001  mc_p.l(entry2.o)
    0x080000c4   0x080000c4   0x00000004   Code   RO         5159    .ARM.Collect$$$$00000004  mc_p.l(entry5.o)
    0x080000c8   0x080000c8   0x00000000   Code   RO         5161    .ARM.Collect$$$$00000008  mc_p.l(entry7b.o)
    0x080000c8   0x080000c8   0x00000000   Code   RO         5163    .ARM.Collect$$$$0000000A  mc_p.l(entry8b.o)
    0x080000c8   0x080000c8   0x00000008   Code   RO         5164    .ARM.Collect$$$$0000000B  mc_p.l(entry9a.o)
    0x080000d0   0x080000d0   0x00000000   Code   RO         5166    .ARM.Collect$$$$0000000D  mc_p.l(entry10a.o)
    0x080000d0   0x080000d0   0x00000000   Code   RO         5168    .ARM.Collect$$$$0000000F  mc_p.l(entry11a.o)
    0x080000d0   0x080000d0   0x00000004   Code   RO         5157    .ARM.Collect$$$$00002712  mc_p.l(entry2.o)
    0x080000d4   0x080000d4   0x0000001c   Code   RO         3942    .text               startup_stm32l053xx.o
    0x080000f0   0x080000f0   0x0000002c   Code   RO         4864    .text               mc_p.l(uidiv.o)
    0x0800011c   0x0800011c   0x00000060   Code   RO         4868    .text               mc_p.l(uldiv.o)
    0x0800017c   0x0800017c   0x00000024   Code   RO         4870    .text               mc_p.l(memcpya.o)
    0x080001a0   0x080001a0   0x00000024   Code   RO         4872    .text               mc_p.l(memseta.o)
    0x080001c4   0x080001c4   0x00000164   Code   RO         5138    .text               mf_p.l(dadd.o)
    0x08000328   0x08000328   0x000000d0   Code   RO         5140    .text               mf_p.l(dmul.o)
    0x080003f8   0x080003f8   0x000000f0   Code   RO         5142    .text               mf_p.l(ddiv.o)
    0x080004e8   0x080004e8   0x0000002c   Code   RO         5144    .text               mf_p.l(dscalb.o)
    0x08000514   0x08000514   0x00000028   Code   RO         5146    .text               mf_p.l(dflti.o)
    0x0800053c   0x0800053c   0x0000001c   Code   RO         5148    .text               mf_p.l(dfltui.o)
    0x08000558   0x08000558   0x0000003c   Code   RO         5152    .text               mf_p.l(dfixui.o)
    0x08000594   0x08000594   0x00000028   Code   RO         5154    .text               mf_p.l(cdrcmple.o)
    0x080005bc   0x080005bc   0x00000020   Code   RO         5171    .text               mc_p.l(llshl.o)
    0x080005dc   0x080005dc   0x00000022   Code   RO         5173    .text               mc_p.l(llushr.o)
    0x080005fe   0x080005fe   0x00000026   Code   RO         5175    .text               mc_p.l(llsshr.o)
    0x08000624   0x08000624   0x00000000   Code   RO         5177    .text               mc_p.l(iusefp.o)
    0x08000624   0x08000624   0x000000be   Code   RO         5178    .text               mf_p.l(depilogue.o)
    0x080006e2   0x080006e2   0x00000002   PAD
    0x080006e4   0x080006e4   0x0000007c   Code   RO         5182    .text               mf_p.l(drnd.o)
    0x08000760   0x08000760   0x00000040   Code   RO         5184    .text               mf_p.l(dfixul.o)
    0x080007a0   0x080007a0   0x00000028   Code   RO         5186    .text               mf_p.l(cdcmple.o)
    0x080007c8   0x080007c8   0x00000024   Code   RO         5188    .text               mc_p.l(init.o)
    0x080007ec   0x080007ec   0x00000010   Code   RO         4178    i.DMA1_Channel2_3_IRQHandler  main.o
    0x080007fc   0x080007fc   0x0000001e   Code   RO         2154    i.DMA_SetConfig     stm32l0xx_hal_dma.o
    0x0800081a   0x0800081a   0x00000008   Code   RO         4639    i.DelayMs           delay.o
    0x08000822   0x08000822   0x00000010   Code   RO         4453    i.EXTI0_1_IRQHandler  stm32l0xx_it.o
    0x08000832   0x08000832   0x00000010   Code   RO         4454    i.EXTI2_3_IRQHandler  stm32l0xx_it.o
    0x08000842   0x08000842   0x0000005c   Code   RO         4455    i.EXTI4_15_IRQHandler  stm32l0xx_it.o
    0x0800089e   0x0800089e   0x00000002   PAD
    0x080008a0   0x080008a0   0x00000018   Code   RO         3949    i.Error_Handler     debug.o
    0x080008b8   0x080008b8   0x0000002c   Code   RO          532    i.GetFskBandwidthRegValue  sx1272.o
    0x080008e4   0x080008e4   0x00000098   Code   RO         2156    i.HAL_DMA_Abort_IT  stm32l0xx_hal_dma.o
    0x0800097c   0x0800097c   0x00000280   Code   RO         2160    i.HAL_DMA_IRQHandler  stm32l0xx_hal_dma.o
    0x08000bfc   0x08000bfc   0x00000108   Code   RO         2161    i.HAL_DMA_Init      stm32l0xx_hal_dma.o
    0x08000d04   0x08000d04   0x0000004e   Code   RO         2164    i.HAL_DMA_Start_IT  stm32l0xx_hal_dma.o
    0x08000d52   0x08000d52   0x00000008   Code   RO         4287    i.HAL_GPIO_EXTI_Callback  stm32l0xx_hal_msp.o
    0x08000d5a   0x08000d5a   0x00000002   PAD
    0x08000d5c   0x08000d5c   0x00000018   Code   RO         2094    i.HAL_GPIO_EXTI_IRQHandler  stm32l0xx_hal_gpio.o
    0x08000d74   0x08000d74   0x00000178   Code   RO         2095    i.HAL_GPIO_Init     stm32l0xx_hal_gpio.o
    0x08000eec   0x08000eec   0x0000000c   Code   RO         2099    i.HAL_GPIO_WritePin  stm32l0xx_hal_gpio.o
    0x08000ef8   0x08000ef8   0x0000000c   Code   RO         1838    i.HAL_GetTick       stm32l0xx_hal.o
    0x08000f04   0x08000f04   0x0000004a   Code   RO         4179    i.HAL_I2CEx_ConfigAnalogFilter  main.o
    0x08000f4e   0x08000f4e   0x00000048   Code   RO         4180    i.HAL_I2CEx_ConfigDigitalFilter  main.o
    0x08000f96   0x08000f96   0x00000002   Code   RO         3517    i.HAL_I2C_AbortCpltCallback  stm32l0xx_hal_i2c.o
    0x08000f98   0x08000f98   0x00000002   Code   RO         3518    i.HAL_I2C_AddrCallback  stm32l0xx_hal_i2c.o
    0x08000f9a   0x08000f9a   0x00000058   Code   RO         3521    i.HAL_I2C_ER_IRQHandler  stm32l0xx_hal_i2c.o
    0x08000ff2   0x08000ff2   0x00000010   Code   RO         3522    i.HAL_I2C_EV_IRQHandler  stm32l0xx_hal_i2c.o
    0x08001002   0x08001002   0x00000002   Code   RO         3524    i.HAL_I2C_ErrorCallback  stm32l0xx_hal_i2c.o
    0x08001004   0x08001004   0x000000b4   Code   RO         3528    i.HAL_I2C_Init      stm32l0xx_hal_i2c.o
    0x080010b8   0x080010b8   0x00000002   Code   RO         3530    i.HAL_I2C_ListenCpltCallback  stm32l0xx_hal_i2c.o
    0x080010ba   0x080010ba   0x00000002   PAD
    0x080010bc   0x080010bc   0x00000078   Code   RO         4181    i.HAL_I2C_MasterRxCpltCallback  main.o
    0x08001134   0x08001134   0x00000090   Code   RO         4182    i.HAL_I2C_MasterTxCpltCallback  main.o
    0x080011c4   0x080011c4   0x0000007c   Code   RO         3536    i.HAL_I2C_Master_Receive_IT  stm32l0xx_hal_i2c.o
    0x08001240   0x08001240   0x00000074   Code   RO         3538    i.HAL_I2C_Master_Sequential_Transmit_IT  stm32l0xx_hal_i2c.o
    0x080012b4   0x080012b4   0x0000007c   Code   RO         3541    i.HAL_I2C_Master_Transmit_IT  stm32l0xx_hal_i2c.o
    0x08001330   0x08001330   0x00000002   Code   RO         3542    i.HAL_I2C_MemRxCpltCallback  stm32l0xx_hal_i2c.o
    0x08001332   0x08001332   0x00000002   Code   RO         3543    i.HAL_I2C_MemTxCpltCallback  stm32l0xx_hal_i2c.o
    0x08001334   0x08001334   0x0000005c   Code   RO         4288    i.HAL_I2C_MspInit   stm32l0xx_hal_msp.o
    0x08001390   0x08001390   0x00000002   Code   RO         3552    i.HAL_I2C_SlaveRxCpltCallback  stm32l0xx_hal_i2c.o
    0x08001392   0x08001392   0x00000002   Code   RO         3553    i.HAL_I2C_SlaveTxCpltCallback  stm32l0xx_hal_i2c.o
    0x08001394   0x08001394   0x00000010   Code   RO         1839    i.HAL_IncTick       stm32l0xx_hal.o
    0x080013a4   0x080013a4   0x00000020   Code   RO         1840    i.HAL_Init          stm32l0xx_hal.o
    0x080013c4   0x080013c4   0x00000004   Code   RO         4289    i.HAL_InitTick      stm32l0xx_hal_msp.o
    0x080013c8   0x080013c8   0x00000020   Code   RO         4290    i.HAL_MspInit       stm32l0xx_hal_msp.o
    0x080013e8   0x080013e8   0x00000014   Code   RO         1993    i.HAL_NVIC_ClearPendingIRQ  stm32l0xx_hal_cortex.o
    0x080013fc   0x080013fc   0x00000014   Code   RO         1995    i.HAL_NVIC_EnableIRQ  stm32l0xx_hal_cortex.o
    0x08001410   0x08001410   0x00000014   Code   RO         1998    i.HAL_NVIC_SetPendingIRQ  stm32l0xx_hal_cortex.o
    0x08001424   0x08001424   0x00000008   Code   RO         1999    i.HAL_NVIC_SetPriority  stm32l0xx_hal_cortex.o
    0x0800142c   0x0800142c   0x00000010   Code   RO         2352    i.HAL_PWREx_EnableFastWakeUp  stm32l0xx_hal_pwr_ex.o
    0x0800143c   0x0800143c   0x00000010   Code   RO         2354    i.HAL_PWREx_EnableUltraLowPower  stm32l0xx_hal_pwr_ex.o
    0x0800144c   0x0800144c   0x00000010   Code   RO         2236    i.HAL_PWR_DisablePVD  stm32l0xx_hal_pwr.o
    0x0800145c   0x0800145c   0x000001a4   Code   RO         1712    i.HAL_RCCEx_GetPeriphCLKFreq  stm32l0xx_hal_rcc_ex.o
    0x08001600   0x08001600   0x00000198   Code   RO         1715    i.HAL_RCCEx_PeriphCLKConfig  stm32l0xx_hal_rcc_ex.o
    0x08001798   0x08001798   0x00000168   Code   RO         1601    i.HAL_RCC_ClockConfig  stm32l0xx_hal_rcc.o
    0x08001900   0x08001900   0x00000020   Code   RO         1607    i.HAL_RCC_GetPCLK1Freq  stm32l0xx_hal_rcc.o
    0x08001920   0x08001920   0x00000020   Code   RO         1608    i.HAL_RCC_GetPCLK2Freq  stm32l0xx_hal_rcc.o
    0x08001940   0x08001940   0x00000078   Code   RO         1609    i.HAL_RCC_GetSysClockFreq  stm32l0xx_hal_rcc.o
    0x080019b8   0x080019b8   0x0000045c   Code   RO         1612    i.HAL_RCC_OscConfig  stm32l0xx_hal_rcc.o
    0x08001e14   0x08001e14   0x00000002   Code   RO         2538    i.HAL_RTCEx_AlarmBEventCallback  stm32l0xx_hal_rtc_ex.o
    0x08001e16   0x08001e16   0x0000003c   Code   RO         2547    i.HAL_RTCEx_EnableBypassShadow  stm32l0xx_hal_rtc_ex.o
    0x08001e52   0x08001e52   0x00000008   Code   RO         4291    i.HAL_RTC_AlarmAEventCallback  stm32l0xx_hal_msp.o
    0x08001e5a   0x08001e5a   0x00000002   PAD
    0x08001e5c   0x08001e5c   0x00000060   Code   RO         2406    i.HAL_RTC_AlarmIRQHandler  stm32l0xx_hal_rtc.o
    0x08001ebc   0x08001ebc   0x000000b8   Code   RO         2408    i.HAL_RTC_DeactivateAlarm  stm32l0xx_hal_rtc.o
    0x08001f74   0x08001f74   0x00000044   Code   RO         2410    i.HAL_RTC_GetDate   stm32l0xx_hal_rtc.o
    0x08001fb8   0x08001fb8   0x0000005c   Code   RO         2412    i.HAL_RTC_GetTime   stm32l0xx_hal_rtc.o
    0x08002014   0x08002014   0x000000a4   Code   RO         2413    i.HAL_RTC_Init      stm32l0xx_hal_rtc.o
    0x080020b8   0x080020b8   0x0000005c   Code   RO         4293    i.HAL_RTC_MspInit   stm32l0xx_hal_msp.o
    0x08002114   0x08002114   0x000001a0   Code   RO         2418    i.HAL_RTC_SetAlarm_IT  stm32l0xx_hal_rtc.o
    0x080022b4   0x080022b4   0x000000cc   Code   RO         2419    i.HAL_RTC_SetDate   stm32l0xx_hal_rtc.o
    0x08002380   0x08002380   0x000000f0   Code   RO         2420    i.HAL_RTC_SetTime   stm32l0xx_hal_rtc.o
    0x08002470   0x08002470   0x00000034   Code   RO         2421    i.HAL_RTC_WaitForSynchro  stm32l0xx_hal_rtc.o
    0x080024a4   0x080024a4   0x00000084   Code   RO          848    i.HAL_SPI_Init      stm32l0xx_hal_spi.o
    0x08002528   0x08002528   0x00000002   Code   RO          850    i.HAL_SPI_MspInit   stm32l0xx_hal_spi.o
    0x0800252a   0x0800252a   0x000002b8   Code   RO          857    i.HAL_SPI_TransmitReceive  stm32l0xx_hal_spi.o
    0x080027e2   0x080027e2   0x00000002   Code   RO         1097    i.HAL_UART_ErrorCallback  stm32l0xx_hal_uart.o
    0x080027e4   0x080027e4   0x0000006c   Code   RO         1101    i.HAL_UART_Init     stm32l0xx_hal_uart.o
    0x08002850   0x08002850   0x00000088   Code   RO         4354    i.HAL_UART_MspInit  stm32l0xx_hw.o
    0x080028d8   0x080028d8   0x000000a4   Code   RO         1105    i.HAL_UART_Receive_DMA  stm32l0xx_hal_uart.o
    0x0800297c   0x0800297c   0x000000f4   Code   RO         4183    i.HAL_UART_RxCpltCallback  main.o
    0x08002a70   0x08002a70   0x00000002   Code   RO         1108    i.HAL_UART_RxHalfCpltCallback  stm32l0xx_hal_uart.o
    0x08002a72   0x08002a72   0x000000c8   Code   RO         1109    i.HAL_UART_Transmit  stm32l0xx_hal_uart.o
    0x08002b3a   0x08002b3a   0x00000002   PAD
    0x08002b3c   0x08002b3c   0x00000038   Code   RO         3974    i.HW_GPIO_GetBitPos  hw_gpio.o
    0x08002b74   0x08002b74   0x00000054   Code   RO         3975    i.HW_GPIO_Init      hw_gpio.o
    0x08002bc8   0x08002bc8   0x00000018   Code   RO         3976    i.HW_GPIO_IrqHandler  hw_gpio.o
    0x08002be0   0x08002be0   0x00000034   Code   RO         3978    i.HW_GPIO_SetIrq    hw_gpio.o
    0x08002c14   0x08002c14   0x0000000a   Code   RO         3979    i.HW_GPIO_Write     hw_gpio.o
    0x08002c1e   0x08002c1e   0x00000002   PAD
    0x08002c20   0x08002c20   0x00000028   Code   RO         4365    i.HW_Init           stm32l0xx_hw.o
    0x08002c48   0x08002c48   0x00000026   Code   RO         4025    i.HW_RTC_DelayMs    hw_rtc.o
    0x08002c6e   0x08002c6e   0x00000002   PAD
    0x08002c70   0x08002c70   0x000000c0   Code   RO         4026    i.HW_RTC_GetCalendarValue  hw_rtc.o
    0x08002d30   0x08002d30   0x00000004   Code   RO         4027    i.HW_RTC_GetMinimumTimeout  hw_rtc.o
    0x08002d34   0x08002d34   0x0000000c   Code   RO         4028    i.HW_RTC_GetTimerContext  hw_rtc.o
    0x08002d40   0x08002d40   0x0000001c   Code   RO         4029    i.HW_RTC_GetTimerElapsedTime  hw_rtc.o
    0x08002d5c   0x08002d5c   0x00000010   Code   RO         4030    i.HW_RTC_GetTimerValue  hw_rtc.o
    0x08002d6c   0x08002d6c   0x0000002c   Code   RO         4031    i.HW_RTC_Init       hw_rtc.o
    0x08002d98   0x08002d98   0x00000014   Code   RO         4032    i.HW_RTC_IrqHandler  hw_rtc.o
    0x08002dac   0x08002dac   0x00000044   Code   RO         4033    i.HW_RTC_SetAlarm   hw_rtc.o
    0x08002df0   0x08002df0   0x00000060   Code   RO         4034    i.HW_RTC_SetConfig  hw_rtc.o
    0x08002e50   0x08002e50   0x00000018   Code   RO         4035    i.HW_RTC_SetTimerContext  hw_rtc.o
    0x08002e68   0x08002e68   0x00000118   Code   RO         4036    i.HW_RTC_StartWakeUpAlarm  hw_rtc.o
    0x08002f80   0x08002f80   0x00000020   Code   RO         4037    i.HW_RTC_StopAlarm  hw_rtc.o
    0x08002fa0   0x08002fa0   0x00000010   Code   RO         4040    i.HW_RTC_ms2Tick    hw_rtc.o
    0x08002fb0   0x08002fb0   0x00000020   Code   RO         4145    i.HW_SPI_InOut      hw_spi.o
    0x08002fd0   0x08002fd0   0x000000dc   Code   RO         4146    i.HW_SPI_Init       hw_spi.o
    0x080030ac   0x080030ac   0x00000018   Code   RO         4456    i.HardFault_Handler  stm32l0xx_it.o
    0x080030c4   0x080030c4   0x00000020   Code   RO         4457    i.I2C1_IRQHandler   stm32l0xx_it.o
    0x080030e4   0x080030e4   0x00000034   Code   RO         3562    i.I2C_DMAAbort      stm32l0xx_hal_i2c.o
    0x08003118   0x08003118   0x00000056   Code   RO         3568    i.I2C_Disable_IRQ   stm32l0xx_hal_i2c.o
    0x0800316e   0x0800316e   0x00000002   PAD
    0x08003170   0x08003170   0x00000064   Code   RO         3569    i.I2C_Enable_IRQ    stm32l0xx_hal_i2c.o
    0x080031d4   0x080031d4   0x00000022   Code   RO         3570    i.I2C_Flush_TXDR    stm32l0xx_hal_i2c.o
    0x080031f6   0x080031f6   0x0000007a   Code   RO         3571    i.I2C_ITAddrCplt    stm32l0xx_hal_i2c.o
    0x08003270   0x08003270   0x000000cc   Code   RO         3572    i.I2C_ITError       stm32l0xx_hal_i2c.o
    0x0800333c   0x0800333c   0x00000060   Code   RO         3573    i.I2C_ITListenCplt  stm32l0xx_hal_i2c.o
    0x0800339c   0x0800339c   0x000000a0   Code   RO         3574    i.I2C_ITMasterCplt  stm32l0xx_hal_i2c.o
    0x0800343c   0x0800343c   0x00000046   Code   RO         3575    i.I2C_ITMasterSequentialCplt  stm32l0xx_hal_i2c.o
    0x08003482   0x08003482   0x00000002   PAD
    0x08003484   0x08003484   0x000000e8   Code   RO         3576    i.I2C_ITSlaveCplt   stm32l0xx_hal_i2c.o
    0x0800356c   0x0800356c   0x0000004a   Code   RO         3577    i.I2C_ITSlaveSequentialCplt  stm32l0xx_hal_i2c.o
    0x080035b6   0x080035b6   0x000000c2   Code   RO         3579    i.I2C_Master_ISR_DMA  stm32l0xx_hal_i2c.o
    0x08003678   0x08003678   0x00000128   Code   RO         3580    i.I2C_Master_ISR_IT  stm32l0xx_hal_i2c.o
    0x080037a0   0x080037a0   0x00000068   Code   RO         3583    i.I2C_Slave_ISR_DMA  stm32l0xx_hal_i2c.o
    0x08003808   0x08003808   0x00000118   Code   RO         3584    i.I2C_Slave_ISR_IT  stm32l0xx_hal_i2c.o
    0x08003920   0x08003920   0x00000024   Code   RO         3585    i.I2C_TransferConfig  stm32l0xx_hal_i2c.o
    0x08003944   0x08003944   0x00000018   Code   RO         4664    i.LowPower_Disable  low_power.o
    0x0800395c   0x0800395c   0x00000018   Code   RO         4665    i.LowPower_Enable   low_power.o
    0x08003974   0x08003974   0x0000000c   Code   RO         4666    i.LowPower_GetState  low_power.o
    0x08003980   0x08003980   0x00000030   Code   RO         4294    i.MSP_GetIRQn       stm32l0xx_hal_msp.o
    0x080039b0   0x080039b0   0x00000058   Code   RO         4184    i.MX_I2C1_Init      main.o
    0x08003a08   0x08003a08   0x00000038   Code   RO         4185    i.MX_LPUART1_UART_Init  main.o
    0x08003a40   0x08003a40   0x00000018   Code   RO         4186    i.MyRadioSend       main.o
    0x08003a58   0x08003a58   0x00000002   Code   RO         4459    i.NMI_Handler       stm32l0xx_it.o
    0x08003a5a   0x08003a5a   0x00000002   PAD
    0x08003a5c   0x08003a5c   0x00000044   Code   RO         2005    i.NVIC_SetPriority  stm32l0xx_hal_cortex.o
    0x08003aa0   0x08003aa0   0x00000002   Code   RO         4460    i.PendSV_Handler    stm32l0xx_it.o
    0x08003aa2   0x08003aa2   0x00000002   PAD
    0x08003aa4   0x08003aa4   0x00000070   Code   RO         1613    i.RCC_SetFlashLatencyFromMSIRange  stm32l0xx_hal_rcc.o
    0x08003b14   0x08003b14   0x00000002   Code   RO         4461    i.RNG_LPUART1_IRQHandler  stm32l0xx_it.o
    0x08003b16   0x08003b16   0x00000010   Code   RO         2422    i.RTC_Bcd2ToByte    stm32l0xx_hal_rtc.o
    0x08003b26   0x08003b26   0x00000016   Code   RO         2423    i.RTC_ByteToBcd2    stm32l0xx_hal_rtc.o
    0x08003b3c   0x08003b3c   0x00000038   Code   RO         2424    i.RTC_EnterInitMode  stm32l0xx_hal_rtc.o
    0x08003b74   0x08003b74   0x00000008   Code   RO         4462    i.RTC_IRQHandler    stm32l0xx_it.o
    0x08003b7c   0x08003b7c   0x000000b2   Code   RO          878    i.SPI_WaitOnFlagUntilTimeout  stm32l0xx_hal_spi.o
    0x08003c2e   0x08003c2e   0x00000002   Code   RO         4463    i.SVC_Handler       stm32l0xx_it.o
    0x08003c30   0x08003c30   0x00000004   Code   RO          305    i.SX1272CheckRfFrequency  sx1272mb2das.o
    0x08003c34   0x08003c34   0x0000000c   Code   RO          533    i.SX1272GetStatus   sx1272.o
    0x08003c40   0x08003c40   0x000001e8   Code   RO          534    i.SX1272GetTimeOnAir  sx1272.o
    0x08003e28   0x08003e28   0x00000078   Code   RO          535    i.SX1272Init        sx1272.o
    0x08003ea0   0x08003ea0   0x00000048   Code   RO          307    i.SX1272IoDeInit    sx1272mb2das.o
    0x08003ee8   0x08003ee8   0x00000070   Code   RO          308    i.SX1272IoInit      sx1272mb2das.o
    0x08003f58   0x08003f58   0x0000003a   Code   RO          309    i.SX1272IoIrqInit   sx1272mb2das.o
    0x08003f92   0x08003f92   0x00000036   Code   RO          536    i.SX1272IsChannelFree  sx1272.o
    0x08003fc8   0x08003fc8   0x0000023c   Code   RO          537    i.SX1272OnDio0Irq   sx1272.o
    0x08004204   0x08004204   0x000000d8   Code   RO          538    i.SX1272OnDio1Irq   sx1272.o
    0x080042dc   0x080042dc   0x000000b4   Code   RO          539    i.SX1272OnDio2Irq   sx1272.o
    0x08004390   0x08004390   0x00000054   Code   RO          540    i.SX1272OnDio3Irq   sx1272.o
    0x080043e4   0x080043e4   0x0000001c   Code   RO          541    i.SX1272OnDio4Irq   sx1272.o
    0x08004400   0x08004400   0x00000084   Code   RO          543    i.SX1272OnTimeoutIrq  sx1272.o
    0x08004484   0x08004484   0x0000003e   Code   RO          544    i.SX1272Random      sx1272.o
    0x080044c2   0x080044c2   0x00000010   Code   RO          545    i.SX1272Read        sx1272.o
    0x080044d2   0x080044d2   0x00000042   Code   RO          546    i.SX1272ReadBuffer  sx1272.o
    0x08004514   0x08004514   0x0000000e   Code   RO          547    i.SX1272ReadFifo    sx1272.o
    0x08004522   0x08004522   0x00000026   Code   RO          548    i.SX1272ReadRssi    sx1272.o
    0x08004548   0x08004548   0x00000050   Code   RO          549    i.SX1272Reset       sx1272.o
    0x08004598   0x08004598   0x000000ec   Code   RO          550    i.SX1272Send        sx1272.o
    0x08004684   0x08004684   0x00000048   Code   RO          310    i.SX1272SetAntSw    sx1272mb2das.o
    0x080046cc   0x080046cc   0x00000002   Code   RO          311    i.SX1272SetAntSwLowPower  sx1272mb2das.o
    0x080046ce   0x080046ce   0x00000002   PAD
    0x080046d0   0x080046d0   0x00000050   Code   RO          551    i.SX1272SetChannel  sx1272.o
    0x08004720   0x08004720   0x00000030   Code   RO          552    i.SX1272SetMaxPayloadLength  sx1272.o
    0x08004750   0x08004750   0x00000060   Code   RO          553    i.SX1272SetModem    sx1272.o
    0x080047b0   0x080047b0   0x0000002e   Code   RO          554    i.SX1272SetOpMode   sx1272.o
    0x080047de   0x080047de   0x00000022   Code   RO          312    i.SX1272SetRfTxPower  sx1272mb2das.o
    0x08004800   0x08004800   0x000001a4   Code   RO          555    i.SX1272SetRx       sx1272.o
    0x080049a4   0x080049a4   0x000001f8   Code   RO          556    i.SX1272SetRxConfig  sx1272.o
    0x08004b9c   0x08004b9c   0x00000024   Code   RO          557    i.SX1272SetSleep    sx1272.o
    0x08004bc0   0x08004bc0   0x00000024   Code   RO          558    i.SX1272SetStby     sx1272.o
    0x08004be4   0x08004be4   0x00000014   Code   RO          559    i.SX1272SetSyncWord  sx1272.o
    0x08004bf8   0x08004bf8   0x000000a4   Code   RO          560    i.SX1272SetTx       sx1272.o
    0x08004c9c   0x08004c9c   0x000001d8   Code   RO          561    i.SX1272SetTxConfig  sx1272.o
    0x08004e74   0x08004e74   0x00000090   Code   RO          562    i.SX1272SetTxContinuousWave  sx1272.o
    0x08004f04   0x08004f04   0x00000038   Code   RO          563    i.SX1272StartCad    sx1272.o
    0x08004f3c   0x08004f3c   0x0000000c   Code   RO          564    i.SX1272Write       sx1272.o
    0x08004f48   0x08004f48   0x00000042   Code   RO          565    i.SX1272WriteBuffer  sx1272.o
    0x08004f8a   0x08004f8a   0x0000000e   Code   RO          566    i.SX1272WriteFifo   sx1272.o
    0x08004f98   0x08004f98   0x00000008   Code   RO         4464    i.SysTick_Handler   stm32l0xx_it.o
    0x08004fa0   0x08004fa0   0x0000008c   Code   RO         4366    i.SystemClock_Config  stm32l0xx_hw.o
    0x0800502c   0x0800502c   0x00000054   Code   RO          807    i.SystemInit        system_stm32l0xx.o
    0x08005080   0x08005080   0x0000000e   Code   RO         4706    i.TimerInit         timeserver.o
    0x0800508e   0x0800508e   0x00000002   PAD
    0x08005090   0x08005090   0x0000001c   Code   RO         4707    i.TimerInsertNewHeadTimer  timeserver.o
    0x080050ac   0x080050ac   0x00000078   Code   RO         4708    i.TimerIrqHandler   timeserver.o
    0x08005124   0x08005124   0x0000002c   Code   RO         4710    i.TimerSetTimeout   timeserver.o
    0x08005150   0x08005150   0x00000022   Code   RO         4711    i.TimerSetValue     timeserver.o
    0x08005172   0x08005172   0x00000002   PAD
    0x08005174   0x08005174   0x00000070   Code   RO         4712    i.TimerStart        timeserver.o
    0x080051e4   0x080051e4   0x00000060   Code   RO         4713    i.TimerStop         timeserver.o
    0x08005244   0x08005244   0x000000ca   Code   RO         1114    i.UART_AdvFeatureConfig  stm32l0xx_hal_uart.o
    0x0800530e   0x0800530e   0x00000002   PAD
    0x08005310   0x08005310   0x00000060   Code   RO         1115    i.UART_CheckIdleState  stm32l0xx_hal_uart.o
    0x08005370   0x08005370   0x0000004a   Code   RO         1117    i.UART_DMAError     stm32l0xx_hal_uart.o
    0x080053ba   0x080053ba   0x00000040   Code   RO         1118    i.UART_DMAReceiveCplt  stm32l0xx_hal_uart.o
    0x080053fa   0x080053fa   0x0000000a   Code   RO         1120    i.UART_DMARxHalfCplt  stm32l0xx_hal_uart.o
    0x08005404   0x08005404   0x0000001e   Code   RO         1126    i.UART_EndRxTransfer  stm32l0xx_hal_uart.o
    0x08005422   0x08005422   0x00000012   Code   RO         1127    i.UART_EndTxTransfer  stm32l0xx_hal_uart.o
    0x08005434   0x08005434   0x0000021c   Code   RO         1129    i.UART_SetConfig    stm32l0xx_hal_uart.o
    0x08005650   0x08005650   0x00000062   Code   RO         1131    i.UART_WaitOnFlagUntilTimeout  stm32l0xx_hal_uart.o
    0x080056b2   0x080056b2   0x00000008   Code   RO         4465    i.USART2_IRQHandler  stm32l0xx_it.o
    0x080056ba   0x080056ba   0x00000002   PAD
    0x080056bc   0x080056bc   0x00000020   Code   RO         5109    i.__0printf         mc_p.l(printfa.o)
    0x080056dc   0x080056dc   0x00000024   Code   RO         5115    i.__0vsprintf       mc_p.l(printfa.o)
    0x08005700   0x08005700   0x0000002e   Code   RO         5180    i.__ARM_clz         mf_p.l(depilogue.o)
    0x0800572e   0x0800572e   0x0000001a   Code   RO         1412    i.__ARM_common_switch8  stm32l0xx_hal_uart.o
    0x08005748   0x08005748   0x0000000e   Code   RO         5192    i.__scatterload_copy  mc_p.l(handlers.o)
    0x08005756   0x08005756   0x00000002   Code   RO         5193    i.__scatterload_null  mc_p.l(handlers.o)
    0x08005758   0x08005758   0x0000000e   Code   RO         5194    i.__scatterload_zeroinit  mc_p.l(handlers.o)
    0x08005766   0x08005766   0x00000002   PAD
    0x08005768   0x08005768   0x00000174   Code   RO         5116    i._fp_digits        mc_p.l(printfa.o)
    0x080058dc   0x080058dc   0x000006ec   Code   RO         5117    i._printf_core      mc_p.l(printfa.o)
    0x08005fc8   0x08005fc8   0x00000020   Code   RO         5118    i._printf_post_padding  mc_p.l(printfa.o)
    0x08005fe8   0x08005fe8   0x0000002c   Code   RO         5119    i._printf_pre_padding  mc_p.l(printfa.o)
    0x08006014   0x08006014   0x0000000a   Code   RO         5121    i._sputc            mc_p.l(printfa.o)
    0x0800601e   0x0800601e   0x00000002   PAD
    0x08006020   0x08006020   0x000000c8   Code   RO         4852    i.ceil              m_ps.l(ceil.o)
    0x080060e8   0x080060e8   0x000000c8   Code   RO         4856    i.floor             m_ps.l(floor.o)
    0x080061b0   0x080061b0   0x00000018   Code   RO         4187    i.fputc             main.o
    0x080061c8   0x080061c8   0x000001c0   Code   RO         4188    i.main              main.o
    0x08006388   0x08006388   0x00000016   Code   RO         4789    i.memcpy1           utilities.o
    0x0800639e   0x0800639e   0x00000002   PAD
    0x080063a0   0x080063a0   0x0000009c   Code   RO         4859    i.round             m_ps.l(round.o)
    0x0800643c   0x0800643c   0x00000054   Code   RO         4570    i.vcom_Print        vcom.o
    0x08006490   0x08006490   0x0000007c   Code   RO         4571    i.vcom_Send         vcom.o
    0x0800650c   0x0800650c   0x00000064   Data   RO          313    .constdata          sx1272mb2das.o
    0x08006570   0x08006570   0x000000e4   Data   RO          568    .constdata          sx1272.o
    0x08006654   0x08006654   0x00000019   Data   RO          808    .constdata          system_stm32l0xx.o
    0x0800666d   0x0800666d   0x00000008   Data   RO          809    .constdata          system_stm32l0xx.o
    0x08006675   0x08006675   0x00000018   Data   RO         4043    .constdata          hw_rtc.o
    0x0800668d   0x0800668d   0x00000003   PAD
    0x08006690   0x08006690   0x00000020   Data   RO         5190    Region$$Table       anon$$obj.o


    Execution Region RW_IRAM1 (Exec base: 0x20000000, Load base: 0x080066b0, Size: 0x00001640, Max: 0x00002000, ABSOLUTE)

    Exec Addr    Load Addr    Size         Type   Attr      Idx    E Section Name        Object

    0x20000000   0x080066b0   0x0000001c   Data   RW          569    .data               sx1272.o
    0x2000001c   0x080066cc   0x00000004   Data   RW          810    .data               system_stm32l0xx.o
    0x20000020   0x080066d0   0x00000004   Data   RW         1850    .data               stm32l0xx_hal.o
    0x20000024   0x080066d4   0x00000004   Data   RW         4044    .data               hw_rtc.o
    0x20000028   0x080066d8   0x00000044   Data   RW         4190    .data               main.o
    0x2000006c   0x0800671c   0x00000002   Data   RW         4368    .data               stm32l0xx_hw.o
    0x2000006e   0x0800671e   0x00000004   Data   RW         4574    .data               vcom.o
    0x20000072   0x08006722   0x00000002   PAD
    0x20000074   0x08006724   0x00000004   Data   RW         4668    .data               low_power.o
    0x20000078   0x08006728   0x00000004   Data   RW         4714    .data               timeserver.o
    0x2000007c   0x0800672c   0x00000004   Data   RW         5170    .data               mc_p.l(stdout.o)
    0x20000080        -       0x0000019c   Zero   RW          567    .bss                sx1272.o
    0x2000021c        -       0x00000040   Zero   RW         3980    .bss                hw_gpio.o
    0x2000025c        -       0x00000068   Zero   RW         4042    .bss                hw_rtc.o
    0x200002c4        -       0x00000058   Zero   RW         4147    .bss                hw_spi.o
    0x2000031c        -       0x000001b4   Zero   RW         4189    .bss                main.o
    0x200004d0        -       0x00000170   Zero   RW         4573    .bss                vcom.o
    0x20000640        -       0x00001000   Zero   RW         3939    STACK               startup_stm32l053xx.o


==============================================================================

Image component sizes


      Code (inc. data)   RO Data    RW Data    ZI Data      Debug   Object Name

        24         16          0          0          0        472   debug.o
         8          0          0          0          0       1174   delay.o
       226         26          0          0         64       3973   hw_gpio.o
       870         92         24          4        104      10696   hw_rtc.o
       252         28          0          0         88       2197   hw_spi.o
        60         14          0          4          0       2537   low_power.o
      1310        104          0         68        436      13870   main.o
        28          8        192          0       4096        668   startup_stm32l053xx.o
        60         18          0          4          0       3020   stm32l0xx_hal.o
       136         26          0          0          0      11808   stm32l0xx_hal_cortex.o
      1164         20          0          0          0       5134   stm32l0xx_hal_dma.o
       412         36          0          0          0       3379   stm32l0xx_hal_gpio.o
      2804         86          0          0          0      26244   stm32l0xx_hal_i2c.o
       284         20          0          0          0       4650   stm32l0xx_hal_msp.o
        16          4          0          0          0        601   stm32l0xx_hal_pwr.o
        32          8          0          0          0       1249   stm32l0xx_hal_pwr_ex.o
      1772        114          0          0          0       7264   stm32l0xx_hal_rcc.o
       828         52          0          0          0       3601   stm32l0xx_hal_rcc_ex.o
      1610         34          0          0          0      11334   stm32l0xx_hal_rtc.o
        62          0          0          0          0       1959   stm32l0xx_hal_rtc_ex.o
      1008          0          0          0          0       4715   stm32l0xx_hal_spi.o
      1634         86          0          0          0      12611   stm32l0xx_hal_uart.o
       316         36          0          2          0       4592   stm32l0xx_hw.o
       212         18          0          0          0       6123   stm32l0xx_it.o
         0          0          0          0          0     387236   stm32l0xx_nucleo.o
      4656        264        228         28        412      35837   sx1272.o
       354         22        100          0          0     360295   sx1272mb2das.o
        84         18         33          4          0       1755   system_stm32l0xx.o
       448         18          0          4          0       7051   timeserver.o
        22          0          0          0          0       1390   utilities.o
       208         22          0          4        368       3122   vcom.o

    ----------------------------------------------------------------------
     20934       1190        612        124       5568     940557   Object Totals
         0          0         32          0          0          0   (incl. Generated)
        34          0          3          2          0          0   (incl. Padding)

    ----------------------------------------------------------------------

      Code (inc. data)   RO Data    RW Data    ZI Data      Debug   Library Member Name

       200         20          0          0          0         76   ceil.o
       200         20          0          0          0         76   floor.o
       156         14          0          0          0         84   round.o
         0          0          0          0          0          0   entry.o
         0          0          0          0          0          0   entry10a.o
         0          0          0          0          0          0   entry11a.o
         8          4          0          0          0          0   entry2.o
         4          0          0          0          0          0   entry5.o
         0          0          0          0          0          0   entry7b.o
         0          0          0          0          0          0   entry8b.o
         8          4          0          0          0          0   entry9a.o
        30          0          0          0          0          0   handlers.o
        36          8          0          0          0         68   init.o
         0          0          0          0          0          0   iusefp.o
        32          0          0          0          0         68   llshl.o
        38          0          0          0          0         68   llsshr.o
        34          0          0          0          0         68   llushr.o
        36          0          0          0          0         60   memcpya.o
        36          0          0          0          0        100   memseta.o
      2298        104          0          0          0        544   printfa.o
         0          0          0          4          0          0   stdout.o
        44          0          0          0          0         72   uidiv.o
        96          0          0          0          0         84   uldiv.o
        40          2          0          0          0         68   cdcmple.o
        40          2          0          0          0         68   cdrcmple.o
       356          4          0          0          0        140   dadd.o
       240          6          0          0          0         84   ddiv.o
       236          0          0          0          0        216   depilogue.o
        60         10          0          0          0         68   dfixui.o
        64         10          0          0          0         68   dfixul.o
        40          6          0          0          0         68   dflti.o
        28          4          0          0          0         68   dfltui.o
       208          6          0          0          0         88   dmul.o
       124         10          0          0          0         76   drnd.o
        44          0          0          0          0         72   dscalb.o

    ----------------------------------------------------------------------
      4742        234          0          4          0       2452   Library Totals
         6          0          0          0          0          0   (incl. Padding)

    ----------------------------------------------------------------------

      Code (inc. data)   RO Data    RW Data    ZI Data      Debug   Library Name

       556         54          0          0          0        236   m_ps.l
      2700        120          0          4          0       1132   mc_p.l
      1480         60          0          0          0       1084   mf_p.l

    ----------------------------------------------------------------------
      4742        234          0          4          0       2452   Library Totals

    ----------------------------------------------------------------------

==============================================================================


      Code (inc. data)   RO Data    RW Data    ZI Data      Debug   

     25676       1424        612        128       5568     933201   Grand Totals
     25676       1424        612        128       5568     933201   ELF Image Totals
     25676       1424        612        128          0          0   ROM Totals

==============================================================================

    Total RO  Size (Code + RO Data)                26288 (  25.67kB)
    Total RW  Size (RW Data + ZI Data)              5696 (   5.56kB)
    Total ROM Size (Code + RO Data + RW Data)      26416 (  25.80kB)

==============================================================================

